[0.343s] Invoking command in '/root/Workspaces/rosgsthumble_ws/build/diagnostic_updater': /usr/local/bin/cmake /root/Workspaces/rosgsthumble_ws/src/diagnostics/diagnostic_updater -Wno-dev -DAMENT_CMAKE_SYMLINK_INSTALL=1 -DCMAKE_INSTALL_PREFIX=/root/Workspaces/rosgsthumble_ws/install/diagnostic_updater
[0.562s] -- Found ament_cmake: 1.3.5 (/opt/ros/humble/install/share/ament_cmake/cmake)
[2.142s] -- Override CMake install command with custom implementation using symlinks instead of copying resources
[2.212s] -- Found diagnostic_msgs: 4.2.3 (/opt/ros/humble/install/share/diagnostic_msgs/cmake)
[2.384s] -- Found rosidl_generator_c: 3.1.5 (/opt/ros/humble/install/share/rosidl_generator_c/cmake)
[2.406s] -- Found rosidl_adapter: 3.1.5 (/opt/ros/humble/install/share/rosidl_adapter/cmake)
[2.446s] -- Found rosidl_generator_cpp: 3.1.5 (/opt/ros/humble/install/share/rosidl_generator_cpp/cmake)
[2.530s] -- Using all available rosidl_typesupport_c: rosidl_typesupport_fastrtps_c;rosidl_typesupport_introspection_c
[2.722s] -- Using all available rosidl_typesupport_cpp: rosidl_typesupport_fastrtps_cpp;rosidl_typesupport_introspection_cpp
[3.564s] -- Found rclcpp: 16.0.5 (/opt/ros/humble/install/share/rclcpp/cmake)
[3.901s] -- Found rmw_implementation_cmake: 6.1.1 (/opt/ros/humble/install/share/rmw_implementation_cmake/cmake)
[3.914s] -- Found rmw_cyclonedds_cpp: 1.3.4 (/opt/ros/humble/install/share/rmw_cyclonedds_cpp/cmake)
[4.124s] -- Using RMW implementation 'rmw_cyclonedds_cpp' as default
[4.988s] -- Found rclpy: 3.3.9 (/opt/ros/humble/install/share/rclpy/cmake)
[5.017s] -- Found ament_lint_auto: 0.12.7 (/opt/ros/humble/install/share/ament_lint_auto/cmake)
[6.294s] -- Found gtest sources under '/opt/ros/humble/install/src/gtest_vendor': C++ tests using 'Google Test' will be built
[11.335s] -- Added test 'cppcheck' to perform static code analysis on C / C++ code
[11.339s] -- Configured cppcheck include dirs: $<BUILD_INTERFACE:/root/Workspaces/rosgsthumble_ws/src/diagnostics/diagnostic_updater/include>
[11.340s] -- Configured cppcheck exclude dirs and/or files: 
[11.351s] -- Added test 'cpplint' to check C / C++ code against the Google style
[11.354s] -- Configured cpplint exclude dirs and/or files: 
[11.360s] -- Added test 'lint_cmake' to check CMake code style
[11.364s] -- Added test 'pep257' to check Python code against some of the docstring style conventions in PEP 257
[11.375s] -- Added test 'uncrustify' to check C / C++ code style
[11.377s] -- Configured uncrustify additional arguments: 
[11.381s] -- Added test 'xmllint' to check XML markup files
[11.398s] -- Configuring done (10.9s)
[11.618s] -- Generating done (0.2s)
[11.635s] -- Build files have been written to: /root/Workspaces/rosgsthumble_ws/build/diagnostic_updater
[11.705s] Invoked command in '/root/Workspaces/rosgsthumble_ws/build/diagnostic_updater' returned '0': /usr/local/bin/cmake /root/Workspaces/rosgsthumble_ws/src/diagnostics/diagnostic_updater -Wno-dev -DAMENT_CMAKE_SYMLINK_INSTALL=1 -DCMAKE_INSTALL_PREFIX=/root/Workspaces/rosgsthumble_ws/install/diagnostic_updater
[11.710s] Invoking command in '/root/Workspaces/rosgsthumble_ws/build/diagnostic_updater': /usr/local/bin/cmake --build /root/Workspaces/rosgsthumble_ws/build/diagnostic_updater -- -j4 -l4
[12.105s] [ 20%] Built target example
[12.117s] [ 40%] Built target gtest
[12.126s] [ 40%] Built target ament_cmake_python_symlink_diagnostic_updater
[12.129s] [ 60%] Built target gtest_main
[12.242s] [ 70%] [32mBuilding CXX object CMakeFiles/diagnostic_updater_test.dir/test/diagnostic_updater_test.cpp.o[0m
[12.254s] [ 80%] [32mBuilding CXX object CMakeFiles/diagnostic_status_wrapper_test.dir/test/diagnostic_status_wrapper_test.cpp.o[0m
[15.107s] running egg_info
[15.109s] writing diagnostic_updater.egg-info/PKG-INFO
[15.113s] writing dependency_links to diagnostic_updater.egg-info/dependency_links.txt
[15.115s] writing top-level names to diagnostic_updater.egg-info/top_level.txt
[15.128s] reading manifest file 'diagnostic_updater.egg-info/SOURCES.txt'
[15.135s] writing manifest file 'diagnostic_updater.egg-info/SOURCES.txt'
[15.314s] [ 80%] Built target ament_cmake_python_build_diagnostic_updater_egg
[43.125s] [ 90%] [32m[1mLinking CXX executable diagnostic_status_wrapper_test[0m
[45.604s] [ 90%] Built target diagnostic_status_wrapper_test
[54.471s] [100%] [32m[1mLinking CXX executable diagnostic_updater_test[0m
[55.914s] [100%] Built target diagnostic_updater_test
