[0.046s] Invoking command in '/root/ROS2_WEBRTC/rosgsthumble_ws/build/gst_pipeline_plugins_webrtc': AMENT_PREFIX_PATH=/root/ROS2_WEBRTC/rosgsthumble_ws/install/gst_pipeline:/root/ROS2_WEBRTC/rosgsthumble_ws/install/gst_bridge:/root/ROS2_WEBRTC/rosgsthumble_ws/install/gst_msgs:/root/ROS2_WEBRTC/rosgsthumble_ws/install/audio_msgs:${AMENT_PREFIX_PATH} CMAKE_PREFIX_PATH=/root/ROS2_WEBRTC/rosgsthumble_ws/install/gst_pipeline:/root/ROS2_WEBRTC/rosgsthumble_ws/install/gst_bridge:/root/ROS2_WEBRTC/rosgsthumble_ws/install/gst_msgs:/root/ROS2_WEBRTC/rosgsthumble_ws/install/audio_msgs:/opt/ros/humble LD_LIBRARY_PATH=/root/ROS2_WEBRTC/rosgsthumble_ws/install/gst_pipeline/lib:/root/ROS2_WEBRTC/rosgsthumble_ws/install/gst_bridge/lib:/root/ROS2_WEBRTC/rosgsthumble_ws/install/gst_msgs/lib:/root/ROS2_WEBRTC/rosgsthumble_ws/install/audio_msgs/lib:${LD_LIBRARY_PATH} PYTHONPATH=/root/ROS2_WEBRTC/rosgsthumble_ws/install/gst_msgs/local/lib/python3.10/dist-packages:/root/ROS2_WEBRTC/rosgsthumble_ws/install/audio_msgs/local/lib/python3.10/dist-packages:${PYTHONPATH} /usr/bin/cmake /root/ROS2_WEBRTC/rosgsthumble_ws/src/ros-gst-bridge/gst_pipeline_plugins_webrtc -DAMENT_CMAKE_SYMLINK_INSTALL=1 -DCMAKE_INSTALL_PREFIX=/root/ROS2_WEBRTC/rosgsthumble_ws/install/gst_pipeline_plugins_webrtc
[1.244s] -- The C compiler identification is GNU 11.4.0
[1.794s] -- The CXX compiler identification is GNU 11.4.0
[1.801s] -- Detecting C compiler ABI info
[2.167s] -- Detecting C compiler ABI info - done
[2.172s] -- Check for working C compiler: /usr/bin/cc - skipped
[2.172s] -- Detecting C compile features
[2.173s] -- Detecting C compile features - done
[2.175s] -- Detecting CXX compiler ABI info
[2.243s] -- Detecting CXX compiler ABI info - done
[2.249s] -- Check for working CXX compiler: /usr/bin/c++ - skipped
[2.249s] -- Detecting CXX compile features
[2.249s] -- Detecting CXX compile features - done
[2.252s] -- Found ament_cmake: 1.3.12 (/opt/ros/humble/share/ament_cmake/cmake)
[2.380s] -- Found Python3: /usr/bin/python3 (found version "3.10.12") found components: Interpreter 
[2.436s] -- Override CMake install command with custom implementation using symlinks instead of copying resources
[2.470s] -- Found rclcpp: 16.0.15 (/opt/ros/humble/share/rclcpp/cmake)
[2.514s] -- Found rosidl_generator_c: 3.1.7 (/opt/ros/humble/share/rosidl_generator_c/cmake)
[2.520s] -- Found rosidl_adapter: 3.1.7 (/opt/ros/humble/share/rosidl_adapter/cmake)
[2.531s] -- Found rosidl_generator_cpp: 3.1.7 (/opt/ros/humble/share/rosidl_generator_cpp/cmake)
[2.542s] -- Using all available rosidl_typesupport_c: rosidl_typesupport_fastrtps_c;rosidl_typesupport_introspection_c
[2.559s] -- Using all available rosidl_typesupport_cpp: rosidl_typesupport_fastrtps_cpp;rosidl_typesupport_introspection_cpp
[2.602s] -- Found rmw_implementation_cmake: 6.1.2 (/opt/ros/humble/share/rmw_implementation_cmake/cmake)
[2.605s] -- Found rmw_fastrtps_cpp: 6.2.9 (/opt/ros/humble/share/rmw_fastrtps_cpp/cmake)
[2.691s] -- Found OpenSSL: /usr/lib/x86_64-linux-gnu/libcrypto.so (found version "3.0.2")  
[2.728s] -- Found FastRTPS: /opt/ros/humble/include  
[2.782s] -- Using RMW implementation 'rmw_fastrtps_cpp' as default
[2.794s] -- Looking for pthread.h
[2.914s] -- Looking for pthread.h - found
[2.914s] -- Performing Test CMAKE_HAVE_LIBC_PTHREAD
[2.982s] -- Performing Test CMAKE_HAVE_LIBC_PTHREAD - Success
[2.983s] -- Found Threads: TRUE  
[3.031s] -- Found rclcpp_components: 16.0.15 (/opt/ros/humble/share/rclcpp_components/cmake)
[3.059s] -- Found gst_bridge: 0.0.0 (/root/ROS2_WEBRTC/rosgsthumble_ws/install/gst_bridge/share/gst_bridge/cmake)
[3.099s] -- Found gst_pipeline: 0.0.0 (/root/ROS2_WEBRTC/rosgsthumble_ws/install/gst_pipeline/share/gst_pipeline/cmake)
[3.131s] -- Found PkgConfig: /usr/bin/pkg-config (found version "0.29.2") 
[3.131s] -- Checking for module 'gstreamer-1.0'
[3.150s] --   Found gstreamer-1.0, version 1.20.3
[3.187s] -- Checking for module 'gstreamer-sdp-1.0'
[3.201s] --   Found gstreamer-sdp-1.0, version 1.20.1
[3.241s] -- Checking for module 'gstreamer-webrtc-1.0'
[3.254s] --   Found gstreamer-webrtc-1.0, version 1.20.3
[3.294s] -- Checking for module 'libsoup-2.4'
[3.311s] --   Found libsoup-2.4, version 2.74.2
[3.355s] -- Checking for module 'json-glib-1.0'
[3.369s] --   Found json-glib-1.0, version 1.6.6
[3.406s] -- Found std_srvs: 4.9.0 (/opt/ros/humble/share/std_srvs/cmake)
[3.414s] -- Found gst_msgs: 0.0.0 (/root/ROS2_WEBRTC/rosgsthumble_ws/install/gst_msgs/share/gst_msgs/cmake)
[3.493s] -- Configuring done
[3.777s] -- Generating done
[3.786s] -- Build files have been written to: /root/ROS2_WEBRTC/rosgsthumble_ws/build/gst_pipeline_plugins_webrtc
[3.818s] Invoked command in '/root/ROS2_WEBRTC/rosgsthumble_ws/build/gst_pipeline_plugins_webrtc' returned '0': AMENT_PREFIX_PATH=/root/ROS2_WEBRTC/rosgsthumble_ws/install/gst_pipeline:/root/ROS2_WEBRTC/rosgsthumble_ws/install/gst_bridge:/root/ROS2_WEBRTC/rosgsthumble_ws/install/gst_msgs:/root/ROS2_WEBRTC/rosgsthumble_ws/install/audio_msgs:${AMENT_PREFIX_PATH} CMAKE_PREFIX_PATH=/root/ROS2_WEBRTC/rosgsthumble_ws/install/gst_pipeline:/root/ROS2_WEBRTC/rosgsthumble_ws/install/gst_bridge:/root/ROS2_WEBRTC/rosgsthumble_ws/install/gst_msgs:/root/ROS2_WEBRTC/rosgsthumble_ws/install/audio_msgs:/opt/ros/humble LD_LIBRARY_PATH=/root/ROS2_WEBRTC/rosgsthumble_ws/install/gst_pipeline/lib:/root/ROS2_WEBRTC/rosgsthumble_ws/install/gst_bridge/lib:/root/ROS2_WEBRTC/rosgsthumble_ws/install/gst_msgs/lib:/root/ROS2_WEBRTC/rosgsthumble_ws/install/audio_msgs/lib:${LD_LIBRARY_PATH} PYTHONPATH=/root/ROS2_WEBRTC/rosgsthumble_ws/install/gst_msgs/local/lib/python3.10/dist-packages:/root/ROS2_WEBRTC/rosgsthumble_ws/install/audio_msgs/local/lib/python3.10/dist-packages:${PYTHONPATH} /usr/bin/cmake /root/ROS2_WEBRTC/rosgsthumble_ws/src/ros-gst-bridge/gst_pipeline_plugins_webrtc -DAMENT_CMAKE_SYMLINK_INSTALL=1 -DCMAKE_INSTALL_PREFIX=/root/ROS2_WEBRTC/rosgsthumble_ws/install/gst_pipeline_plugins_webrtc
[3.820s] Invoking command in '/root/ROS2_WEBRTC/rosgsthumble_ws/build/gst_pipeline_plugins_webrtc': AMENT_PREFIX_PATH=/root/ROS2_WEBRTC/rosgsthumble_ws/install/gst_pipeline:/root/ROS2_WEBRTC/rosgsthumble_ws/install/gst_bridge:/root/ROS2_WEBRTC/rosgsthumble_ws/install/gst_msgs:/root/ROS2_WEBRTC/rosgsthumble_ws/install/audio_msgs:${AMENT_PREFIX_PATH} CMAKE_PREFIX_PATH=/root/ROS2_WEBRTC/rosgsthumble_ws/install/gst_pipeline:/root/ROS2_WEBRTC/rosgsthumble_ws/install/gst_bridge:/root/ROS2_WEBRTC/rosgsthumble_ws/install/gst_msgs:/root/ROS2_WEBRTC/rosgsthumble_ws/install/audio_msgs:/opt/ros/humble LD_LIBRARY_PATH=/root/ROS2_WEBRTC/rosgsthumble_ws/install/gst_pipeline/lib:/root/ROS2_WEBRTC/rosgsthumble_ws/install/gst_bridge/lib:/root/ROS2_WEBRTC/rosgsthumble_ws/install/gst_msgs/lib:/root/ROS2_WEBRTC/rosgsthumble_ws/install/audio_msgs/lib:${LD_LIBRARY_PATH} PYTHONPATH=/root/ROS2_WEBRTC/rosgsthumble_ws/install/gst_msgs/local/lib/python3.10/dist-packages:/root/ROS2_WEBRTC/rosgsthumble_ws/install/audio_msgs/local/lib/python3.10/dist-packages:${PYTHONPATH} /usr/bin/cmake --build /root/ROS2_WEBRTC/rosgsthumble_ws/build/gst_pipeline_plugins_webrtc -- -j12 -l12
[3.958s] [ 50%] [32mBuilding CXX object CMakeFiles/gst_pipeline_plugins_webrtc.dir/src/base.cpp.o[0m
[3.958s] [ 50%] [32mBuilding CXX object CMakeFiles/gst_pipeline_plugins_webrtc.dir/src/websockets.cpp.o[0m
[3.960s] [ 75%] [32mBuilding CXX object CMakeFiles/gst_pipeline_plugins_webrtc.dir/src/datachannel.cpp.o[0m
[17.663s] [100%] [32m[1mLinking CXX shared library libgst_pipeline_plugins_webrtc.so[0m
[18.509s] [100%] Built target gst_pipeline_plugins_webrtc
[18.521s] Invoked command in '/root/ROS2_WEBRTC/rosgsthumble_ws/build/gst_pipeline_plugins_webrtc' returned '0': AMENT_PREFIX_PATH=/root/ROS2_WEBRTC/rosgsthumble_ws/install/gst_pipeline:/root/ROS2_WEBRTC/rosgsthumble_ws/install/gst_bridge:/root/ROS2_WEBRTC/rosgsthumble_ws/install/gst_msgs:/root/ROS2_WEBRTC/rosgsthumble_ws/install/audio_msgs:${AMENT_PREFIX_PATH} CMAKE_PREFIX_PATH=/root/ROS2_WEBRTC/rosgsthumble_ws/install/gst_pipeline:/root/ROS2_WEBRTC/rosgsthumble_ws/install/gst_bridge:/root/ROS2_WEBRTC/rosgsthumble_ws/install/gst_msgs:/root/ROS2_WEBRTC/rosgsthumble_ws/install/audio_msgs:/opt/ros/humble LD_LIBRARY_PATH=/root/ROS2_WEBRTC/rosgsthumble_ws/install/gst_pipeline/lib:/root/ROS2_WEBRTC/rosgsthumble_ws/install/gst_bridge/lib:/root/ROS2_WEBRTC/rosgsthumble_ws/install/gst_msgs/lib:/root/ROS2_WEBRTC/rosgsthumble_ws/install/audio_msgs/lib:${LD_LIBRARY_PATH} PYTHONPATH=/root/ROS2_WEBRTC/rosgsthumble_ws/install/gst_msgs/local/lib/python3.10/dist-packages:/root/ROS2_WEBRTC/rosgsthumble_ws/install/audio_msgs/local/lib/python3.10/dist-packages:${PYTHONPATH} /usr/bin/cmake --build /root/ROS2_WEBRTC/rosgsthumble_ws/build/gst_pipeline_plugins_webrtc -- -j12 -l12
[18.522s] Invoking command in '/root/ROS2_WEBRTC/rosgsthumble_ws/build/gst_pipeline_plugins_webrtc': AMENT_PREFIX_PATH=/root/ROS2_WEBRTC/rosgsthumble_ws/install/gst_pipeline:/root/ROS2_WEBRTC/rosgsthumble_ws/install/gst_bridge:/root/ROS2_WEBRTC/rosgsthumble_ws/install/gst_msgs:/root/ROS2_WEBRTC/rosgsthumble_ws/install/audio_msgs:${AMENT_PREFIX_PATH} CMAKE_PREFIX_PATH=/root/ROS2_WEBRTC/rosgsthumble_ws/install/gst_pipeline:/root/ROS2_WEBRTC/rosgsthumble_ws/install/gst_bridge:/root/ROS2_WEBRTC/rosgsthumble_ws/install/gst_msgs:/root/ROS2_WEBRTC/rosgsthumble_ws/install/audio_msgs:/opt/ros/humble LD_LIBRARY_PATH=/root/ROS2_WEBRTC/rosgsthumble_ws/install/gst_pipeline/lib:/root/ROS2_WEBRTC/rosgsthumble_ws/install/gst_bridge/lib:/root/ROS2_WEBRTC/rosgsthumble_ws/install/gst_msgs/lib:/root/ROS2_WEBRTC/rosgsthumble_ws/install/audio_msgs/lib:${LD_LIBRARY_PATH} PYTHONPATH=/root/ROS2_WEBRTC/rosgsthumble_ws/install/gst_msgs/local/lib/python3.10/dist-packages:/root/ROS2_WEBRTC/rosgsthumble_ws/install/audio_msgs/local/lib/python3.10/dist-packages:${PYTHONPATH} /usr/bin/cmake --install /root/ROS2_WEBRTC/rosgsthumble_ws/build/gst_pipeline_plugins_webrtc
[18.530s] -- Install configuration: ""
[18.530s] -- Execute custom install script
[18.531s] -- Symlinking: /root/ROS2_WEBRTC/rosgsthumble_ws/install/gst_pipeline_plugins_webrtc/include/gst_pipeline_plugins_webrtc/base.h
[18.539s] -- Symlinking: /root/ROS2_WEBRTC/rosgsthumble_ws/install/gst_pipeline_plugins_webrtc/include/gst_pipeline_plugins_webrtc/datachannel.h
[18.549s] -- Symlinking: /root/ROS2_WEBRTC/rosgsthumble_ws/install/gst_pipeline_plugins_webrtc/include/gst_pipeline_plugins_webrtc/ros.h
[18.559s] -- Symlinking: /root/ROS2_WEBRTC/rosgsthumble_ws/install/gst_pipeline_plugins_webrtc/include/gst_pipeline_plugins_webrtc/websockets.h
[18.568s] -- Symlinking: /root/ROS2_WEBRTC/rosgsthumble_ws/install/gst_pipeline_plugins_webrtc/share/gst_pipeline_plugins_webrtc/config/dynamic_loop.config.yaml
[18.581s] -- Symlinking: /root/ROS2_WEBRTC/rosgsthumble_ws/install/gst_pipeline_plugins_webrtc/share/gst_pipeline_plugins_webrtc/config/peer_to_peer.config.yaml
[18.591s] -- Symlinking: /root/ROS2_WEBRTC/rosgsthumble_ws/install/gst_pipeline_plugins_webrtc/share/gst_pipeline_plugins_webrtc/config/websockets.config.yaml
[18.601s] -- Symlinking: /root/ROS2_WEBRTC/rosgsthumble_ws/install/gst_pipeline_plugins_webrtc/share/gst_pipeline_plugins_webrtc/config/websockets_and_datachannels.config.yaml
[18.610s] -- Symlinking: /root/ROS2_WEBRTC/rosgsthumble_ws/install/gst_pipeline_plugins_webrtc/share/gst_pipeline_plugins_webrtc/launch/dynamic_loop.launch.py
[18.620s] -- Symlinking: /root/ROS2_WEBRTC/rosgsthumble_ws/install/gst_pipeline_plugins_webrtc/share/gst_pipeline_plugins_webrtc/launch/peer_to_peer.launch.py
[18.628s] -- Symlinking: /root/ROS2_WEBRTC/rosgsthumble_ws/install/gst_pipeline_plugins_webrtc/share/gst_pipeline_plugins_webrtc/launch/websockets.launch.py
[18.637s] -- Symlinking: /root/ROS2_WEBRTC/rosgsthumble_ws/install/gst_pipeline_plugins_webrtc/share/gst_pipeline_plugins_webrtc/launch/websockets_and_datachannels.launch.py
[18.646s] -- Symlinking: /root/ROS2_WEBRTC/rosgsthumble_ws/install/gst_pipeline_plugins_webrtc/share/gst_pipeline_plugins_webrtc//plugins.xml
[18.655s] -- Symlinking: /root/ROS2_WEBRTC/rosgsthumble_ws/install/gst_pipeline_plugins_webrtc/share/gst_pipeline_plugins_webrtc//datachannel_plugins.xml
[18.663s] -- Symlinking: /root/ROS2_WEBRTC/rosgsthumble_ws/install/gst_pipeline_plugins_webrtc/share/gst_pipeline_plugins_webrtc/environment/library_path.sh
[18.672s] -- Symlinking: /root/ROS2_WEBRTC/rosgsthumble_ws/install/gst_pipeline_plugins_webrtc/share/gst_pipeline_plugins_webrtc/environment/library_path.dsv
[18.681s] -- Symlinking: /root/ROS2_WEBRTC/rosgsthumble_ws/install/gst_pipeline_plugins_webrtc/share/ament_index/resource_index/package_run_dependencies/gst_pipeline_plugins_webrtc
[18.690s] -- Symlinking: /root/ROS2_WEBRTC/rosgsthumble_ws/install/gst_pipeline_plugins_webrtc/share/ament_index/resource_index/parent_prefix_path/gst_pipeline_plugins_webrtc
[18.698s] -- Symlinking: /root/ROS2_WEBRTC/rosgsthumble_ws/install/gst_pipeline_plugins_webrtc/share/gst_pipeline_plugins_webrtc/environment/ament_prefix_path.sh
[18.706s] -- Symlinking: /root/ROS2_WEBRTC/rosgsthumble_ws/install/gst_pipeline_plugins_webrtc/share/gst_pipeline_plugins_webrtc/environment/ament_prefix_path.dsv
[18.714s] -- Symlinking: /root/ROS2_WEBRTC/rosgsthumble_ws/install/gst_pipeline_plugins_webrtc/share/gst_pipeline_plugins_webrtc/environment/path.sh
[18.723s] -- Symlinking: /root/ROS2_WEBRTC/rosgsthumble_ws/install/gst_pipeline_plugins_webrtc/share/gst_pipeline_plugins_webrtc/environment/path.dsv
[18.731s] -- Symlinking: /root/ROS2_WEBRTC/rosgsthumble_ws/install/gst_pipeline_plugins_webrtc/share/gst_pipeline_plugins_webrtc/local_setup.bash
[18.739s] -- Symlinking: /root/ROS2_WEBRTC/rosgsthumble_ws/install/gst_pipeline_plugins_webrtc/share/gst_pipeline_plugins_webrtc/local_setup.sh
[18.746s] -- Symlinking: /root/ROS2_WEBRTC/rosgsthumble_ws/install/gst_pipeline_plugins_webrtc/share/gst_pipeline_plugins_webrtc/local_setup.zsh
[18.754s] -- Symlinking: /root/ROS2_WEBRTC/rosgsthumble_ws/install/gst_pipeline_plugins_webrtc/share/gst_pipeline_plugins_webrtc/local_setup.dsv
[18.762s] -- Symlinking: /root/ROS2_WEBRTC/rosgsthumble_ws/install/gst_pipeline_plugins_webrtc/share/gst_pipeline_plugins_webrtc/package.dsv
[18.770s] -- Symlinking: /root/ROS2_WEBRTC/rosgsthumble_ws/install/gst_pipeline_plugins_webrtc/share/ament_index/resource_index/packages/gst_pipeline_plugins_webrtc
[18.778s] -- Symlinking: /root/ROS2_WEBRTC/rosgsthumble_ws/install/gst_pipeline_plugins_webrtc/share/ament_index/resource_index/gst_pipeline__pluginlib__plugin/gst_pipeline_plugins_webrtc
[18.792s] -- Symlinking: /root/ROS2_WEBRTC/rosgsthumble_ws/install/gst_pipeline_plugins_webrtc/share/ament_index/resource_index/gst_pipeline_plugins_webrtc__pluginlib__plugin/gst_pipeline_plugins_webrtc
[18.799s] -- Symlinking: /root/ROS2_WEBRTC/rosgsthumble_ws/install/gst_pipeline_plugins_webrtc/share/gst_pipeline_plugins_webrtc/cmake/ament_cmake_export_include_directories-extras.cmake
[18.807s] -- Symlinking: /root/ROS2_WEBRTC/rosgsthumble_ws/install/gst_pipeline_plugins_webrtc/share/gst_pipeline_plugins_webrtc/cmake/ament_cmake_export_libraries-extras.cmake
[18.815s] -- Symlinking: /root/ROS2_WEBRTC/rosgsthumble_ws/install/gst_pipeline_plugins_webrtc/share/gst_pipeline_plugins_webrtc/cmake/ament_cmake_export_targets-extras.cmake
[18.823s] -- Symlinking: /root/ROS2_WEBRTC/rosgsthumble_ws/install/gst_pipeline_plugins_webrtc/share/gst_pipeline_plugins_webrtc/cmake/ament_cmake_export_dependencies-extras.cmake
[18.830s] -- Symlinking: /root/ROS2_WEBRTC/rosgsthumble_ws/install/gst_pipeline_plugins_webrtc/share/gst_pipeline_plugins_webrtc/cmake/gst_pipeline_plugins_webrtcConfig.cmake
[18.837s] -- Symlinking: /root/ROS2_WEBRTC/rosgsthumble_ws/install/gst_pipeline_plugins_webrtc/share/gst_pipeline_plugins_webrtc/cmake/gst_pipeline_plugins_webrtcConfig-version.cmake
[18.845s] -- Symlinking: /root/ROS2_WEBRTC/rosgsthumble_ws/install/gst_pipeline_plugins_webrtc/share/gst_pipeline_plugins_webrtc/package.xml
[18.853s] -- Installing: /root/ROS2_WEBRTC/rosgsthumble_ws/install/gst_pipeline_plugins_webrtc/lib/libgst_pipeline_plugins_webrtc.so
[18.864s] -- Set runtime path of "/root/ROS2_WEBRTC/rosgsthumble_ws/install/gst_pipeline_plugins_webrtc/lib/libgst_pipeline_plugins_webrtc.so" to ""
[18.864s] -- Installing: /root/ROS2_WEBRTC/rosgsthumble_ws/install/gst_pipeline_plugins_webrtc/share/gst_pipeline_plugins_webrtc/cmake/export_gst_pipeline_plugins_webrtcExport.cmake
[18.864s] -- Installing: /root/ROS2_WEBRTC/rosgsthumble_ws/install/gst_pipeline_plugins_webrtc/share/gst_pipeline_plugins_webrtc/cmake/export_gst_pipeline_plugins_webrtcExport-noconfig.cmake
[18.866s] Invoked command in '/root/ROS2_WEBRTC/rosgsthumble_ws/build/gst_pipeline_plugins_webrtc' returned '0': AMENT_PREFIX_PATH=/root/ROS2_WEBRTC/rosgsthumble_ws/install/gst_pipeline:/root/ROS2_WEBRTC/rosgsthumble_ws/install/gst_bridge:/root/ROS2_WEBRTC/rosgsthumble_ws/install/gst_msgs:/root/ROS2_WEBRTC/rosgsthumble_ws/install/audio_msgs:${AMENT_PREFIX_PATH} CMAKE_PREFIX_PATH=/root/ROS2_WEBRTC/rosgsthumble_ws/install/gst_pipeline:/root/ROS2_WEBRTC/rosgsthumble_ws/install/gst_bridge:/root/ROS2_WEBRTC/rosgsthumble_ws/install/gst_msgs:/root/ROS2_WEBRTC/rosgsthumble_ws/install/audio_msgs:/opt/ros/humble LD_LIBRARY_PATH=/root/ROS2_WEBRTC/rosgsthumble_ws/install/gst_pipeline/lib:/root/ROS2_WEBRTC/rosgsthumble_ws/install/gst_bridge/lib:/root/ROS2_WEBRTC/rosgsthumble_ws/install/gst_msgs/lib:/root/ROS2_WEBRTC/rosgsthumble_ws/install/audio_msgs/lib:${LD_LIBRARY_PATH} PYTHONPATH=/root/ROS2_WEBRTC/rosgsthumble_ws/install/gst_msgs/local/lib/python3.10/dist-packages:/root/ROS2_WEBRTC/rosgsthumble_ws/install/audio_msgs/local/lib/python3.10/dist-packages:${PYTHONPATH} /usr/bin/cmake --install /root/ROS2_WEBRTC/rosgsthumble_ws/build/gst_pipeline_plugins_webrtc
