[0.206s] Invoking command in '/root/Workspaces/rosgsthumble_ws/build/image_geometry': /usr/local/bin/cmake /root/Workspaces/rosgsthumble_ws/src/vision_opencv/image_geometry -DAMENT_CMAKE_SYMLINK_INSTALL=1 -DCMAKE_INSTALL_PREFIX=/root/Workspaces/rosgsthumble_ws/install/image_geometry
[0.619s] -- The C compiler identification is GNU 7.5.0
[0.854s] -- The CXX compiler identification is GNU 7.5.0
[0.941s] -- Detecting C compiler ABI info
[1.215s] -- Detecting C compiler ABI info - done
[1.268s] -- Check for working C compiler: /usr/bin/cc - skipped
[1.269s] -- Detecting C compile features
[1.270s] -- Detecting C compile features - done
[1.337s] -- Detecting CXX compiler ABI info
[1.652s] -- Detecting CXX compiler ABI info - done
[1.711s] -- Check for working CXX compiler: /usr/bin/c++ - skipped
[1.714s] -- Detecting CXX compile features
[1.717s] -- Detecting CXX compile features - done
[1.741s] -- Found ament_cmake_python: 1.3.5 (/opt/ros/humble/install/share/ament_cmake_python/cmake)
[1.758s] -- Found ament_cmake_ros: 0.10.0 (/opt/ros/humble/install/share/ament_cmake_ros/cmake)
[7.622s] -- Found Python3: /usr/bin/python3.6 (found version "3.6.9") found components: Interpreter 
[8.120s] -- Override CMake install command with custom implementation using symlinks instead of copying resources
[9.069s] [33mCMake Warning (dev) at /usr/lib/cmake/opencv4/OpenCVConfig.cmake:86 (find_package):
[9.069s]   Policy CMP0146 is not set: The FindCUDA module is removed.  Run "cmake
[9.070s]   --help-policy CMP0146" for policy details.  Use the cmake_policy command to
[9.070s]   set the policy and suppress this warning.
[9.071s] 
[9.072s] Call Stack (most recent call first):
[9.073s]   /usr/lib/cmake/opencv4/OpenCVConfig.cmake:108 (find_host_package)
[9.073s]   CMakeLists.txt:18 (find_package)
[9.074s] This warning is for project developers.  Use -Wno-dev to suppress it.
[9.074s] [0m
[9.128s] -- Performing Test CMAKE_HAVE_LIBC_PTHREAD
[9.353s] -- Performing Test CMAKE_HAVE_LIBC_PTHREAD - Failed
[9.354s] -- Looking for pthread_create in pthreads
[9.538s] -- Looking for pthread_create in pthreads - not found
[9.539s] -- Looking for pthread_create in pthread
[9.751s] -- Looking for pthread_create in pthread - found
[9.755s] -- Found Threads: TRUE  
[9.826s] -- Found CUDA: /usr/local/cuda-10.2 (found suitable exact version "10.2") 
[9.867s] -- Found OpenCV: /usr (found version "4.5.0") found components: calib3d core highgui imgproc 
[9.880s] -- Found sensor_msgs: 4.2.3 (/opt/ros/humble/install/share/sensor_msgs/cmake)
[10.092s] -- Found rosidl_generator_c: 3.1.5 (/opt/ros/humble/install/share/rosidl_generator_c/cmake)
[10.137s] -- Found rosidl_adapter: 3.1.5 (/opt/ros/humble/install/share/rosidl_adapter/cmake)
[10.206s] -- Found rosidl_generator_cpp: 3.1.5 (/opt/ros/humble/install/share/rosidl_generator_cpp/cmake)
[10.310s] -- Using all available rosidl_typesupport_c: rosidl_typesupport_fastrtps_c;rosidl_typesupport_introspection_c
[10.464s] -- Using all available rosidl_typesupport_cpp: rosidl_typesupport_fastrtps_cpp;rosidl_typesupport_introspection_cpp
[11.881s] -- Found gtest sources under '/opt/ros/humble/install/src/gtest_vendor': C++ tests using 'Google Test' will be built
[11.891s] -- Check if compiler accepts -pthread
[12.117s] -- Check if compiler accepts -pthread - yes
[12.714s] -- Configuring done (12.3s)
[12.795s] -- Generating done (0.1s)
[12.805s] -- Build files have been written to: /root/Workspaces/rosgsthumble_ws/build/image_geometry
