[0.332s] Invoking command in '/root/Workspaces/rosgsthumble_ws/build/gst_pipeline': AMENT_PREFIX_PATH=/root/Workspaces/rosgsthumble_ws/install/gst_bridge:/root/Workspaces/rosgsthumble_ws/install/gst_msgs:/root/Workspaces/rosgsthumble_ws/install/cv_bridge:/root/Workspaces/rosgsthumble_ws/install/audio_msgs:${AMENT_PREFIX_PATH} CMAKE_PREFIX_PATH=/root/Workspaces/rosgsthumble_ws/install/gst_bridge:/root/Workspaces/rosgsthumble_ws/install/gst_msgs:/root/Workspaces/rosgsthumble_ws/install/cv_bridge:/root/Workspaces/rosgsthumble_ws/install/audio_msgs:${CMAKE_PREFIX_PATH} LD_LIBRARY_PATH=/root/Workspaces/rosgsthumble_ws/install/gst_bridge/lib:/root/Workspaces/rosgsthumble_ws/install/gst_msgs/lib:/root/Workspaces/rosgsthumble_ws/install/cv_bridge/lib:/root/Workspaces/rosgsthumble_ws/install/audio_msgs/lib:/root/Workspaces/rosgsthumble_ws/install/realsense2_camera/lib:/root/Workspaces/rosgsthumble_ws/install/realsense2_camera_msgs/lib:/root/Workspaces/rosgsthumble_ws/install/image_geometry/lib:/root/Workspaces/rosgsthumble_ws/install/gst_pipeline_plugins/lib:/root/Workspaces/rosgsthumble_ws/install/gst_pipeline/lib:/root/Workspaces/rosgsthumble_ws/install/diagnostic_updater/lib:/opt/ros/humble/install/opt/rviz_ogre_vendor/lib:/opt/ros/humble/install/lib:/usr/local/cuda-10.2/targets/aarch64-linux/lib PYTHONPATH=/root/Workspaces/rosgsthumble_ws/install/gst_msgs/lib/python3.6/site-packages:/root/Workspaces/rosgsthumble_ws/install/cv_bridge/lib/python3.6/site-packages:/root/Workspaces/rosgsthumble_ws/install/audio_msgs/lib/python3.6/site-packages:/root/Workspaces/rosgsthumble_ws/install/xacro/lib/python3.6/site-packages:/root/Workspaces/rosgsthumble_ws/install/realsense2_camera_msgs/lib/python3.6/site-packages:/root/Workspaces/rosgsthumble_ws/install/image_geometry/lib/python3.6/site-packages:/root/Workspaces/rosgsthumble_ws/install/diagnostic_common_diagnostics/lib/python3.6/site-packages:/root/Workspaces/rosgsthumble_ws/install/diagnostic_updater/lib/python3.6/site-packages:/opt/ros/humble/install/lib/python3.6/site-packages /usr/local/bin/cmake /root/Workspaces/rosgsthumble_ws/src/ros-gst-bridge/gst_pipeline -Wno-dev -DAMENT_CMAKE_SYMLINK_INSTALL=1 -DCMAKE_INSTALL_PREFIX=/root/Workspaces/rosgsthumble_ws/install/gst_pipeline
[1.021s] -- The C compiler identification is GNU 7.5.0
[1.295s] -- The CXX compiler identification is GNU 7.5.0
[1.396s] -- Detecting C compiler ABI info
[1.657s] -- Detecting C compiler ABI info - done
[1.704s] -- Check for working C compiler: /usr/bin/cc - skipped
[1.711s] -- Detecting C compile features
[1.713s] -- Detecting C compile features - done
[1.760s] -- Detecting CXX compiler ABI info
[2.048s] -- Detecting CXX compiler ABI info - done
[2.103s] -- Check for working CXX compiler: /usr/bin/c++ - skipped
[2.105s] -- Detecting CXX compile features
[2.108s] -- Detecting CXX compile features - done
[2.194s] -- Found ament_cmake: 1.3.5 (/opt/ros/humble/install/share/ament_cmake/cmake)
[8.255s] -- Found Python3: /usr/bin/python3.6 (found version "3.6.9") found components: Interpreter 
[8.795s] -- Override CMake install command with custom implementation using symlinks instead of copying resources
[8.991s] -- Found rclcpp: 16.0.5 (/opt/ros/humble/install/share/rclcpp/cmake)
[9.297s] -- Found rosidl_generator_c: 3.1.5 (/opt/ros/humble/install/share/rosidl_generator_c/cmake)
[9.337s] -- Found rosidl_adapter: 3.1.5 (/opt/ros/humble/install/share/rosidl_adapter/cmake)
[9.400s] -- Found rosidl_generator_cpp: 3.1.5 (/opt/ros/humble/install/share/rosidl_generator_cpp/cmake)
[9.508s] -- Using all available rosidl_typesupport_c: rosidl_typesupport_fastrtps_c;rosidl_typesupport_introspection_c
[9.661s] -- Using all available rosidl_typesupport_cpp: rosidl_typesupport_fastrtps_cpp;rosidl_typesupport_introspection_cpp
[10.172s] -- Found rmw_implementation_cmake: 6.1.1 (/opt/ros/humble/install/share/rmw_implementation_cmake/cmake)
[10.192s] -- Found rmw_cyclonedds_cpp: 1.3.4 (/opt/ros/humble/install/share/rmw_cyclonedds_cpp/cmake)
[10.436s] -- Using RMW implementation 'rmw_cyclonedds_cpp' as default
[10.493s] -- Performing Test CMAKE_HAVE_LIBC_PTHREAD
[10.746s] -- Performing Test CMAKE_HAVE_LIBC_PTHREAD - Failed
[10.749s] -- Looking for pthread_create in pthreads
[10.964s] -- Looking for pthread_create in pthreads - not found
[10.965s] -- Looking for pthread_create in pthread
[11.211s] -- Looking for pthread_create in pthread - found
[11.218s] -- Found Threads: TRUE  
[12.285s] -- Found rclcpp_components: 16.0.5 (/opt/ros/humble/install/share/rclcpp_components/cmake)
[12.761s] -- Found gst_bridge: 0.0.0 (/root/Workspaces/rosgsthumble_ws/install/gst_bridge/share/gst_bridge/cmake)
[14.143s] -- Found image_transport: 3.1.6 (/opt/ros/humble/install/share/image_transport/cmake)
[14.440s] -- Found cv_bridge: 3.2.1 (/root/Workspaces/rosgsthumble_ws/install/cv_bridge/share/cv_bridge/cmake)
[14.605s] -- Found CUDA: /usr/local/cuda-10.2 (found suitable exact version "10.2") 
[14.810s] -- Found TinyXML2: /usr/lib/aarch64-linux-gnu/libtinyxml2.so  
[14.826s] -- Found PkgConfig: /usr/bin/pkg-config (found version "0.29.1") 
[14.830s] -- Checking for module 'gstreamer-1.0'
[14.907s] --   Found gstreamer-1.0, version 1.14.5
[15.109s] -- Found std_srvs: 4.2.3 (/opt/ros/humble/install/share/std_srvs/cmake)
[15.250s] -- Found gst_msgs: 0.0.0 (/root/Workspaces/rosgsthumble_ws/install/gst_msgs/share/gst_msgs/cmake)
[15.779s] [31mCMake Error at CMakeLists.txt:81 (find_package):
[15.781s]   By not providing "Findament_cmake_clang_format.cmake" in CMAKE_MODULE_PATH
[15.781s]   this project has asked CMake to find a package configuration file provided
[15.783s]   by "ament_cmake_clang_format", but CMake did not find one.
[15.784s] 
[15.784s]   Could not find a package configuration file provided by
[15.785s]   "ament_cmake_clang_format" with any of the following names:
[15.786s] 
[15.787s]     ament_cmake_clang_formatConfig.cmake
[15.788s]     ament_cmake_clang_format-config.cmake
[15.789s] 
[15.790s]   Add the installation prefix of "ament_cmake_clang_format" to
[15.793s]   CMAKE_PREFIX_PATH or set "ament_cmake_clang_format_DIR" to a directory
[15.800s]   containing one of the above files.  If "ament_cmake_clang_format" provides
[15.801s]   a separate development package or SDK, be sure it has been installed.
[15.802s] 
[15.804s] [0m
[15.805s] -- Configuring incomplete, errors occurred!
[15.848s] Invoked command in '/root/Workspaces/rosgsthumble_ws/build/gst_pipeline' returned '1': AMENT_PREFIX_PATH=/root/Workspaces/rosgsthumble_ws/install/gst_bridge:/root/Workspaces/rosgsthumble_ws/install/gst_msgs:/root/Workspaces/rosgsthumble_ws/install/cv_bridge:/root/Workspaces/rosgsthumble_ws/install/audio_msgs:${AMENT_PREFIX_PATH} CMAKE_PREFIX_PATH=/root/Workspaces/rosgsthumble_ws/install/gst_bridge:/root/Workspaces/rosgsthumble_ws/install/gst_msgs:/root/Workspaces/rosgsthumble_ws/install/cv_bridge:/root/Workspaces/rosgsthumble_ws/install/audio_msgs:${CMAKE_PREFIX_PATH} LD_LIBRARY_PATH=/root/Workspaces/rosgsthumble_ws/install/gst_bridge/lib:/root/Workspaces/rosgsthumble_ws/install/gst_msgs/lib:/root/Workspaces/rosgsthumble_ws/install/cv_bridge/lib:/root/Workspaces/rosgsthumble_ws/install/audio_msgs/lib:/root/Workspaces/rosgsthumble_ws/install/realsense2_camera/lib:/root/Workspaces/rosgsthumble_ws/install/realsense2_camera_msgs/lib:/root/Workspaces/rosgsthumble_ws/install/image_geometry/lib:/root/Workspaces/rosgsthumble_ws/install/gst_pipeline_plugins/lib:/root/Workspaces/rosgsthumble_ws/install/gst_pipeline/lib:/root/Workspaces/rosgsthumble_ws/install/diagnostic_updater/lib:/opt/ros/humble/install/opt/rviz_ogre_vendor/lib:/opt/ros/humble/install/lib:/usr/local/cuda-10.2/targets/aarch64-linux/lib PYTHONPATH=/root/Workspaces/rosgsthumble_ws/install/gst_msgs/lib/python3.6/site-packages:/root/Workspaces/rosgsthumble_ws/install/cv_bridge/lib/python3.6/site-packages:/root/Workspaces/rosgsthumble_ws/install/audio_msgs/lib/python3.6/site-packages:/root/Workspaces/rosgsthumble_ws/install/xacro/lib/python3.6/site-packages:/root/Workspaces/rosgsthumble_ws/install/realsense2_camera_msgs/lib/python3.6/site-packages:/root/Workspaces/rosgsthumble_ws/install/image_geometry/lib/python3.6/site-packages:/root/Workspaces/rosgsthumble_ws/install/diagnostic_common_diagnostics/lib/python3.6/site-packages:/root/Workspaces/rosgsthumble_ws/install/diagnostic_updater/lib/python3.6/site-packages:/opt/ros/humble/install/lib/python3.6/site-packages /usr/local/bin/cmake /root/Workspaces/rosgsthumble_ws/src/ros-gst-bridge/gst_pipeline -Wno-dev -DAMENT_CMAKE_SYMLINK_INSTALL=1 -DCMAKE_INSTALL_PREFIX=/root/Workspaces/rosgsthumble_ws/install/gst_pipeline
