Built target ament_cmake_python_symlink_xacro
Built target ament_cmake_python_symlink_xacro_setup
running egg_info
creating xacro.egg-info
writing xacro.egg-info/PKG-INFO
writing dependency_links to xacro.egg-info/dependency_links.txt
writing entry points to xacro.egg-info/entry_points.txt
writing top-level names to xacro.egg-info/top_level.txt
writing manifest file 'xacro.egg-info/SOURCES.txt'
reading manifest file 'xacro.egg-info/SOURCES.txt'
writing manifest file 'xacro.egg-info/SOURCES.txt'
Built target ament_cmake_python_build_xacro_egg
running install_scripts
/usr/local/lib/python3.6/dist-packages/setuptools/command/install.py:37: SetuptoolsDeprecationWarning: setup.py install is deprecated. Use build and pip and other standards-based tools.
  setuptools.SetuptoolsDeprecationWarning,
running egg_info
writing xacro.egg-info/PKG-INFO
writing dependency_links to xacro.egg-info/dependency_links.txt
writing entry points to xacro.egg-info/entry_points.txt
writing top-level names to xacro.egg-info/top_level.txt
reading manifest file 'xacro.egg-info/SOURCES.txt'
writing manifest file 'xacro.egg-info/SOURCES.txt'
Installing xacro script to scripts
Built target ament_cmake_python_build_xacro_scripts
-- Install configuration: ""
-- Execute custom install script
-- Symlinking: /root/Workspaces/rosgsthumble_ws/install/xacro/share/xacro/environment/completion.bash
-- Symlinking: /root/Workspaces/rosgsthumble_ws/install/xacro/share/xacro/environment/pythonpath.sh
-- Symlinking: /root/Workspaces/rosgsthumble_ws/install/xacro/share/xacro/environment/pythonpath.dsv
-- Symlinking: /root/Workspaces/rosgsthumble_ws/install/xacro/lib/python3.6/site-packages/xacro-2.1.1-py3.6.egg-info/PKG-INFO
-- Symlinking: /root/Workspaces/rosgsthumble_ws/install/xacro/lib/python3.6/site-packages/xacro-2.1.1-py3.6.egg-info/SOURCES.txt
-- Symlinking: /root/Workspaces/rosgsthumble_ws/install/xacro/lib/python3.6/site-packages/xacro-2.1.1-py3.6.egg-info/dependency_links.txt
-- Symlinking: /root/Workspaces/rosgsthumble_ws/install/xacro/lib/python3.6/site-packages/xacro-2.1.1-py3.6.egg-info/entry_points.txt
-- Symlinking: /root/Workspaces/rosgsthumble_ws/install/xacro/lib/python3.6/site-packages/xacro-2.1.1-py3.6.egg-info/top_level.txt
-- Symlinking: /root/Workspaces/rosgsthumble_ws/install/xacro/lib/xacro//xacro
-- Symlinking: /root/Workspaces/rosgsthumble_ws/install/xacro/lib/python3.6/site-packages/xacro/__init__.py
-- Symlinking: /root/Workspaces/rosgsthumble_ws/install/xacro/lib/python3.6/site-packages/xacro/cli.py
-- Symlinking: /root/Workspaces/rosgsthumble_ws/install/xacro/lib/python3.6/site-packages/xacro/color.py
-- Symlinking: /root/Workspaces/rosgsthumble_ws/install/xacro/lib/python3.6/site-packages/xacro/substitution_args.py
-- Symlinking: /root/Workspaces/rosgsthumble_ws/install/xacro/lib/python3.6/site-packages/xacro/xmlutils.py
-- Symlinking: /root/Workspaces/rosgsthumble_ws/install/xacro/share/ament_index/resource_index/package_run_dependencies/xacro
-- Symlinking: /root/Workspaces/rosgsthumble_ws/install/xacro/share/ament_index/resource_index/parent_prefix_path/xacro
-- Symlinking: /root/Workspaces/rosgsthumble_ws/install/xacro/share/xacro/environment/ament_prefix_path.sh
-- Symlinking: /root/Workspaces/rosgsthumble_ws/install/xacro/share/xacro/environment/ament_prefix_path.dsv
-- Symlinking: /root/Workspaces/rosgsthumble_ws/install/xacro/share/xacro/environment/path.sh
-- Symlinking: /root/Workspaces/rosgsthumble_ws/install/xacro/share/xacro/environment/path.dsv
-- Symlinking: /root/Workspaces/rosgsthumble_ws/install/xacro/share/xacro/local_setup.bash
-- Symlinking: /root/Workspaces/rosgsthumble_ws/install/xacro/share/xacro/local_setup.sh
-- Symlinking: /root/Workspaces/rosgsthumble_ws/install/xacro/share/xacro/local_setup.zsh
-- Symlinking: /root/Workspaces/rosgsthumble_ws/install/xacro/share/xacro/local_setup.dsv
-- Symlinking: /root/Workspaces/rosgsthumble_ws/install/xacro/share/xacro/package.dsv
-- Symlinking: /root/Workspaces/rosgsthumble_ws/install/xacro/share/ament_index/resource_index/packages/xacro
-- Symlinking: /root/Workspaces/rosgsthumble_ws/install/xacro/share/xacro/cmake/xacro-extras.cmake
-- Symlinking: /root/Workspaces/rosgsthumble_ws/install/xacro/share/xacro/cmake/xacroConfig.cmake
-- Symlinking: /root/Workspaces/rosgsthumble_ws/install/xacro/share/xacro/cmake/xacroConfig-version.cmake
-- Symlinking: /root/Workspaces/rosgsthumble_ws/install/xacro/share/xacro/package.xml
Listing '/root/Workspaces/rosgsthumble_ws/install/xacro/lib/python3.6/site-packages/xacro'...
Compiling '/root/Workspaces/rosgsthumble_ws/install/xacro/lib/python3.6/site-packages/xacro/__init__.py'...
Compiling '/root/Workspaces/rosgsthumble_ws/install/xacro/lib/python3.6/site-packages/xacro/cli.py'...
Compiling '/root/Workspaces/rosgsthumble_ws/install/xacro/lib/python3.6/site-packages/xacro/color.py'...
Compiling '/root/Workspaces/rosgsthumble_ws/install/xacro/lib/python3.6/site-packages/xacro/substitution_args.py'...
Compiling '/root/Workspaces/rosgsthumble_ws/install/xacro/lib/python3.6/site-packages/xacro/xmlutils.py'...
-- Installing: /root/Workspaces/rosgsthumble_ws/install/xacro/bin/
-- Installing: /root/Workspaces/rosgsthumble_ws/install/xacro/bin//xacro
