[0.499s] Invoking command in '/root/Workspaces/rosgsthumble_ws/build/image_geometry': /usr/local/bin/cmake --build /root/Workspaces/rosgsthumble_ws/build/image_geometry -- -j4 -l4
[0.840s] [ 11%] [32mBuilding CXX object gtest/CMakeFiles/gtest.dir/src/gtest-all.cc.o[0m
[0.936s] [ 22%] Built target ament_cmake_python_symlink_image_geometry
[0.938s] [ 22%] [32mBuilding CXX object gtest/CMakeFiles/gtest_main.dir/src/gtest_main.cc.o[0m
[0.979s] [ 33%] [32mBuilding CXX object CMakeFiles/image_geometry.dir/src/pinhole_camera_model.cpp.o[0m
[5.123s] running egg_info
[5.123s] creating image_geometry.egg-info
[5.124s] writing image_geometry.egg-info/PKG-INFO
[5.178s] writing dependency_links to image_geometry.egg-info/dependency_links.txt
[5.178s] writing top-level names to image_geometry.egg-info/top_level.txt
[5.179s] writing manifest file 'image_geometry.egg-info/SOURCES.txt'
[5.183s] reading manifest file 'image_geometry.egg-info/SOURCES.txt'
[5.195s] writing manifest file 'image_geometry.egg-info/SOURCES.txt'
[5.515s] [ 33%] Built target ament_cmake_python_build_image_geometry_egg
[5.592s] [ 44%] [32mBuilding CXX object CMakeFiles/image_geometry.dir/src/stereo_camera_model.cpp.o[0m
[6.779s] [ 55%] [32m[1mLinking CXX static library libgtest_main.a[0m
[7.032s] [ 55%] Built target gtest_main
[16.184s] [ 66%] [32m[1mLinking CXX shared library libimage_geometry.so[0m
[16.932s] [ 66%] Built target image_geometry
[21.999s] [ 77%] [32m[1mLinking CXX static library libgtest.a[0m
[22.424s] [ 77%] Built target gtest
[22.578s] [ 88%] [32mBuilding CXX object CMakeFiles/image_geometry-utest.dir/test/utest.cpp.o[0m
[30.276s] [100%] [32m[1mLinking CXX executable image_geometry-utest[0m
[31.080s] [100%] Built target image_geometry-utest
