[0.517s] Invoking command in '/root/Workspaces/rosgsthumble_ws/build/diagnostic_common_diagnostics': AMENT_PREFIX_PATH=/root/Workspaces/rosgsthumble_ws/install/diagnostic_updater:${AMENT_PREFIX_PATH} CMAKE_PREFIX_PATH=/root/Workspaces/rosgsthumble_ws/install/diagnostic_updater:${CMAKE_PREFIX_PATH} PYTHONPATH=/root/Workspaces/rosgsthumble_ws/install/diagnostic_updater/lib/python3.6/site-packages:/root/Workspaces/rosgsthumble_ws/install/xacro/lib/python3.6/site-packages:/root/Workspaces/rosgsthumble_ws/install/realsense2_camera_msgs/lib/python3.6/site-packages:/root/Workspaces/rosgsthumble_ws/install/image_geometry/lib/python3.6/site-packages:/root/Workspaces/rosgsthumble_ws/install/gst_msgs/lib/python3.6/site-packages:/root/Workspaces/rosgsthumble_ws/install/diagnostic_common_diagnostics/lib/python3.6/site-packages:/root/Workspaces/rosgsthumble_ws/install/cv_bridge/lib/python3.6/site-packages:/root/Workspaces/rosgsthumble_ws/install/audio_msgs/lib/python3.6/site-packages:/opt/ros/humble/install/lib/python3.6/site-packages /usr/local/bin/cmake /root/Workspaces/rosgsthumble_ws/src/diagnostics/diagnostic_common_diagnostics -Wno-dev -DAMENT_CMAKE_SYMLINK_INSTALL=1 -DCMAKE_INSTALL_PREFIX=/root/Workspaces/rosgsthumble_ws/install/diagnostic_common_diagnostics
[1.153s] -- The C compiler identification is GNU 7.5.0
[1.390s] -- The CXX compiler identification is GNU 7.5.0
[1.472s] -- Detecting C compiler ABI info
[1.696s] -- Detecting C compiler ABI info - done
[1.747s] -- Check for working C compiler: /usr/bin/cc - skipped
[1.748s] -- Detecting C compile features
[1.749s] -- Detecting C compile features - done
[1.793s] -- Detecting CXX compiler ABI info
[2.045s] -- Detecting CXX compiler ABI info - done
[2.095s] -- Check for working CXX compiler: /usr/bin/c++ - skipped
[2.097s] -- Detecting CXX compile features
[2.100s] -- Detecting CXX compile features - done
[2.128s] -- Found ament_cmake: 1.3.5 (/opt/ros/humble/install/share/ament_cmake/cmake)
[3.012s] -- Found Python3: /usr/bin/python3.6 (found version "3.6.9") found components: Interpreter 
[3.477s] -- Override CMake install command with custom implementation using symlinks instead of copying resources
[4.297s] -- Found ament_lint_auto: 0.12.7 (/opt/ros/humble/install/share/ament_lint_auto/cmake)
[4.312s] -- Found launch_testing_ament_cmake: 1.0.4 (/opt/ros/humble/install/share/launch_testing_ament_cmake/cmake)
[4.323s] -- Found python_cmake_module: 0.10.0 (/opt/ros/humble/install/share/python_cmake_module/cmake)
[4.440s] -- Found PythonInterp: /usr/bin/python3.6 (found suitable version "3.6.9", minimum required is "3.6") 
[4.495s] -- Found PythonLibs: /usr/lib/aarch64-linux-gnu/libpython3.6m.so (found suitable version "3.6.9", minimum required is "3.5") 
[4.497s] -- Using PYTHON_EXECUTABLE: /usr/bin/python3.6
[4.499s] -- Using PYTHON_INCLUDE_DIRS: /usr/include/python3.6m
[4.501s] -- Using PYTHON_LIBRARIES: /usr/lib/aarch64-linux-gnu/libpython3.6m.so
[4.613s] -- Found PythonExtra: .so  
[7.294s] -- Added test 'xmllint' to check XML markup files
[7.299s] -- Added test 'lint_cmake' to check CMake code style
[7.306s] -- Configuring done (6.6s)
[7.325s] -- Generating done (0.0s)
[7.330s] -- Build files have been written to: /root/Workspaces/rosgsthumble_ws/build/diagnostic_common_diagnostics
