[0.224s] Invoking command in '/root/Workspaces/rosgsthumble_ws/build/diagnostic_common_diagnostics': AMENT_PREFIX_PATH=/root/Workspaces/rosgsthumble_ws/install/diagnostic_updater:${AMENT_PREFIX_PATH} CMAKE_PREFIX_PATH=/root/Workspaces/rosgsthumble_ws/install/diagnostic_updater:${CMAKE_PREFIX_PATH} PYTHONPATH=/root/Workspaces/rosgsthumble_ws/install/diagnostic_updater/lib/python3.6/site-packages:/root/Workspaces/rosgsthumble_ws/install/xacro/lib/python3.6/site-packages:/root/Workspaces/rosgsthumble_ws/install/realsense2_camera_msgs/lib/python3.6/site-packages:/root/Workspaces/rosgsthumble_ws/install/image_geometry/lib/python3.6/site-packages:/root/Workspaces/rosgsthumble_ws/install/gst_msgs/lib/python3.6/site-packages:/root/Workspaces/rosgsthumble_ws/install/diagnostic_common_diagnostics/lib/python3.6/site-packages:/root/Workspaces/rosgsthumble_ws/install/cv_bridge/lib/python3.6/site-packages:/root/Workspaces/rosgsthumble_ws/install/audio_msgs/lib/python3.6/site-packages:/opt/ros/humble/install/lib/python3.6/site-packages /usr/local/bin/cmake --build /root/Workspaces/rosgsthumble_ws/build/diagnostic_common_diagnostics -- -j4 -l4
[1.042s] Built target ament_cmake_python_symlink_diagnostic_common_diagnostics
[2.935s] running egg_info
[2.945s] writing diagnostic_common_diagnostics.egg-info/PKG-INFO
[2.955s] writing dependency_links to diagnostic_common_diagnostics.egg-info/dependency_links.txt
[2.979s] writing top-level names to diagnostic_common_diagnostics.egg-info/top_level.txt
[3.002s] reading manifest file 'diagnostic_common_diagnostics.egg-info/SOURCES.txt'
[3.009s] writing manifest file 'diagnostic_common_diagnostics.egg-info/SOURCES.txt'
[3.110s] Built target ament_cmake_python_build_diagnostic_common_diagnostics_egg
[3.529s] Invoked command in '/root/Workspaces/rosgsthumble_ws/build/diagnostic_common_diagnostics' returned '0': AMENT_PREFIX_PATH=/root/Workspaces/rosgsthumble_ws/install/diagnostic_updater:${AMENT_PREFIX_PATH} CMAKE_PREFIX_PATH=/root/Workspaces/rosgsthumble_ws/install/diagnostic_updater:${CMAKE_PREFIX_PATH} PYTHONPATH=/root/Workspaces/rosgsthumble_ws/install/diagnostic_updater/lib/python3.6/site-packages:/root/Workspaces/rosgsthumble_ws/install/xacro/lib/python3.6/site-packages:/root/Workspaces/rosgsthumble_ws/install/realsense2_camera_msgs/lib/python3.6/site-packages:/root/Workspaces/rosgsthumble_ws/install/image_geometry/lib/python3.6/site-packages:/root/Workspaces/rosgsthumble_ws/install/gst_msgs/lib/python3.6/site-packages:/root/Workspaces/rosgsthumble_ws/install/diagnostic_common_diagnostics/lib/python3.6/site-packages:/root/Workspaces/rosgsthumble_ws/install/cv_bridge/lib/python3.6/site-packages:/root/Workspaces/rosgsthumble_ws/install/audio_msgs/lib/python3.6/site-packages:/opt/ros/humble/install/lib/python3.6/site-packages /usr/local/bin/cmake --build /root/Workspaces/rosgsthumble_ws/build/diagnostic_common_diagnostics -- -j4 -l4
[4.422s] Invoking command in '/root/Workspaces/rosgsthumble_ws/build/diagnostic_common_diagnostics': AMENT_PREFIX_PATH=/root/Workspaces/rosgsthumble_ws/install/diagnostic_updater:${AMENT_PREFIX_PATH} CMAKE_PREFIX_PATH=/root/Workspaces/rosgsthumble_ws/install/diagnostic_updater:${CMAKE_PREFIX_PATH} PYTHONPATH=/root/Workspaces/rosgsthumble_ws/install/diagnostic_updater/lib/python3.6/site-packages:/root/Workspaces/rosgsthumble_ws/install/xacro/lib/python3.6/site-packages:/root/Workspaces/rosgsthumble_ws/install/realsense2_camera_msgs/lib/python3.6/site-packages:/root/Workspaces/rosgsthumble_ws/install/image_geometry/lib/python3.6/site-packages:/root/Workspaces/rosgsthumble_ws/install/gst_msgs/lib/python3.6/site-packages:/root/Workspaces/rosgsthumble_ws/install/diagnostic_common_diagnostics/lib/python3.6/site-packages:/root/Workspaces/rosgsthumble_ws/install/cv_bridge/lib/python3.6/site-packages:/root/Workspaces/rosgsthumble_ws/install/audio_msgs/lib/python3.6/site-packages:/opt/ros/humble/install/lib/python3.6/site-packages /usr/local/bin/cmake --install /root/Workspaces/rosgsthumble_ws/build/diagnostic_common_diagnostics
[4.631s] -- Install configuration: ""
[4.634s] -- Execute custom install script
[4.638s] -- Up-to-date symlink: /root/Workspaces/rosgsthumble_ws/install/diagnostic_common_diagnostics/share/diagnostic_common_diagnostics/environment/pythonpath.sh
[4.642s] -- Up-to-date symlink: /root/Workspaces/rosgsthumble_ws/install/diagnostic_common_diagnostics/share/diagnostic_common_diagnostics/environment/pythonpath.dsv
[4.652s] -- Up-to-date symlink: /root/Workspaces/rosgsthumble_ws/install/diagnostic_common_diagnostics/lib/python3.6/site-packages/diagnostic_common_diagnostics-4.0.6-py3.6.egg-info/PKG-INFO
[4.656s] -- Up-to-date symlink: /root/Workspaces/rosgsthumble_ws/install/diagnostic_common_diagnostics/lib/python3.6/site-packages/diagnostic_common_diagnostics-4.0.6-py3.6.egg-info/SOURCES.txt
[4.660s] -- Up-to-date symlink: /root/Workspaces/rosgsthumble_ws/install/diagnostic_common_diagnostics/lib/python3.6/site-packages/diagnostic_common_diagnostics-4.0.6-py3.6.egg-info/dependency_links.txt
[4.662s] -- Up-to-date symlink: /root/Workspaces/rosgsthumble_ws/install/diagnostic_common_diagnostics/lib/python3.6/site-packages/diagnostic_common_diagnostics-4.0.6-py3.6.egg-info/top_level.txt
[4.665s] -- Up-to-date symlink: /root/Workspaces/rosgsthumble_ws/install/diagnostic_common_diagnostics/lib/python3.6/site-packages/diagnostic_common_diagnostics/__init__.py
[4.667s] -- Up-to-date symlink: /root/Workspaces/rosgsthumble_ws/install/diagnostic_common_diagnostics/lib/python3.6/site-packages/diagnostic_common_diagnostics/cpu_monitor.py
[4.677s] -- Up-to-date symlink: /root/Workspaces/rosgsthumble_ws/install/diagnostic_common_diagnostics/lib/python3.6/site-packages/diagnostic_common_diagnostics/hd_monitor.py
[4.681s] -- Up-to-date symlink: /root/Workspaces/rosgsthumble_ws/install/diagnostic_common_diagnostics/lib/python3.6/site-packages/diagnostic_common_diagnostics/ntp_monitor.py
[4.682s] -- Up-to-date symlink: /root/Workspaces/rosgsthumble_ws/install/diagnostic_common_diagnostics/lib/python3.6/site-packages/diagnostic_common_diagnostics/ram_monitor.py
[4.682s] -- Up-to-date symlink: /root/Workspaces/rosgsthumble_ws/install/diagnostic_common_diagnostics/lib/python3.6/site-packages/diagnostic_common_diagnostics/sensors_monitor.py
[4.683s] -- Up-to-date symlink: /root/Workspaces/rosgsthumble_ws/install/diagnostic_common_diagnostics/lib/diagnostic_common_diagnostics/cpu_monitor.py
[4.683s] -- Up-to-date symlink: /root/Workspaces/rosgsthumble_ws/install/diagnostic_common_diagnostics/lib/diagnostic_common_diagnostics/ntp_monitor.py
[4.684s] -- Up-to-date symlink: /root/Workspaces/rosgsthumble_ws/install/diagnostic_common_diagnostics/lib/diagnostic_common_diagnostics/ram_monitor.py
[4.684s] -- Up-to-date symlink: /root/Workspaces/rosgsthumble_ws/install/diagnostic_common_diagnostics/lib/diagnostic_common_diagnostics/sensors_monitor.py
[4.686s] -- Up-to-date symlink: /root/Workspaces/rosgsthumble_ws/install/diagnostic_common_diagnostics/lib/diagnostic_common_diagnostics/hd_monitor.py
[4.686s] -- Up-to-date symlink: /root/Workspaces/rosgsthumble_ws/install/diagnostic_common_diagnostics/share/ament_index/resource_index/package_run_dependencies/diagnostic_common_diagnostics
[4.687s] -- Up-to-date symlink: /root/Workspaces/rosgsthumble_ws/install/diagnostic_common_diagnostics/share/ament_index/resource_index/parent_prefix_path/diagnostic_common_diagnostics
[4.688s] -- Up-to-date symlink: /root/Workspaces/rosgsthumble_ws/install/diagnostic_common_diagnostics/share/diagnostic_common_diagnostics/environment/ament_prefix_path.sh
[4.688s] -- Up-to-date symlink: /root/Workspaces/rosgsthumble_ws/install/diagnostic_common_diagnostics/share/diagnostic_common_diagnostics/environment/ament_prefix_path.dsv
[4.689s] -- Up-to-date symlink: /root/Workspaces/rosgsthumble_ws/install/diagnostic_common_diagnostics/share/diagnostic_common_diagnostics/environment/path.sh
[4.689s] -- Up-to-date symlink: /root/Workspaces/rosgsthumble_ws/install/diagnostic_common_diagnostics/share/diagnostic_common_diagnostics/environment/path.dsv
[4.690s] -- Up-to-date symlink: /root/Workspaces/rosgsthumble_ws/install/diagnostic_common_diagnostics/share/diagnostic_common_diagnostics/local_setup.bash
[4.691s] -- Up-to-date symlink: /root/Workspaces/rosgsthumble_ws/install/diagnostic_common_diagnostics/share/diagnostic_common_diagnostics/local_setup.sh
[4.691s] -- Up-to-date symlink: /root/Workspaces/rosgsthumble_ws/install/diagnostic_common_diagnostics/share/diagnostic_common_diagnostics/local_setup.zsh
[4.692s] -- Up-to-date symlink: /root/Workspaces/rosgsthumble_ws/install/diagnostic_common_diagnostics/share/diagnostic_common_diagnostics/local_setup.dsv
[4.692s] -- Symlinking: /root/Workspaces/rosgsthumble_ws/install/diagnostic_common_diagnostics/share/diagnostic_common_diagnostics/package.dsv
[4.693s] -- Up-to-date symlink: /root/Workspaces/rosgsthumble_ws/install/diagnostic_common_diagnostics/share/ament_index/resource_index/packages/diagnostic_common_diagnostics
[4.694s] -- Up-to-date symlink: /root/Workspaces/rosgsthumble_ws/install/diagnostic_common_diagnostics/share/diagnostic_common_diagnostics/cmake/diagnostic_common_diagnosticsConfig.cmake
[4.694s] -- Up-to-date symlink: /root/Workspaces/rosgsthumble_ws/install/diagnostic_common_diagnostics/share/diagnostic_common_diagnostics/cmake/diagnostic_common_diagnosticsConfig-version.cmake
[4.695s] -- Up-to-date symlink: /root/Workspaces/rosgsthumble_ws/install/diagnostic_common_diagnostics/share/diagnostic_common_diagnostics/package.xml
[4.892s] Listing '/root/Workspaces/rosgsthumble_ws/install/diagnostic_common_diagnostics/lib/python3.6/site-packages/diagnostic_common_diagnostics'...
[4.946s] Invoked command in '/root/Workspaces/rosgsthumble_ws/build/diagnostic_common_diagnostics' returned '0': AMENT_PREFIX_PATH=/root/Workspaces/rosgsthumble_ws/install/diagnostic_updater:${AMENT_PREFIX_PATH} CMAKE_PREFIX_PATH=/root/Workspaces/rosgsthumble_ws/install/diagnostic_updater:${CMAKE_PREFIX_PATH} PYTHONPATH=/root/Workspaces/rosgsthumble_ws/install/diagnostic_updater/lib/python3.6/site-packages:/root/Workspaces/rosgsthumble_ws/install/xacro/lib/python3.6/site-packages:/root/Workspaces/rosgsthumble_ws/install/realsense2_camera_msgs/lib/python3.6/site-packages:/root/Workspaces/rosgsthumble_ws/install/image_geometry/lib/python3.6/site-packages:/root/Workspaces/rosgsthumble_ws/install/gst_msgs/lib/python3.6/site-packages:/root/Workspaces/rosgsthumble_ws/install/diagnostic_common_diagnostics/lib/python3.6/site-packages:/root/Workspaces/rosgsthumble_ws/install/cv_bridge/lib/python3.6/site-packages:/root/Workspaces/rosgsthumble_ws/install/audio_msgs/lib/python3.6/site-packages:/opt/ros/humble/install/lib/python3.6/site-packages /usr/local/bin/cmake --install /root/Workspaces/rosgsthumble_ws/build/diagnostic_common_diagnostics
