[0.244s] Invoking command in '/root/Workspaces/rosgsthumble_ws/build/image_geometry': /usr/local/bin/cmake --build /root/Workspaces/rosgsthumble_ws/build/image_geometry -- -j4 -l4
[0.619s] [ 22%] Built target gtest
[0.637s] [ 33%] Built target ament_cmake_python_symlink_image_geometry
[0.640s] [ 44%] Built target gtest_main
[0.659s] [ 77%] Built target image_geometry
[0.729s] [100%] Built target image_geometry-utest
[2.568s] running egg_info
[2.570s] writing image_geometry.egg-info/PKG-INFO
[2.573s] writing dependency_links to image_geometry.egg-info/dependency_links.txt
[2.576s] writing top-level names to image_geometry.egg-info/top_level.txt
[2.590s] reading manifest file 'image_geometry.egg-info/SOURCES.txt'
[2.600s] writing manifest file 'image_geometry.egg-info/SOURCES.txt'
[2.719s] [100%] Built target ament_cmake_python_build_image_geometry_egg
[2.779s] Invoked command in '/root/Workspaces/rosgsthumble_ws/build/image_geometry' returned '0': /usr/local/bin/cmake --build /root/Workspaces/rosgsthumble_ws/build/image_geometry -- -j4 -l4
[3.520s] Invoking command in '/root/Workspaces/rosgsthumble_ws/build/image_geometry': /usr/local/bin/cmake --install /root/Workspaces/rosgsthumble_ws/build/image_geometry
[3.784s] -- Install configuration: ""
[3.802s] -- Execute custom install script
[3.807s] -- Up-to-date symlink: /root/Workspaces/rosgsthumble_ws/install/image_geometry/share/image_geometry/environment/pythonpath.sh
[3.810s] -- Up-to-date symlink: /root/Workspaces/rosgsthumble_ws/install/image_geometry/share/image_geometry/environment/pythonpath.dsv
[3.817s] -- Up-to-date symlink: /root/Workspaces/rosgsthumble_ws/install/image_geometry/lib/python3.6/site-packages/image_geometry-3.2.1-py3.6.egg-info/PKG-INFO
[3.824s] -- Up-to-date symlink: /root/Workspaces/rosgsthumble_ws/install/image_geometry/lib/python3.6/site-packages/image_geometry-3.2.1-py3.6.egg-info/SOURCES.txt
[3.831s] -- Up-to-date symlink: /root/Workspaces/rosgsthumble_ws/install/image_geometry/lib/python3.6/site-packages/image_geometry-3.2.1-py3.6.egg-info/dependency_links.txt
[3.836s] -- Up-to-date symlink: /root/Workspaces/rosgsthumble_ws/install/image_geometry/lib/python3.6/site-packages/image_geometry-3.2.1-py3.6.egg-info/top_level.txt
[3.843s] -- Up-to-date symlink: /root/Workspaces/rosgsthumble_ws/install/image_geometry/lib/python3.6/site-packages/image_geometry/__init__.py
[3.849s] -- Up-to-date symlink: /root/Workspaces/rosgsthumble_ws/install/image_geometry/lib/python3.6/site-packages/image_geometry/cameramodels.py
[3.857s] -- Up-to-date symlink: /root/Workspaces/rosgsthumble_ws/install/image_geometry/include/image_geometry/image_geometry/pinhole_camera_model.h
[3.863s] -- Up-to-date symlink: /root/Workspaces/rosgsthumble_ws/install/image_geometry/include/image_geometry/image_geometry/stereo_camera_model.h
[3.867s] -- Up-to-date symlink: /root/Workspaces/rosgsthumble_ws/install/image_geometry/include/image_geometry/image_geometry/visibility_control.hpp
[3.871s] -- Up-to-date symlink: /root/Workspaces/rosgsthumble_ws/install/image_geometry/share/ament_index/resource_index/package_run_dependencies/image_geometry
[3.875s] -- Up-to-date symlink: /root/Workspaces/rosgsthumble_ws/install/image_geometry/share/ament_index/resource_index/parent_prefix_path/image_geometry
[3.882s] -- Up-to-date symlink: /root/Workspaces/rosgsthumble_ws/install/image_geometry/share/image_geometry/environment/ament_prefix_path.sh
[3.889s] -- Up-to-date symlink: /root/Workspaces/rosgsthumble_ws/install/image_geometry/share/image_geometry/environment/ament_prefix_path.dsv
[3.897s] -- Up-to-date symlink: /root/Workspaces/rosgsthumble_ws/install/image_geometry/share/image_geometry/environment/path.sh
[3.901s] -- Up-to-date symlink: /root/Workspaces/rosgsthumble_ws/install/image_geometry/share/image_geometry/environment/path.dsv
[3.906s] -- Up-to-date symlink: /root/Workspaces/rosgsthumble_ws/install/image_geometry/share/image_geometry/local_setup.bash
[3.914s] -- Up-to-date symlink: /root/Workspaces/rosgsthumble_ws/install/image_geometry/share/image_geometry/local_setup.sh
[3.919s] -- Up-to-date symlink: /root/Workspaces/rosgsthumble_ws/install/image_geometry/share/image_geometry/local_setup.zsh
[3.928s] -- Up-to-date symlink: /root/Workspaces/rosgsthumble_ws/install/image_geometry/share/image_geometry/local_setup.dsv
[3.933s] -- Symlinking: /root/Workspaces/rosgsthumble_ws/install/image_geometry/share/image_geometry/package.dsv
[3.968s] -- Up-to-date symlink: /root/Workspaces/rosgsthumble_ws/install/image_geometry/share/ament_index/resource_index/packages/image_geometry
[3.977s] -- Up-to-date symlink: /root/Workspaces/rosgsthumble_ws/install/image_geometry/share/image_geometry/cmake/ament_cmake_export_targets-extras.cmake
[3.978s] -- Up-to-date symlink: /root/Workspaces/rosgsthumble_ws/install/image_geometry/share/image_geometry/cmake/ament_cmake_export_dependencies-extras.cmake
[3.980s] -- Up-to-date symlink: /root/Workspaces/rosgsthumble_ws/install/image_geometry/share/image_geometry/cmake/image_geometryConfig.cmake
[3.982s] -- Up-to-date symlink: /root/Workspaces/rosgsthumble_ws/install/image_geometry/share/image_geometry/cmake/image_geometryConfig-version.cmake
[3.987s] -- Up-to-date symlink: /root/Workspaces/rosgsthumble_ws/install/image_geometry/share/image_geometry/package.xml
[4.284s] Listing '/root/Workspaces/rosgsthumble_ws/install/image_geometry/lib/python3.6/site-packages/image_geometry'...
[4.317s] -- Up-to-date: /root/Workspaces/rosgsthumble_ws/install/image_geometry/lib/libimage_geometry.so
[4.321s] -- Up-to-date: /root/Workspaces/rosgsthumble_ws/install/image_geometry/share/image_geometry/cmake/export_image_geometryExport.cmake
[4.323s] -- Up-to-date: /root/Workspaces/rosgsthumble_ws/install/image_geometry/share/image_geometry/cmake/export_image_geometryExport-noconfig.cmake
[4.379s] Invoked command in '/root/Workspaces/rosgsthumble_ws/build/image_geometry' returned '0': /usr/local/bin/cmake --install /root/Workspaces/rosgsthumble_ws/build/image_geometry
