-- Found ament_cmake: 1.3.5 (/opt/ros/humble/install/share/ament_cmake/cmake)
-- Override CMake install command with custom implementation using symlinks instead of copying resources
-- Found rclcpp: 16.0.5 (/opt/ros/humble/install/share/rclcpp/cmake)
-- Found rosidl_generator_c: 3.1.5 (/opt/ros/humble/install/share/rosidl_generator_c/cmake)
-- Found rosidl_adapter: 3.1.5 (/opt/ros/humble/install/share/rosidl_adapter/cmake)
-- Found rosidl_generator_cpp: 3.1.5 (/opt/ros/humble/install/share/rosidl_generator_cpp/cmake)
-- Using all available rosidl_typesupport_c: rosidl_typesupport_fastrtps_c;rosidl_typesupport_introspection_c
-- Using all available rosidl_typesupport_cpp: rosidl_typesupport_fastrtps_cpp;rosidl_typesupport_introspection_cpp
-- Found rmw_implementation_cmake: 6.1.1 (/opt/ros/humble/install/share/rmw_implementation_cmake/cmake)
-- Found rmw_cyclonedds_cpp: 1.3.4 (/opt/ros/humble/install/share/rmw_cyclonedds_cpp/cmake)
-- Using RMW implementation 'rmw_cyclonedds_cpp' as default
-- Found rclcpp_components: 16.0.5 (/opt/ros/humble/install/share/rclcpp_components/cmake)
-- Found gst_bridge: 0.0.0 (/root/Workspaces/rosgsthumble_ws/install/gst_bridge/share/gst_bridge/cmake)
-- Found image_transport: 3.1.6 (/opt/ros/humble/install/share/image_transport/cmake)
-- Found cv_bridge: 3.2.1 (/root/Workspaces/rosgsthumble_ws/install/cv_bridge/share/cv_bridge/cmake)
-- Found std_srvs: 4.2.3 (/opt/ros/humble/install/share/std_srvs/cmake)
-- Found gst_msgs: 0.0.0 (/root/Workspaces/rosgsthumble_ws/install/gst_msgs/share/gst_msgs/cmake)
-- Configuring incomplete, errors occurred!
[31mCMake Error at CMakeLists.txt:87 (ament_add_gtest):
  Unknown CMake command "ament_add_gtest".

[0m
