[0.016s] Invoking command in '/root/Workspaces/rosgsthumble_ws/build/gst_pipeline': CMAKE_PREFIX_PATH=/root/Workspaces/rosgsthumble_ws/install/gst_bridge:/root/Workspaces/rosgsthumble_ws/install/gst_msgs:/root/Workspaces/rosgsthumble_ws/install/audio_msgs:/root/Workspaces/rosgsthumble_ws/install/webrtc_camera_node:/root/Workspaces/rosgsthumble_ws/install/gst_pipeline_plugins_webrtc:/root/Workspaces/rosgsthumble_ws/install/gst_pipeline_plugins:/root/Workspaces/rosgsthumble_ws/install/gst_pipeline:/root/Workspaces/rosgsthumble_ws/install/cpp_campub:/opt/ros/humble LD_LIBRARY_PATH=/root/Workspaces/rosgsthumble_ws/install/gst_bridge/lib:/root/Workspaces/rosgsthumble_ws/install/gst_msgs/lib:/root/Workspaces/rosgsthumble_ws/install/audio_msgs/lib:/root/Workspaces/rosgsthumble_ws/install/gst_pipeline_plugins_webrtc/lib:/root/Workspaces/rosgsthumble_ws/install/gst_pipeline_plugins/lib:/root/Workspaces/rosgsthumble_ws/install/gst_pipeline/lib:/usr/lib/x86_64-linux-gnu/gazebo-11/plugins:/opt/ros/humble/opt/rviz_ogre_vendor/lib:/opt/ros/humble/lib/x86_64-linux-gnu:/opt/ros/humble/lib /usr/bin/cmake --build /root/Workspaces/rosgsthumble_ws/build/gst_pipeline -- -j16 -l16
[0.057s] [35m[1mConsolidate compiler generated dependencies of target gtest_main[0m
[0.057s] [35m[1mConsolidate compiler generated dependencies of target gtest[0m
[0.058s] [35m[1mConsolidate compiler generated dependencies of target gst_pipeline_node[0m
[0.059s] [35m[1mConsolidate compiler generated dependencies of target gst_pipeline[0m
[0.072s] [ 18%] Built target gtest_main
[0.073s] [ 36%] Built target gtest
[0.076s] [ 54%] Built target gst_pipeline_node
[0.084s] [ 81%] Built target gst_pipeline
[0.096s] [35m[1mConsolidate compiler generated dependencies of target gst_pipeline_test[0m
[0.115s] [100%] Built target gst_pipeline_test
[0.125s] Invoked command in '/root/Workspaces/rosgsthumble_ws/build/gst_pipeline' returned '0': CMAKE_PREFIX_PATH=/root/Workspaces/rosgsthumble_ws/install/gst_bridge:/root/Workspaces/rosgsthumble_ws/install/gst_msgs:/root/Workspaces/rosgsthumble_ws/install/audio_msgs:/root/Workspaces/rosgsthumble_ws/install/webrtc_camera_node:/root/Workspaces/rosgsthumble_ws/install/gst_pipeline_plugins_webrtc:/root/Workspaces/rosgsthumble_ws/install/gst_pipeline_plugins:/root/Workspaces/rosgsthumble_ws/install/gst_pipeline:/root/Workspaces/rosgsthumble_ws/install/cpp_campub:/opt/ros/humble LD_LIBRARY_PATH=/root/Workspaces/rosgsthumble_ws/install/gst_bridge/lib:/root/Workspaces/rosgsthumble_ws/install/gst_msgs/lib:/root/Workspaces/rosgsthumble_ws/install/audio_msgs/lib:/root/Workspaces/rosgsthumble_ws/install/gst_pipeline_plugins_webrtc/lib:/root/Workspaces/rosgsthumble_ws/install/gst_pipeline_plugins/lib:/root/Workspaces/rosgsthumble_ws/install/gst_pipeline/lib:/usr/lib/x86_64-linux-gnu/gazebo-11/plugins:/opt/ros/humble/opt/rviz_ogre_vendor/lib:/opt/ros/humble/lib/x86_64-linux-gnu:/opt/ros/humble/lib /usr/bin/cmake --build /root/Workspaces/rosgsthumble_ws/build/gst_pipeline -- -j16 -l16
[0.127s] Invoking command in '/root/Workspaces/rosgsthumble_ws/build/gst_pipeline': CMAKE_PREFIX_PATH=/root/Workspaces/rosgsthumble_ws/install/gst_bridge:/root/Workspaces/rosgsthumble_ws/install/gst_msgs:/root/Workspaces/rosgsthumble_ws/install/audio_msgs:/root/Workspaces/rosgsthumble_ws/install/webrtc_camera_node:/root/Workspaces/rosgsthumble_ws/install/gst_pipeline_plugins_webrtc:/root/Workspaces/rosgsthumble_ws/install/gst_pipeline_plugins:/root/Workspaces/rosgsthumble_ws/install/gst_pipeline:/root/Workspaces/rosgsthumble_ws/install/cpp_campub:/opt/ros/humble LD_LIBRARY_PATH=/root/Workspaces/rosgsthumble_ws/install/gst_bridge/lib:/root/Workspaces/rosgsthumble_ws/install/gst_msgs/lib:/root/Workspaces/rosgsthumble_ws/install/audio_msgs/lib:/root/Workspaces/rosgsthumble_ws/install/gst_pipeline_plugins_webrtc/lib:/root/Workspaces/rosgsthumble_ws/install/gst_pipeline_plugins/lib:/root/Workspaces/rosgsthumble_ws/install/gst_pipeline/lib:/usr/lib/x86_64-linux-gnu/gazebo-11/plugins:/opt/ros/humble/opt/rviz_ogre_vendor/lib:/opt/ros/humble/lib/x86_64-linux-gnu:/opt/ros/humble/lib /usr/bin/cmake --install /root/Workspaces/rosgsthumble_ws/build/gst_pipeline
[0.134s] -- Install configuration: ""
[0.135s] -- Execute custom install script
[0.135s] -- Up-to-date symlink: /root/Workspaces/rosgsthumble_ws/install/gst_pipeline/lib/gst_pipeline/gst_pipeline_node
[0.136s] -- Up-to-date symlink: /root/Workspaces/rosgsthumble_ws/install/gst_pipeline/include/gst_pipeline/gst_pipeline.h
[0.136s] -- Up-to-date symlink: /root/Workspaces/rosgsthumble_ws/install/gst_pipeline/include/gst_pipeline/plugin_base.h
[0.136s] -- Up-to-date symlink: /root/Workspaces/rosgsthumble_ws/install/gst_pipeline/include/gst_pipeline/syntax_sugar.h
[0.136s] -- Up-to-date symlink: /root/Workspaces/rosgsthumble_ws/install/gst_pipeline/share/gst_pipeline/config/example.config.yaml
[0.136s] -- Up-to-date symlink: /root/Workspaces/rosgsthumble_ws/install/gst_pipeline/share/gst_pipeline/config/example_rx.config.yaml
[0.136s] -- Up-to-date symlink: /root/Workspaces/rosgsthumble_ws/install/gst_pipeline/share/gst_pipeline/launch/example.launch.py
[0.136s] -- Up-to-date symlink: /root/Workspaces/rosgsthumble_ws/install/gst_pipeline/share/gst_pipeline/launch/example_rx.launch.py
[0.136s] -- Up-to-date symlink: /root/Workspaces/rosgsthumble_ws/install/gst_pipeline/share/gst_pipeline/environment/library_path.sh
[0.137s] -- Up-to-date symlink: /root/Workspaces/rosgsthumble_ws/install/gst_pipeline/share/gst_pipeline/environment/library_path.dsv
[0.137s] -- Up-to-date symlink: /root/Workspaces/rosgsthumble_ws/install/gst_pipeline/share/ament_index/resource_index/package_run_dependencies/gst_pipeline
[0.137s] -- Up-to-date symlink: /root/Workspaces/rosgsthumble_ws/install/gst_pipeline/share/ament_index/resource_index/parent_prefix_path/gst_pipeline
[0.137s] -- Up-to-date symlink: /root/Workspaces/rosgsthumble_ws/install/gst_pipeline/share/gst_pipeline/environment/ament_prefix_path.sh
[0.137s] -- Up-to-date symlink: /root/Workspaces/rosgsthumble_ws/install/gst_pipeline/share/gst_pipeline/environment/ament_prefix_path.dsv
[0.137s] -- Up-to-date symlink: /root/Workspaces/rosgsthumble_ws/install/gst_pipeline/share/gst_pipeline/environment/path.sh
[0.138s] -- Up-to-date symlink: /root/Workspaces/rosgsthumble_ws/install/gst_pipeline/share/gst_pipeline/environment/path.dsv
[0.138s] -- Up-to-date symlink: /root/Workspaces/rosgsthumble_ws/install/gst_pipeline/share/gst_pipeline/local_setup.bash
[0.138s] -- Up-to-date symlink: /root/Workspaces/rosgsthumble_ws/install/gst_pipeline/share/gst_pipeline/local_setup.sh
[0.138s] -- Up-to-date symlink: /root/Workspaces/rosgsthumble_ws/install/gst_pipeline/share/gst_pipeline/local_setup.zsh
[0.138s] -- Up-to-date symlink: /root/Workspaces/rosgsthumble_ws/install/gst_pipeline/share/gst_pipeline/local_setup.dsv
[0.138s] -- Symlinking: /root/Workspaces/rosgsthumble_ws/install/gst_pipeline/share/gst_pipeline/package.dsv
[0.147s] -- Up-to-date symlink: /root/Workspaces/rosgsthumble_ws/install/gst_pipeline/share/ament_index/resource_index/packages/gst_pipeline
[0.147s] -- Up-to-date symlink: /root/Workspaces/rosgsthumble_ws/install/gst_pipeline/share/ament_index/resource_index/rclcpp_components/gst_pipeline
[0.147s] -- Up-to-date symlink: /root/Workspaces/rosgsthumble_ws/install/gst_pipeline/share/gst_pipeline/cmake/ament_cmake_export_include_directories-extras.cmake
[0.147s] -- Up-to-date symlink: /root/Workspaces/rosgsthumble_ws/install/gst_pipeline/share/gst_pipeline/cmake/ament_cmake_export_libraries-extras.cmake
[0.148s] -- Up-to-date symlink: /root/Workspaces/rosgsthumble_ws/install/gst_pipeline/share/gst_pipeline/cmake/ament_cmake_export_targets-extras.cmake
[0.148s] -- Up-to-date symlink: /root/Workspaces/rosgsthumble_ws/install/gst_pipeline/share/gst_pipeline/cmake/ament_cmake_export_dependencies-extras.cmake
[0.148s] -- Up-to-date symlink: /root/Workspaces/rosgsthumble_ws/install/gst_pipeline/share/gst_pipeline/cmake/gst_pipelineConfig.cmake
[0.148s] -- Up-to-date symlink: /root/Workspaces/rosgsthumble_ws/install/gst_pipeline/share/gst_pipeline/cmake/gst_pipelineConfig-version.cmake
[0.148s] -- Up-to-date symlink: /root/Workspaces/rosgsthumble_ws/install/gst_pipeline/share/gst_pipeline/package.xml
[0.149s] -- Up-to-date: /root/Workspaces/rosgsthumble_ws/install/gst_pipeline/lib/libgst_pipeline.so
[0.150s] -- Up-to-date: /root/Workspaces/rosgsthumble_ws/install/gst_pipeline/share/gst_pipeline/cmake/export_gst_pipelineExport.cmake
[0.150s] -- Up-to-date: /root/Workspaces/rosgsthumble_ws/install/gst_pipeline/share/gst_pipeline/cmake/export_gst_pipelineExport-noconfig.cmake
[0.153s] Invoked command in '/root/Workspaces/rosgsthumble_ws/build/gst_pipeline' returned '0': CMAKE_PREFIX_PATH=/root/Workspaces/rosgsthumble_ws/install/gst_bridge:/root/Workspaces/rosgsthumble_ws/install/gst_msgs:/root/Workspaces/rosgsthumble_ws/install/audio_msgs:/root/Workspaces/rosgsthumble_ws/install/webrtc_camera_node:/root/Workspaces/rosgsthumble_ws/install/gst_pipeline_plugins_webrtc:/root/Workspaces/rosgsthumble_ws/install/gst_pipeline_plugins:/root/Workspaces/rosgsthumble_ws/install/gst_pipeline:/root/Workspaces/rosgsthumble_ws/install/cpp_campub:/opt/ros/humble LD_LIBRARY_PATH=/root/Workspaces/rosgsthumble_ws/install/gst_bridge/lib:/root/Workspaces/rosgsthumble_ws/install/gst_msgs/lib:/root/Workspaces/rosgsthumble_ws/install/audio_msgs/lib:/root/Workspaces/rosgsthumble_ws/install/gst_pipeline_plugins_webrtc/lib:/root/Workspaces/rosgsthumble_ws/install/gst_pipeline_plugins/lib:/root/Workspaces/rosgsthumble_ws/install/gst_pipeline/lib:/usr/lib/x86_64-linux-gnu/gazebo-11/plugins:/opt/ros/humble/opt/rviz_ogre_vendor/lib:/opt/ros/humble/lib/x86_64-linux-gnu:/opt/ros/humble/lib /usr/bin/cmake --install /root/Workspaces/rosgsthumble_ws/build/gst_pipeline
