In file included from [01m[K/usr/include/gstreamer-1.0/gst/webrtc/webrtc.h:24:0[m[K,
                 from [01m[K/root/Workspaces/rosgsthumble_ws/src/webrtc_camera_node/src/send_camera_node.cpp:4[m[K:
[01m[K/usr/include/gstreamer-1.0/gst/webrtc/webrtc_fwd.h:24:2:[m[K [01;35m[Kwarning: [m[K#warning "The WebRTC library from gst-plugins-bad is unstable API and may change in future." [[01;35m[K-Wcpp[m[K]
 #[01;35m[Kwarning[m[K "The WebRTC library from gst-plugins-bad is unstable API and may change in future."
  [01;35m[K^~~~~~~[m[K
[01m[K/usr/include/gstreamer-1.0/gst/webrtc/webrtc_fwd.h:25:2:[m[K [01;35m[Kwarning: [m[K#warning "You can define GST_USE_UNSTABLE_API to avoid this warning." [[01;35m[K-Wcpp[m[K]
 #[01;35m[Kwarning[m[K "You can define GST_USE_UNSTABLE_API to avoid this warning."
  [01;35m[K^~~~~~~[m[K
[01m[K/root/Workspaces/rosgsthumble_ws/src/webrtc_camera_node/src/send_camera_node.cpp:[m[K In function ‘[01m[Kgboolean set_remote_desc_idle(gpointer)[m[K’:
[01m[K/root/Workspaces/rosgsthumble_ws/src/webrtc_camera_node/src/send_camera_node.cpp:97:5:[m[K [01;31m[Kerror: [m[K‘[01m[Kgst_sdp_message_new_from_text[m[K’ was not declared in this scope
     [01;31m[Kgst_sdp_message_new_from_text[m[K(d->sdp_text.c_str(), &sdp);
     [01;31m[K^~~~~~~~~~~~~~~~~~~~~~~~~~~~~[m[K
[01m[K/root/Workspaces/rosgsthumble_ws/src/webrtc_camera_node/src/send_camera_node.cpp:97:5:[m[K [01;36m[Knote: [m[Ksuggested alternative: ‘[01m[Kgst_sdp_message_as_text[m[K’
     [01;36m[Kgst_sdp_message_new_from_text[m[K(d->sdp_text.c_str(), &sdp);
     [01;36m[K^~~~~~~~~~~~~~~~~~~~~~~~~~~~~[m[K
     [32m[Kgst_sdp_message_as_text[m[K
make[2]: *** [CMakeFiles/send_camera_node.dir/src/send_camera_node.cpp.o] Error 1
make[1]: *** [CMakeFiles/send_camera_node.dir/all] Error 2
make[1]: *** Waiting for unfinished jobs....
make: *** [all] Error 2
