-- Found rclcpp: 16.0.5 (/opt/ros/humble/install/share/rclcpp/cmake)
-- Override CMake install command with custom implementation using symlinks instead of copying resources
-- Found rosidl_generator_c: 3.1.5 (/opt/ros/humble/install/share/rosidl_generator_c/cmake)
-- Found rosidl_adapter: 3.1.5 (/opt/ros/humble/install/share/rosidl_adapter/cmake)
-- Found rosidl_generator_cpp: 3.1.5 (/opt/ros/humble/install/share/rosidl_generator_cpp/cmake)
-- Using all available rosidl_typesupport_c: rosidl_typesupport_fastrtps_c;rosidl_typesupport_introspection_c
-- Using all available rosidl_typesupport_cpp: rosidl_typesupport_fastrtps_cpp;rosidl_typesupport_introspection_cpp
-- Found rmw_implementation_cmake: 6.1.1 (/opt/ros/humble/install/share/rmw_implementation_cmake/cmake)
-- Found rmw_cyclonedds_cpp: 1.3.4 (/opt/ros/humble/install/share/rmw_cyclonedds_cpp/cmake)
-- Using RMW implementation 'rmw_cyclonedds_cpp' as default
-- Found sensor_msgs: 4.2.3 (/opt/ros/humble/install/share/sensor_msgs/cmake)
-- Found gst_bridge: 0.0.0 (/root/Workspaces/rosgsthumble_ws/install/gst_bridge/share/gst_bridge/cmake)
-- WebRTC Library Found: /usr/lib/aarch64-linux-gnu/libgstwebrtc-1.0.so
-- Using the multi-header code from /root/Workspaces/rosgsthumble_ws/build/webrtc_camera_node/_deps/nlohmann_json-src/include/
-- Configuring done (6.8s)
-- Generating done (0.3s)
-- Build files have been written to: /root/Workspaces/rosgsthumble_ws/build/webrtc_camera_node
[  4%] [32mBuilding CXX object _deps/ixwebsocket-build/CMakeFiles/ixwebsocket.dir/ixwebsocket/IXCancellationRequest.cpp.o[0m
[  4%] [32mBuilding CXX object _deps/ixwebsocket-build/CMakeFiles/ixwebsocket.dir/ixwebsocket/IXBench.cpp.o[0m
[  7%] [32mBuilding CXX object _deps/ixwebsocket-build/CMakeFiles/ixwebsocket.dir/ixwebsocket/IXConnectionState.cpp.o[0m
[  9%] [32mBuilding CXX object _deps/ixwebsocket-build/CMakeFiles/ixwebsocket.dir/ixwebsocket/IXDNSLookup.cpp.o[0m
[ 12%] [32mBuilding CXX object _deps/ixwebsocket-build/CMakeFiles/ixwebsocket.dir/ixwebsocket/IXExponentialBackoff.cpp.o[0m
[ 14%] [32mBuilding CXX object _deps/ixwebsocket-build/CMakeFiles/ixwebsocket.dir/ixwebsocket/IXGetFreePort.cpp.o[0m
[ 17%] [32mBuilding CXX object _deps/ixwebsocket-build/CMakeFiles/ixwebsocket.dir/ixwebsocket/IXGzipCodec.cpp.o[0m
[ 19%] [32mBuilding CXX object _deps/ixwebsocket-build/CMakeFiles/ixwebsocket.dir/ixwebsocket/IXHttp.cpp.o[0m
[ 21%] [32mBuilding CXX object _deps/ixwebsocket-build/CMakeFiles/ixwebsocket.dir/ixwebsocket/IXHttpClient.cpp.o[0m
[ 24%] [32mBuilding CXX object _deps/ixwebsocket-build/CMakeFiles/ixwebsocket.dir/ixwebsocket/IXHttpServer.cpp.o[0m
[ 26%] [32mBuilding CXX object _deps/ixwebsocket-build/CMakeFiles/ixwebsocket.dir/ixwebsocket/IXNetSystem.cpp.o[0m
[ 29%] [32mBuilding CXX object _deps/ixwebsocket-build/CMakeFiles/ixwebsocket.dir/ixwebsocket/IXSelectInterrupt.cpp.o[0m
[ 31%] [32mBuilding CXX object _deps/ixwebsocket-build/CMakeFiles/ixwebsocket.dir/ixwebsocket/IXSelectInterruptFactory.cpp.o[0m
[ 34%] [32mBuilding CXX object _deps/ixwebsocket-build/CMakeFiles/ixwebsocket.dir/ixwebsocket/IXSelectInterruptPipe.cpp.o[0m
[ 36%] [32mBuilding CXX object _deps/ixwebsocket-build/CMakeFiles/ixwebsocket.dir/ixwebsocket/IXSelectInterruptEvent.cpp.o[0m
[ 39%] [32mBuilding CXX object _deps/ixwebsocket-build/CMakeFiles/ixwebsocket.dir/ixwebsocket/IXSetThreadName.cpp.o[0m
[ 41%] [32mBuilding CXX object _deps/ixwebsocket-build/CMakeFiles/ixwebsocket.dir/ixwebsocket/IXSocket.cpp.o[0m
[ 43%] [32mBuilding CXX object _deps/ixwebsocket-build/CMakeFiles/ixwebsocket.dir/ixwebsocket/IXSocketConnect.cpp.o[0m
[ 46%] [32mBuilding CXX object _deps/ixwebsocket-build/CMakeFiles/ixwebsocket.dir/ixwebsocket/IXSocketFactory.cpp.o[0m
[ 48%] [32mBuilding CXX object _deps/ixwebsocket-build/CMakeFiles/ixwebsocket.dir/ixwebsocket/IXSocketServer.cpp.o[0m
[ 51%] [32mBuilding CXX object _deps/ixwebsocket-build/CMakeFiles/ixwebsocket.dir/ixwebsocket/IXSocketTLSOptions.cpp.o[0m
[ 53%] [32mBuilding CXX object _deps/ixwebsocket-build/CMakeFiles/ixwebsocket.dir/ixwebsocket/IXStrCaseCompare.cpp.o[0m
[ 56%] [32mBuilding CXX object _deps/ixwebsocket-build/CMakeFiles/ixwebsocket.dir/ixwebsocket/IXUdpSocket.cpp.o[0m
[ 58%] [32mBuilding CXX object _deps/ixwebsocket-build/CMakeFiles/ixwebsocket.dir/ixwebsocket/IXUrlParser.cpp.o[0m
[ 60%] [32mBuilding CXX object _deps/ixwebsocket-build/CMakeFiles/ixwebsocket.dir/ixwebsocket/IXUuid.cpp.o[0m
[ 63%] [32mBuilding CXX object _deps/ixwebsocket-build/CMakeFiles/ixwebsocket.dir/ixwebsocket/IXUserAgent.cpp.o[0m
[ 65%] [32mBuilding CXX object _deps/ixwebsocket-build/CMakeFiles/ixwebsocket.dir/ixwebsocket/IXWebSocket.cpp.o[0m
[ 68%] [32mBuilding CXX object _deps/ixwebsocket-build/CMakeFiles/ixwebsocket.dir/ixwebsocket/IXWebSocketCloseConstants.cpp.o[0m
[ 70%] [32mBuilding CXX object _deps/ixwebsocket-build/CMakeFiles/ixwebsocket.dir/ixwebsocket/IXWebSocketHandshake.cpp.o[0m
[ 73%] [32mBuilding CXX object _deps/ixwebsocket-build/CMakeFiles/ixwebsocket.dir/ixwebsocket/IXWebSocketHttpHeaders.cpp.o[0m
[ 75%] [32mBuilding CXX object _deps/ixwebsocket-build/CMakeFiles/ixwebsocket.dir/ixwebsocket/IXWebSocketPerMessageDeflate.cpp.o[0m
[ 78%] [32mBuilding CXX object _deps/ixwebsocket-build/CMakeFiles/ixwebsocket.dir/ixwebsocket/IXWebSocketPerMessageDeflateCodec.cpp.o[0m
[ 80%] [32mBuilding CXX object _deps/ixwebsocket-build/CMakeFiles/ixwebsocket.dir/ixwebsocket/IXWebSocketPerMessageDeflateOptions.cpp.o[0m
[ 82%] [32mBuilding CXX object _deps/ixwebsocket-build/CMakeFiles/ixwebsocket.dir/ixwebsocket/IXWebSocketProxyServer.cpp.o[0m
[ 85%] [32mBuilding CXX object _deps/ixwebsocket-build/CMakeFiles/ixwebsocket.dir/ixwebsocket/IXWebSocketServer.cpp.o[0m
[ 87%] [32mBuilding CXX object _deps/ixwebsocket-build/CMakeFiles/ixwebsocket.dir/ixwebsocket/IXWebSocketTransport.cpp.o[0m
[ 90%] [32m[1mLinking CXX static library libixwebsocket.a[0m
[ 90%] Built target ixwebsocket
[ 95%] [32mBuilding CXX object CMakeFiles/send_camera_node.dir/src/send_camera_node.cpp.o[0m
[ 95%] [32mBuilding CXX object CMakeFiles/receive_camera_node.dir/src/receive_camera_node.cpp.o[0m
In file included from [01m[K/usr/include/gstreamer-1.0/gst/webrtc/webrtc.h:24:0[m[K,
                 from [01m[K/root/Workspaces/rosgsthumble_ws/src/webrtc_camera_node/src/send_camera_node.cpp:4[m[K:
[01m[K/usr/include/gstreamer-1.0/gst/webrtc/webrtc_fwd.h:24:2:[m[K [01;35m[Kwarning: [m[K#warning "The WebRTC library from gst-plugins-bad is unstable API and may change in future." [[01;35m[K-Wcpp[m[K]
 #[01;35m[Kwarning[m[K "The WebRTC library from gst-plugins-bad is unstable API and may change in future."
  [01;35m[K^~~~~~~[m[K
[01m[K/usr/include/gstreamer-1.0/gst/webrtc/webrtc_fwd.h:25:2:[m[K [01;35m[Kwarning: [m[K#warning "You can define GST_USE_UNSTABLE_API to avoid this warning." [[01;35m[K-Wcpp[m[K]
 #[01;35m[Kwarning[m[K "You can define GST_USE_UNSTABLE_API to avoid this warning."
  [01;35m[K^~~~~~~[m[K
[01m[K/root/Workspaces/rosgsthumble_ws/src/webrtc_camera_node/src/send_camera_node.cpp:[m[K In function ‘[01m[Kgboolean set_remote_desc_idle(gpointer)[m[K’:
[01m[K/root/Workspaces/rosgsthumble_ws/src/webrtc_camera_node/src/send_camera_node.cpp:97:5:[m[K [01;31m[Kerror: [m[K‘[01m[Kgst_sdp_message_new_from_text[m[K’ was not declared in this scope
     [01;31m[Kgst_sdp_message_new_from_text[m[K(d->sdp_text.c_str(), &sdp);
     [01;31m[K^~~~~~~~~~~~~~~~~~~~~~~~~~~~~[m[K
[01m[K/root/Workspaces/rosgsthumble_ws/src/webrtc_camera_node/src/send_camera_node.cpp:97:5:[m[K [01;36m[Knote: [m[Ksuggested alternative: ‘[01m[Kgst_sdp_message_as_text[m[K’
     [01;36m[Kgst_sdp_message_new_from_text[m[K(d->sdp_text.c_str(), &sdp);
     [01;36m[K^~~~~~~~~~~~~~~~~~~~~~~~~~~~~[m[K
     [32m[Kgst_sdp_message_as_text[m[K
CMakeFiles/send_camera_node.dir/build.make:75: recipe for target 'CMakeFiles/send_camera_node.dir/src/send_camera_node.cpp.o' failed
make[2]: *** [CMakeFiles/send_camera_node.dir/src/send_camera_node.cpp.o] Error 1
make[1]: *** [CMakeFiles/send_camera_node.dir/all] Error 2
CMakeFiles/Makefile2:173: recipe for target 'CMakeFiles/send_camera_node.dir/all' failed
make[1]: *** Waiting for unfinished jobs....
[ 97%] [32m[1mLinking CXX executable receive_camera_node[0m
[ 97%] Built target receive_camera_node
Makefile:145: recipe for target 'all' failed
make: *** [all] Error 2
