[0.306s] Invoking command in '/root/Workspaces/rosgsthumble_ws/build/realsense2_camera_msgs': /usr/local/bin/cmake /root/Workspaces/rosgsthumble_ws/src/realsense-ros/realsense2_camera_msgs -Wno-dev -DAMENT_CMAKE_SYMLINK_INSTALL=1 -DCMAKE_INSTALL_PREFIX=/root/Workspaces/rosgsthumble_ws/install/realsense2_camera_msgs
[0.619s] -- Found ament_cmake: 1.3.5 (/opt/ros/humble/install/share/ament_cmake/cmake)
[3.310s] -- Override CMake install command with custom implementation using symlinks instead of copying resources
[3.418s] -- Found rosidl_default_generators: 1.2.0 (/opt/ros/humble/install/share/rosidl_default_generators/cmake)
[3.473s] -- Using all available rosidl_typesupport_c: rosidl_typesupport_fastrtps_c;rosidl_typesupport_introspection_c
[3.515s] -- Found rosidl_adapter: 3.1.5 (/opt/ros/humble/install/share/rosidl_adapter/cmake)
[3.855s] -- Using all available rosidl_typesupport_cpp: rosidl_typesupport_fastrtps_cpp;rosidl_typesupport_introspection_cpp
[4.209s] -- Found builtin_interfaces: 1.2.1 (/opt/ros/humble/install/share/builtin_interfaces/cmake)
[4.411s] -- Found std_msgs: 4.2.3 (/opt/ros/humble/install/share/std_msgs/cmake)
[4.747s] -- Found sensor_msgs: 4.2.3 (/opt/ros/humble/install/share/sensor_msgs/cmake)
[11.850s] -- Found ament_cmake_cppcheck: 0.12.7 (/opt/ros/humble/install/share/ament_cmake_cppcheck/cmake)
[11.868s] -- Found ament_cmake_cpplint: 0.12.7 (/opt/ros/humble/install/share/ament_cmake_cpplint/cmake)
[11.878s] -- Found ament_cmake_uncrustify: 0.12.7 (/opt/ros/humble/install/share/ament_cmake_uncrustify/cmake)
[11.890s] -- Found ament_cmake_ros: 0.10.0 (/opt/ros/humble/install/share/ament_cmake_ros/cmake)
[15.496s] -- Using all available rosidl_typesupport_c: rosidl_typesupport_fastrtps_c;rosidl_typesupport_introspection_c
[19.964s] -- Using all available rosidl_typesupport_cpp: rosidl_typesupport_fastrtps_cpp;rosidl_typesupport_introspection_cpp
[20.118s] -- Found python_cmake_module: 0.10.0 (/opt/ros/humble/install/share/python_cmake_module/cmake)
[20.261s] -- Using PYTHON_EXECUTABLE: /usr/bin/python3.6
[20.264s] -- Using PYTHON_INCLUDE_DIRS: /usr/include/python3.6m
[20.265s] -- Using PYTHON_LIBRARIES: /usr/lib/aarch64-linux-gnu/libpython3.6m.so
[21.578s] -- Using numpy include directory: /usr/local/lib/python3.6/dist-packages/numpy/core/include
[21.741s] -- Found ament_cmake_flake8: 0.12.7 (/opt/ros/humble/install/share/ament_cmake_flake8/cmake)
[21.746s] -- Found ament_cmake_pep257: 0.12.7 (/opt/ros/humble/install/share/ament_cmake_pep257/cmake)
[21.807s] -- Configuring done (21.2s)
[22.133s] -- Generating done (0.3s)
[22.147s] -- Build files have been written to: /root/Workspaces/rosgsthumble_ws/build/realsense2_camera_msgs
