-- The C compiler identification is GNU 7.5.0
-- The CXX compiler identification is GNU 7.5.0
-- Detecting C compiler ABI info
-- Detecting C compiler ABI info - done
-- Check for working C compiler: /usr/bin/cc - skipped
-- Detecting C compile features
-- Detecting C compile features - done
-- Detecting CXX compiler ABI info
-- Detecting CXX compiler ABI info - done
-- Check for working CXX compiler: /usr/bin/c++ - skipped
-- Detecting CXX compile features
-- Detecting CXX compile features - done
-- Found ament_cmake: 1.3.5 (/opt/ros/humble/install/share/ament_cmake/cmake)
-- Found Python3: /usr/bin/python3.6 (found version "3.6.9") found components: Interpreter 
-- Override CMake install command with custom implementation using symlinks instead of copying resources
-- Found std_msgs: 4.2.3 (/opt/ros/humble/install/share/std_msgs/cmake)
-- Found rosidl_generator_c: 3.1.5 (/opt/ros/humble/install/share/rosidl_generator_c/cmake)
-- Found rosidl_adapter: 3.1.5 (/opt/ros/humble/install/share/rosidl_adapter/cmake)
-- Found rosidl_generator_cpp: 3.1.5 (/opt/ros/humble/install/share/rosidl_generator_cpp/cmake)
-- Using all available rosidl_typesupport_c: rosidl_typesupport_fastrtps_c;rosidl_typesupport_introspection_c
-- Using all available rosidl_typesupport_cpp: rosidl_typesupport_fastrtps_cpp;rosidl_typesupport_introspection_cpp
-- Found rosidl_default_generators: 1.2.0 (/opt/ros/humble/install/share/rosidl_default_generators/cmake)
-- Found ament_cmake_ros: 0.10.0 (/opt/ros/humble/install/share/ament_cmake_ros/cmake)
-- Using all available rosidl_typesupport_c: rosidl_typesupport_fastrtps_c;rosidl_typesupport_introspection_c
-- Using all available rosidl_typesupport_cpp: rosidl_typesupport_fastrtps_cpp;rosidl_typesupport_introspection_cpp
[33mCMake Warning (dev) at /opt/ros/humble/install/share/rosidl_generator_py/cmake/rosidl_generator_py_generate_interfaces.cmake:20 (find_package):
  Policy CMP0148 is not set: The FindPythonInterp and FindPythonLibs modules
  are removed.  Run "cmake --help-policy CMP0148" for policy details.  Use
  the cmake_policy command to set the policy and suppress this warning.

Call Stack (most recent call first):
  /opt/ros/humble/install/share/ament_cmake_core/cmake/core/ament_execute_extensions.cmake:48 (include)
  /opt/ros/humble/install/share/rosidl_cmake/cmake/rosidl_generate_interfaces.cmake:286 (ament_execute_extensions)
  CMakeLists.txt:34 (rosidl_generate_interfaces)
This warning is for project developers.  Use -Wno-dev to suppress it.
[0m
-- Found PythonInterp: /usr/bin/python3.6 (found suitable version "3.6.9", minimum required is "3.6") 
-- Found python_cmake_module: 0.10.0 (/opt/ros/humble/install/share/python_cmake_module/cmake)
[33mCMake Warning (dev) at /opt/ros/humble/install/share/python_cmake_module/cmake/Modules/FindPythonExtra.cmake:52 (find_package):
  Policy CMP0148 is not set: The FindPythonInterp and FindPythonLibs modules
  are removed.  Run "cmake --help-policy CMP0148" for policy details.  Use
  the cmake_policy command to set the policy and suppress this warning.

Call Stack (most recent call first):
  /opt/ros/humble/install/share/rosidl_generator_py/cmake/rosidl_generator_py_generate_interfaces.cmake:23 (find_package)
  /opt/ros/humble/install/share/ament_cmake_core/cmake/core/ament_execute_extensions.cmake:48 (include)
  /opt/ros/humble/install/share/rosidl_cmake/cmake/rosidl_generate_interfaces.cmake:286 (ament_execute_extensions)
  CMakeLists.txt:34 (rosidl_generate_interfaces)
This warning is for project developers.  Use -Wno-dev to suppress it.
[0m
[33mCMake Warning (dev) at /opt/ros/humble/install/share/python_cmake_module/cmake/Modules/FindPythonExtra.cmake:140 (find_package):
  Policy CMP0148 is not set: The FindPythonInterp and FindPythonLibs modules
  are removed.  Run "cmake --help-policy CMP0148" for policy details.  Use
  the cmake_policy command to set the policy and suppress this warning.

Call Stack (most recent call first):
  /opt/ros/humble/install/share/rosidl_generator_py/cmake/rosidl_generator_py_generate_interfaces.cmake:23 (find_package)
  /opt/ros/humble/install/share/ament_cmake_core/cmake/core/ament_execute_extensions.cmake:48 (include)
  /opt/ros/humble/install/share/rosidl_cmake/cmake/rosidl_generate_interfaces.cmake:286 (ament_execute_extensions)
  CMakeLists.txt:34 (rosidl_generate_interfaces)
This warning is for project developers.  Use -Wno-dev to suppress it.
[0m
-- Found PythonLibs: /usr/lib/aarch64-linux-gnu/libpython3.6m.so (found suitable version "3.6.9", minimum required is "3.5") 
-- Using PYTHON_EXECUTABLE: /usr/bin/python3.6
-- Using PYTHON_INCLUDE_DIRS: /usr/include/python3.6m
-- Using PYTHON_LIBRARIES: /usr/lib/aarch64-linux-gnu/libpython3.6m.so
-- Found PythonExtra: .so  
-- Using numpy include directory: /usr/local/lib/python3.6/dist-packages/numpy/core/include
-- Found ament_lint_auto: 0.12.7 (/opt/ros/humble/install/share/ament_lint_auto/cmake)
-- Added test 'copyright' to check source files copyright and LICENSE
-- Added test 'lint_cmake' to check CMake code style
-- Added test 'xmllint' to check XML markup files
-- Configuring done (25.5s)
-- Generating done (0.3s)
-- Build files have been written to: /root/Workspaces/rosgsthumble_ws/build/gst_msgs
[  1%] [34m[1mGenerating C code for ROS interfaces[0m
[  2%] [34m[1mGenerating C++ code for ROS interfaces[0m
[  2%] Built target ament_cmake_python_symlink_gst_msgs
running egg_info
creating gst_msgs.egg-info
writing gst_msgs.egg-info/PKG-INFO
writing dependency_links to gst_msgs.egg-info/dependency_links.txt
writing top-level names to gst_msgs.egg-info/top_level.txt
writing manifest file 'gst_msgs.egg-info/SOURCES.txt'
reading manifest file 'gst_msgs.egg-info/SOURCES.txt'
writing manifest file 'gst_msgs.egg-info/SOURCES.txt'
[  2%] Built target ament_cmake_python_build_gst_msgs_egg
[  2%] Built target gst_msgs__cpp
[  3%] [32mBuilding C object CMakeFiles/gst_msgs__rosidl_generator_c.dir/rosidl_generator_c/gst_msgs/msg/detail/frame_gate__functions.c.o[0m
[  5%] [32mBuilding C object CMakeFiles/gst_msgs__rosidl_generator_c.dir/rosidl_generator_c/gst_msgs/msg/detail/webrtc_ice__functions.c.o[0m
[  6%] [32mBuilding C object CMakeFiles/gst_msgs__rosidl_generator_c.dir/rosidl_generator_c/gst_msgs/msg/detail/buffer_event__functions.c.o[0m
[  7%] [32mBuilding C object CMakeFiles/gst_msgs__rosidl_generator_c.dir/rosidl_generator_c/gst_msgs/msg/detail/clock_observation__functions.c.o[0m
[  8%] [32mBuilding C object CMakeFiles/gst_msgs__rosidl_generator_c.dir/rosidl_generator_c/gst_msgs/msg/detail/multifilesink_event__functions.c.o[0m
[ 10%] [32mBuilding C object CMakeFiles/gst_msgs__rosidl_generator_c.dir/rosidl_generator_c/gst_msgs/msg/detail/meta_mark__functions.c.o[0m
[ 11%] [32mBuilding C object CMakeFiles/gst_msgs__rosidl_generator_c.dir/rosidl_generator_c/gst_msgs/srv/detail/seek__functions.c.o[0m
[ 12%] [32m[1mLinking C shared library libgst_msgs__rosidl_generator_c.so[0m
[ 12%] Built target gst_msgs__rosidl_generator_c
[ 13%] [34m[1mGenerating C++ introspection for ROS interfaces[0m
[ 15%] [32mBuilding CXX object CMakeFiles/gst_msgs__rosidl_typesupport_introspection_cpp.dir/rosidl_typesupport_introspection_cpp/gst_msgs/msg/detail/frame_gate__type_support.cpp.o[0m
[ 16%] [32mBuilding CXX object CMakeFiles/gst_msgs__rosidl_typesupport_introspection_cpp.dir/rosidl_typesupport_introspection_cpp/gst_msgs/msg/detail/webrtc_ice__type_support.cpp.o[0m
[ 17%] [32mBuilding CXX object CMakeFiles/gst_msgs__rosidl_typesupport_introspection_cpp.dir/rosidl_typesupport_introspection_cpp/gst_msgs/msg/detail/buffer_event__type_support.cpp.o[0m
[ 18%] [32mBuilding CXX object CMakeFiles/gst_msgs__rosidl_typesupport_introspection_cpp.dir/rosidl_typesupport_introspection_cpp/gst_msgs/msg/detail/clock_observation__type_support.cpp.o[0m
[ 20%] [32mBuilding CXX object CMakeFiles/gst_msgs__rosidl_typesupport_introspection_cpp.dir/rosidl_typesupport_introspection_cpp/gst_msgs/msg/detail/multifilesink_event__type_support.cpp.o[0m
[ 21%] [32mBuilding CXX object CMakeFiles/gst_msgs__rosidl_typesupport_introspection_cpp.dir/rosidl_typesupport_introspection_cpp/gst_msgs/msg/detail/meta_mark__type_support.cpp.o[0m
[ 22%] [32mBuilding CXX object CMakeFiles/gst_msgs__rosidl_typesupport_introspection_cpp.dir/rosidl_typesupport_introspection_cpp/gst_msgs/srv/detail/seek__type_support.cpp.o[0m
[ 24%] [32m[1mLinking CXX shared library libgst_msgs__rosidl_typesupport_introspection_cpp.so[0m
[ 24%] Built target gst_msgs__rosidl_typesupport_introspection_cpp
[ 25%] [34m[1mGenerating C type support for eProsima Fast-RTPS[0m
[ 26%] [32mBuilding CXX object CMakeFiles/gst_msgs__rosidl_typesupport_fastrtps_c.dir/rosidl_typesupport_fastrtps_c/gst_msgs/msg/detail/frame_gate__type_support_c.cpp.o[0m
[ 27%] [32mBuilding CXX object CMakeFiles/gst_msgs__rosidl_typesupport_fastrtps_c.dir/rosidl_typesupport_fastrtps_c/gst_msgs/msg/detail/webrtc_ice__type_support_c.cpp.o[0m
[ 29%] [32mBuilding CXX object CMakeFiles/gst_msgs__rosidl_typesupport_fastrtps_c.dir/rosidl_typesupport_fastrtps_c/gst_msgs/msg/detail/buffer_event__type_support_c.cpp.o[0m
[ 30%] [32mBuilding CXX object CMakeFiles/gst_msgs__rosidl_typesupport_fastrtps_c.dir/rosidl_typesupport_fastrtps_c/gst_msgs/msg/detail/clock_observation__type_support_c.cpp.o[0m
[ 31%] [32mBuilding CXX object CMakeFiles/gst_msgs__rosidl_typesupport_fastrtps_c.dir/rosidl_typesupport_fastrtps_c/gst_msgs/msg/detail/multifilesink_event__type_support_c.cpp.o[0m
[ 32%] [32mBuilding CXX object CMakeFiles/gst_msgs__rosidl_typesupport_fastrtps_c.dir/rosidl_typesupport_fastrtps_c/gst_msgs/msg/detail/meta_mark__type_support_c.cpp.o[0m
[ 34%] [32mBuilding CXX object CMakeFiles/gst_msgs__rosidl_typesupport_fastrtps_c.dir/rosidl_typesupport_fastrtps_c/gst_msgs/srv/detail/seek__type_support_c.cpp.o[0m
[ 35%] [32m[1mLinking CXX shared library libgst_msgs__rosidl_typesupport_fastrtps_c.so[0m
[ 35%] Built target gst_msgs__rosidl_typesupport_fastrtps_c
[ 36%] [34m[1mGenerating C introspection for ROS interfaces[0m
[ 37%] [32mBuilding C object CMakeFiles/gst_msgs__rosidl_typesupport_introspection_c.dir/rosidl_typesupport_introspection_c/gst_msgs/msg/detail/frame_gate__type_support.c.o[0m
[ 39%] [32mBuilding C object CMakeFiles/gst_msgs__rosidl_typesupport_introspection_c.dir/rosidl_typesupport_introspection_c/gst_msgs/msg/detail/webrtc_ice__type_support.c.o[0m
[ 40%] [32mBuilding C object CMakeFiles/gst_msgs__rosidl_typesupport_introspection_c.dir/rosidl_typesupport_introspection_c/gst_msgs/msg/detail/buffer_event__type_support.c.o[0m
[ 41%] [32mBuilding C object CMakeFiles/gst_msgs__rosidl_typesupport_introspection_c.dir/rosidl_typesupport_introspection_c/gst_msgs/msg/detail/clock_observation__type_support.c.o[0m
[ 43%] [32mBuilding C object CMakeFiles/gst_msgs__rosidl_typesupport_introspection_c.dir/rosidl_typesupport_introspection_c/gst_msgs/msg/detail/multifilesink_event__type_support.c.o[0m
[ 44%] [32mBuilding C object CMakeFiles/gst_msgs__rosidl_typesupport_introspection_c.dir/rosidl_typesupport_introspection_c/gst_msgs/msg/detail/meta_mark__type_support.c.o[0m
[ 45%] [32mBuilding C object CMakeFiles/gst_msgs__rosidl_typesupport_introspection_c.dir/rosidl_typesupport_introspection_c/gst_msgs/srv/detail/seek__type_support.c.o[0m
[ 46%] [32m[1mLinking C shared library libgst_msgs__rosidl_typesupport_introspection_c.so[0m
[ 46%] Built target gst_msgs__rosidl_typesupport_introspection_c
[ 48%] [34m[1mGenerating C type support dispatch for ROS interfaces[0m
[ 49%] [32mBuilding CXX object CMakeFiles/gst_msgs__rosidl_typesupport_c.dir/rosidl_typesupport_c/gst_msgs/msg/frame_gate__type_support.cpp.o[0m
[ 50%] [32mBuilding CXX object CMakeFiles/gst_msgs__rosidl_typesupport_c.dir/rosidl_typesupport_c/gst_msgs/msg/webrtc_ice__type_support.cpp.o[0m
[ 51%] [32mBuilding CXX object CMakeFiles/gst_msgs__rosidl_typesupport_c.dir/rosidl_typesupport_c/gst_msgs/msg/buffer_event__type_support.cpp.o[0m
[ 53%] [32mBuilding CXX object CMakeFiles/gst_msgs__rosidl_typesupport_c.dir/rosidl_typesupport_c/gst_msgs/msg/clock_observation__type_support.cpp.o[0m
[ 54%] [32mBuilding CXX object CMakeFiles/gst_msgs__rosidl_typesupport_c.dir/rosidl_typesupport_c/gst_msgs/msg/multifilesink_event__type_support.cpp.o[0m
[ 55%] [32mBuilding CXX object CMakeFiles/gst_msgs__rosidl_typesupport_c.dir/rosidl_typesupport_c/gst_msgs/msg/meta_mark__type_support.cpp.o[0m
[ 56%] [32mBuilding CXX object CMakeFiles/gst_msgs__rosidl_typesupport_c.dir/rosidl_typesupport_c/gst_msgs/srv/seek__type_support.cpp.o[0m
[ 58%] [32m[1mLinking CXX shared library libgst_msgs__rosidl_typesupport_c.so[0m
[ 58%] Built target gst_msgs__rosidl_typesupport_c
[ 59%] [34m[1mGenerating C++ type support for eProsima Fast-RTPS[0m
[ 60%] [32mBuilding CXX object CMakeFiles/gst_msgs__rosidl_typesupport_fastrtps_cpp.dir/rosidl_typesupport_fastrtps_cpp/gst_msgs/msg/detail/dds_fastrtps/frame_gate__type_support.cpp.o[0m
[ 62%] [32mBuilding CXX object CMakeFiles/gst_msgs__rosidl_typesupport_fastrtps_cpp.dir/rosidl_typesupport_fastrtps_cpp/gst_msgs/msg/detail/dds_fastrtps/buffer_event__type_support.cpp.o[0m
[ 63%] [32mBuilding CXX object CMakeFiles/gst_msgs__rosidl_typesupport_fastrtps_cpp.dir/rosidl_typesupport_fastrtps_cpp/gst_msgs/msg/detail/dds_fastrtps/clock_observation__type_support.cpp.o[0m
[ 64%] [32mBuilding CXX object CMakeFiles/gst_msgs__rosidl_typesupport_fastrtps_cpp.dir/rosidl_typesupport_fastrtps_cpp/gst_msgs/msg/detail/dds_fastrtps/multifilesink_event__type_support.cpp.o[0m
[ 65%] [32mBuilding CXX object CMakeFiles/gst_msgs__rosidl_typesupport_fastrtps_cpp.dir/rosidl_typesupport_fastrtps_cpp/gst_msgs/msg/detail/dds_fastrtps/meta_mark__type_support.cpp.o[0m
[ 67%] [32mBuilding CXX object CMakeFiles/gst_msgs__rosidl_typesupport_fastrtps_cpp.dir/rosidl_typesupport_fastrtps_cpp/gst_msgs/srv/detail/dds_fastrtps/seek__type_support.cpp.o[0m
[ 68%] [32mBuilding CXX object CMakeFiles/gst_msgs__rosidl_typesupport_fastrtps_cpp.dir/rosidl_typesupport_fastrtps_cpp/gst_msgs/msg/detail/dds_fastrtps/webrtc_ice__type_support.cpp.o[0m
[ 69%] [32m[1mLinking CXX shared library libgst_msgs__rosidl_typesupport_fastrtps_cpp.so[0m
[ 69%] Built target gst_msgs__rosidl_typesupport_fastrtps_cpp
[ 70%] [34m[1mGenerating C++ type support dispatch for ROS interfaces[0m
[ 72%] [32mBuilding CXX object CMakeFiles/gst_msgs__rosidl_typesupport_cpp.dir/rosidl_typesupport_cpp/gst_msgs/msg/frame_gate__type_support.cpp.o[0m
[ 73%] [32mBuilding CXX object CMakeFiles/gst_msgs__rosidl_typesupport_cpp.dir/rosidl_typesupport_cpp/gst_msgs/msg/clock_observation__type_support.cpp.o[0m
[ 74%] [32mBuilding CXX object CMakeFiles/gst_msgs__rosidl_typesupport_cpp.dir/rosidl_typesupport_cpp/gst_msgs/msg/multifilesink_event__type_support.cpp.o[0m
[ 75%] [32mBuilding CXX object CMakeFiles/gst_msgs__rosidl_typesupport_cpp.dir/rosidl_typesupport_cpp/gst_msgs/msg/meta_mark__type_support.cpp.o[0m
[ 77%] [32mBuilding CXX object CMakeFiles/gst_msgs__rosidl_typesupport_cpp.dir/rosidl_typesupport_cpp/gst_msgs/srv/seek__type_support.cpp.o[0m
[ 78%] [32mBuilding CXX object CMakeFiles/gst_msgs__rosidl_typesupport_cpp.dir/rosidl_typesupport_cpp/gst_msgs/msg/buffer_event__type_support.cpp.o[0m
[ 79%] [32mBuilding CXX object CMakeFiles/gst_msgs__rosidl_typesupport_cpp.dir/rosidl_typesupport_cpp/gst_msgs/msg/webrtc_ice__type_support.cpp.o[0m
[ 81%] [32m[1mLinking CXX shared library libgst_msgs__rosidl_typesupport_cpp.so[0m
[ 81%] Built target gst_msgs__rosidl_typesupport_cpp
[ 81%] Built target gst_msgs
[ 82%] [34m[1mGenerating Python code for ROS interfaces[0m
[ 82%] Built target gst_msgs__py
[ 86%] [32mBuilding C object CMakeFiles/gst_msgs__rosidl_generator_py.dir/rosidl_generator_py/gst_msgs/msg/_frame_gate_s.c.o[0m
[ 86%] [32mBuilding C object CMakeFiles/gst_msgs__rosidl_generator_py.dir/rosidl_generator_py/gst_msgs/msg/_webrtc_ice_s.c.o[0m
[ 86%] [32mBuilding C object CMakeFiles/gst_msgs__rosidl_generator_py.dir/rosidl_generator_py/gst_msgs/msg/_buffer_event_s.c.o[0m
[ 87%] [32mBuilding C object CMakeFiles/gst_msgs__rosidl_generator_py.dir/rosidl_generator_py/gst_msgs/msg/_clock_observation_s.c.o[0m
[ 88%] [32mBuilding C object CMakeFiles/gst_msgs__rosidl_generator_py.dir/rosidl_generator_py/gst_msgs/msg/_multifilesink_event_s.c.o[0m
[ 89%] [32mBuilding C object CMakeFiles/gst_msgs__rosidl_generator_py.dir/rosidl_generator_py/gst_msgs/msg/_meta_mark_s.c.o[0m
[ 91%] [32mBuilding C object CMakeFiles/gst_msgs__rosidl_generator_py.dir/rosidl_generator_py/gst_msgs/srv/_seek_s.c.o[0m
[ 92%] [32m[1mLinking C shared library rosidl_generator_py/gst_msgs/libgst_msgs__rosidl_generator_py.so[0m
[ 92%] Built target gst_msgs__rosidl_generator_py
[ 96%] [32mBuilding C object CMakeFiles/gst_msgs__rosidl_typesupport_introspection_c__pyext.dir/rosidl_generator_py/gst_msgs/_gst_msgs_s.ep.rosidl_typesupport_introspection_c.c.o[0m
[ 96%] [32mBuilding C object CMakeFiles/gst_msgs__rosidl_typesupport_fastrtps_c__pyext.dir/rosidl_generator_py/gst_msgs/_gst_msgs_s.ep.rosidl_typesupport_fastrtps_c.c.o[0m
[ 96%] [32mBuilding C object CMakeFiles/gst_msgs__rosidl_typesupport_c__pyext.dir/rosidl_generator_py/gst_msgs/_gst_msgs_s.ep.rosidl_typesupport_c.c.o[0m
[ 97%] [32m[1mLinking C shared library rosidl_generator_py/gst_msgs/gst_msgs_s__rosidl_typesupport_introspection_c.cpython-36m-aarch64-linux-gnu.so[0m
[ 98%] [32m[1mLinking C shared library rosidl_generator_py/gst_msgs/gst_msgs_s__rosidl_typesupport_c.cpython-36m-aarch64-linux-gnu.so[0m
[100%] [32m[1mLinking C shared library rosidl_generator_py/gst_msgs/gst_msgs_s__rosidl_typesupport_fastrtps_c.cpython-36m-aarch64-linux-gnu.so[0m
[100%] Built target gst_msgs__rosidl_typesupport_introspection_c__pyext
[100%] Built target gst_msgs__rosidl_typesupport_c__pyext
[100%] Built target gst_msgs__rosidl_typesupport_fastrtps_c__pyext
