[0.218s] Invoking command in '/root/Workspaces/rosgsthumble_ws/build/gst_msgs': /usr/local/bin/cmake /root/Workspaces/rosgsthumble_ws/src/ros-gst-bridge/gst_msgs -DAMENT_CMAKE_SYMLINK_INSTALL=1 -DCMAKE_INSTALL_PREFIX=/root/Workspaces/rosgsthumble_ws/install/gst_msgs
[1.060s] -- The C compiler identification is GNU 7.5.0
[1.580s] -- The CXX compiler identification is GNU 7.5.0
[1.684s] -- Detecting C compiler ABI info
[1.983s] -- Detecting C compiler ABI info - done
[2.038s] -- Check for working C compiler: /usr/bin/cc - skipped
[2.040s] -- Detecting C compile features
[2.042s] -- Detecting C compile features - done
[2.102s] -- Detecting CXX compiler ABI info
[2.408s] -- Detecting CXX compiler ABI info - done
[2.470s] -- Check for working CXX compiler: /usr/bin/c++ - skipped
[2.472s] -- Detecting CXX compile features
[2.474s] -- Detecting CXX compile features - done
[2.518s] -- Found ament_cmake: 1.3.5 (/opt/ros/humble/install/share/ament_cmake/cmake)
[8.180s] -- Found Python3: /usr/bin/python3.6 (found version "3.6.9") found components: Interpreter 
[8.670s] -- Override CMake install command with custom implementation using symlinks instead of copying resources
[8.929s] -- Found std_msgs: 4.2.3 (/opt/ros/humble/install/share/std_msgs/cmake)
[9.180s] -- Found rosidl_generator_c: 3.1.5 (/opt/ros/humble/install/share/rosidl_generator_c/cmake)
[9.218s] -- Found rosidl_adapter: 3.1.5 (/opt/ros/humble/install/share/rosidl_adapter/cmake)
[9.284s] -- Found rosidl_generator_cpp: 3.1.5 (/opt/ros/humble/install/share/rosidl_generator_cpp/cmake)
[9.394s] -- Using all available rosidl_typesupport_c: rosidl_typesupport_fastrtps_c;rosidl_typesupport_introspection_c
[9.540s] -- Using all available rosidl_typesupport_cpp: rosidl_typesupport_fastrtps_cpp;rosidl_typesupport_introspection_cpp
[9.968s] -- Found rosidl_default_generators: 1.2.0 (/opt/ros/humble/install/share/rosidl_default_generators/cmake)
[13.253s] -- Found ament_cmake_ros: 0.10.0 (/opt/ros/humble/install/share/ament_cmake_ros/cmake)
[19.278s] -- Using all available rosidl_typesupport_c: rosidl_typesupport_fastrtps_c;rosidl_typesupport_introspection_c
[22.955s] -- Using all available rosidl_typesupport_cpp: rosidl_typesupport_fastrtps_cpp;rosidl_typesupport_introspection_cpp
[22.961s] [33mCMake Warning (dev) at /opt/ros/humble/install/share/rosidl_generator_py/cmake/rosidl_generator_py_generate_interfaces.cmake:20 (find_package):
[22.962s]   Policy CMP0148 is not set: The FindPythonInterp and FindPythonLibs modules
[22.962s]   are removed.  Run "cmake --help-policy CMP0148" for policy details.  Use
[22.963s]   the cmake_policy command to set the policy and suppress this warning.
[22.964s] 
[22.964s] Call Stack (most recent call first):
[22.965s]   /opt/ros/humble/install/share/ament_cmake_core/cmake/core/ament_execute_extensions.cmake:48 (include)
[22.965s]   /opt/ros/humble/install/share/rosidl_cmake/cmake/rosidl_generate_interfaces.cmake:286 (ament_execute_extensions)
[22.966s]   CMakeLists.txt:34 (rosidl_generate_interfaces)
[22.967s] This warning is for project developers.  Use -Wno-dev to suppress it.
[22.967s] [0m
[23.244s] -- Found PythonInterp: /usr/bin/python3.6 (found suitable version "3.6.9", minimum required is "3.6") 
[23.269s] -- Found python_cmake_module: 0.10.0 (/opt/ros/humble/install/share/python_cmake_module/cmake)
[23.272s] [33mCMake Warning (dev) at /opt/ros/humble/install/share/python_cmake_module/cmake/Modules/FindPythonExtra.cmake:52 (find_package):
[23.273s]   Policy CMP0148 is not set: The FindPythonInterp and FindPythonLibs modules
[23.274s]   are removed.  Run "cmake --help-policy CMP0148" for policy details.  Use
[23.275s]   the cmake_policy command to set the policy and suppress this warning.
[23.275s] 
[23.276s] Call Stack (most recent call first):
[23.277s]   /opt/ros/humble/install/share/rosidl_generator_py/cmake/rosidl_generator_py_generate_interfaces.cmake:23 (find_package)
[23.278s]   /opt/ros/humble/install/share/ament_cmake_core/cmake/core/ament_execute_extensions.cmake:48 (include)
[23.278s]   /opt/ros/humble/install/share/rosidl_cmake/cmake/rosidl_generate_interfaces.cmake:286 (ament_execute_extensions)
[23.279s]   CMakeLists.txt:34 (rosidl_generate_interfaces)
[23.280s] This warning is for project developers.  Use -Wno-dev to suppress it.
[23.280s] [0m
[23.493s] [33mCMake Warning (dev) at /opt/ros/humble/install/share/python_cmake_module/cmake/Modules/FindPythonExtra.cmake:140 (find_package):
[23.494s]   Policy CMP0148 is not set: The FindPythonInterp and FindPythonLibs modules
[23.495s]   are removed.  Run "cmake --help-policy CMP0148" for policy details.  Use
[23.496s]   the cmake_policy command to set the policy and suppress this warning.
[23.496s] 
[23.497s] Call Stack (most recent call first):
[23.498s]   /opt/ros/humble/install/share/rosidl_generator_py/cmake/rosidl_generator_py_generate_interfaces.cmake:23 (find_package)
[23.498s]   /opt/ros/humble/install/share/ament_cmake_core/cmake/core/ament_execute_extensions.cmake:48 (include)
[23.499s]   /opt/ros/humble/install/share/rosidl_cmake/cmake/rosidl_generate_interfaces.cmake:286 (ament_execute_extensions)
[23.499s]   CMakeLists.txt:34 (rosidl_generate_interfaces)
[23.500s] This warning is for project developers.  Use -Wno-dev to suppress it.
[23.500s] [0m
[23.559s] -- Found PythonLibs: /usr/lib/aarch64-linux-gnu/libpython3.6m.so (found suitable version "3.6.9", minimum required is "3.5") 
[23.560s] -- Using PYTHON_EXECUTABLE: /usr/bin/python3.6
[23.561s] -- Using PYTHON_INCLUDE_DIRS: /usr/include/python3.6m
[23.562s] -- Using PYTHON_LIBRARIES: /usr/lib/aarch64-linux-gnu/libpython3.6m.so
[23.824s] -- Found PythonExtra: .so  
[25.448s] -- Using numpy include directory: /usr/local/lib/python3.6/dist-packages/numpy/core/include
[25.758s] -- Found ament_lint_auto: 0.12.7 (/opt/ros/humble/install/share/ament_lint_auto/cmake)
[25.971s] -- Added test 'copyright' to check source files copyright and LICENSE
[25.989s] -- Added test 'lint_cmake' to check CMake code style
[25.999s] -- Added test 'xmllint' to check XML markup files
[26.027s] -- Configuring done (25.5s)
[26.355s] -- Generating done (0.3s)
[26.389s] -- Build files have been written to: /root/Workspaces/rosgsthumble_ws/build/gst_msgs
[26.510s] Invoked command in '/root/Workspaces/rosgsthumble_ws/build/gst_msgs' returned '0': /usr/local/bin/cmake /root/Workspaces/rosgsthumble_ws/src/ros-gst-bridge/gst_msgs -DAMENT_CMAKE_SYMLINK_INSTALL=1 -DCMAKE_INSTALL_PREFIX=/root/Workspaces/rosgsthumble_ws/install/gst_msgs
[26.514s] Invoking command in '/root/Workspaces/rosgsthumble_ws/build/gst_msgs': /usr/local/bin/cmake --build /root/Workspaces/rosgsthumble_ws/build/gst_msgs -- -j4 -l4
[27.035s] [  1%] [34m[1mGenerating C code for ROS interfaces[0m
[27.122s] [  2%] [34m[1mGenerating C++ code for ROS interfaces[0m
[27.183s] [  2%] Built target ament_cmake_python_symlink_gst_msgs
[31.623s] running egg_info
[31.626s] creating gst_msgs.egg-info
[31.627s] writing gst_msgs.egg-info/PKG-INFO
[31.627s] writing dependency_links to gst_msgs.egg-info/dependency_links.txt
[31.628s] writing top-level names to gst_msgs.egg-info/top_level.txt
[31.629s] writing manifest file 'gst_msgs.egg-info/SOURCES.txt'
[31.673s] reading manifest file 'gst_msgs.egg-info/SOURCES.txt'
[31.677s] writing manifest file 'gst_msgs.egg-info/SOURCES.txt'
[31.946s] [  2%] Built target ament_cmake_python_build_gst_msgs_egg
[44.718s] [  2%] Built target gst_msgs__cpp
[45.557s] [  3%] [32mBuilding C object CMakeFiles/gst_msgs__rosidl_generator_c.dir/rosidl_generator_c/gst_msgs/msg/detail/frame_gate__functions.c.o[0m
[45.959s] [  5%] [32mBuilding C object CMakeFiles/gst_msgs__rosidl_generator_c.dir/rosidl_generator_c/gst_msgs/msg/detail/webrtc_ice__functions.c.o[0m
[46.304s] [  6%] [32mBuilding C object CMakeFiles/gst_msgs__rosidl_generator_c.dir/rosidl_generator_c/gst_msgs/msg/detail/buffer_event__functions.c.o[0m
[46.703s] [  7%] [32mBuilding C object CMakeFiles/gst_msgs__rosidl_generator_c.dir/rosidl_generator_c/gst_msgs/msg/detail/clock_observation__functions.c.o[0m
[46.975s] [  8%] [32mBuilding C object CMakeFiles/gst_msgs__rosidl_generator_c.dir/rosidl_generator_c/gst_msgs/msg/detail/multifilesink_event__functions.c.o[0m
[47.274s] [ 10%] [32mBuilding C object CMakeFiles/gst_msgs__rosidl_generator_c.dir/rosidl_generator_c/gst_msgs/msg/detail/meta_mark__functions.c.o[0m
[47.574s] [ 11%] [32mBuilding C object CMakeFiles/gst_msgs__rosidl_generator_c.dir/rosidl_generator_c/gst_msgs/srv/detail/seek__functions.c.o[0m
[48.036s] [ 12%] [32m[1mLinking C shared library libgst_msgs__rosidl_generator_c.so[0m
[48.266s] [ 12%] Built target gst_msgs__rosidl_generator_c
[48.322s] [ 13%] [34m[1mGenerating C++ introspection for ROS interfaces[0m
[55.342s] [ 15%] [32mBuilding CXX object CMakeFiles/gst_msgs__rosidl_typesupport_introspection_cpp.dir/rosidl_typesupport_introspection_cpp/gst_msgs/msg/detail/frame_gate__type_support.cpp.o[0m
[57.085s] [ 16%] [32mBuilding CXX object CMakeFiles/gst_msgs__rosidl_typesupport_introspection_cpp.dir/rosidl_typesupport_introspection_cpp/gst_msgs/msg/detail/webrtc_ice__type_support.cpp.o[0m
[58.750s] [ 17%] [32mBuilding CXX object CMakeFiles/gst_msgs__rosidl_typesupport_introspection_cpp.dir/rosidl_typesupport_introspection_cpp/gst_msgs/msg/detail/buffer_event__type_support.cpp.o[0m
[59.994s] [ 18%] [32mBuilding CXX object CMakeFiles/gst_msgs__rosidl_typesupport_introspection_cpp.dir/rosidl_typesupport_introspection_cpp/gst_msgs/msg/detail/clock_observation__type_support.cpp.o[0m
[61.399s] [ 20%] [32mBuilding CXX object CMakeFiles/gst_msgs__rosidl_typesupport_introspection_cpp.dir/rosidl_typesupport_introspection_cpp/gst_msgs/msg/detail/multifilesink_event__type_support.cpp.o[0m
[62.774s] [ 21%] [32mBuilding CXX object CMakeFiles/gst_msgs__rosidl_typesupport_introspection_cpp.dir/rosidl_typesupport_introspection_cpp/gst_msgs/msg/detail/meta_mark__type_support.cpp.o[0m
[64.155s] [ 22%] [32mBuilding CXX object CMakeFiles/gst_msgs__rosidl_typesupport_introspection_cpp.dir/rosidl_typesupport_introspection_cpp/gst_msgs/srv/detail/seek__type_support.cpp.o[0m
[65.494s] [ 24%] [32m[1mLinking CXX shared library libgst_msgs__rosidl_typesupport_introspection_cpp.so[0m
[65.725s] [ 24%] Built target gst_msgs__rosidl_typesupport_introspection_cpp
[65.746s] [ 25%] [34m[1mGenerating C type support for eProsima Fast-RTPS[0m
[71.562s] [ 26%] [32mBuilding CXX object CMakeFiles/gst_msgs__rosidl_typesupport_fastrtps_c.dir/rosidl_typesupport_fastrtps_c/gst_msgs/msg/detail/frame_gate__type_support_c.cpp.o[0m
[73.069s] [ 27%] [32mBuilding CXX object CMakeFiles/gst_msgs__rosidl_typesupport_fastrtps_c.dir/rosidl_typesupport_fastrtps_c/gst_msgs/msg/detail/webrtc_ice__type_support_c.cpp.o[0m
[74.548s] [ 29%] [32mBuilding CXX object CMakeFiles/gst_msgs__rosidl_typesupport_fastrtps_c.dir/rosidl_typesupport_fastrtps_c/gst_msgs/msg/detail/buffer_event__type_support_c.cpp.o[0m
[76.017s] [ 30%] [32mBuilding CXX object CMakeFiles/gst_msgs__rosidl_typesupport_fastrtps_c.dir/rosidl_typesupport_fastrtps_c/gst_msgs/msg/detail/clock_observation__type_support_c.cpp.o[0m
[77.499s] [ 31%] [32mBuilding CXX object CMakeFiles/gst_msgs__rosidl_typesupport_fastrtps_c.dir/rosidl_typesupport_fastrtps_c/gst_msgs/msg/detail/multifilesink_event__type_support_c.cpp.o[0m
[78.982s] [ 32%] [32mBuilding CXX object CMakeFiles/gst_msgs__rosidl_typesupport_fastrtps_c.dir/rosidl_typesupport_fastrtps_c/gst_msgs/msg/detail/meta_mark__type_support_c.cpp.o[0m
[80.391s] [ 34%] [32mBuilding CXX object CMakeFiles/gst_msgs__rosidl_typesupport_fastrtps_c.dir/rosidl_typesupport_fastrtps_c/gst_msgs/srv/detail/seek__type_support_c.cpp.o[0m
[81.908s] [ 35%] [32m[1mLinking CXX shared library libgst_msgs__rosidl_typesupport_fastrtps_c.so[0m
[82.175s] [ 35%] Built target gst_msgs__rosidl_typesupport_fastrtps_c
[82.207s] [ 36%] [34m[1mGenerating C introspection for ROS interfaces[0m
[87.562s] [ 37%] [32mBuilding C object CMakeFiles/gst_msgs__rosidl_typesupport_introspection_c.dir/rosidl_typesupport_introspection_c/gst_msgs/msg/detail/frame_gate__type_support.c.o[0m
[87.672s] [ 39%] [32mBuilding C object CMakeFiles/gst_msgs__rosidl_typesupport_introspection_c.dir/rosidl_typesupport_introspection_c/gst_msgs/msg/detail/webrtc_ice__type_support.c.o[0m
[87.797s] [ 40%] [32mBuilding C object CMakeFiles/gst_msgs__rosidl_typesupport_introspection_c.dir/rosidl_typesupport_introspection_c/gst_msgs/msg/detail/buffer_event__type_support.c.o[0m
[87.914s] [ 41%] [32mBuilding C object CMakeFiles/gst_msgs__rosidl_typesupport_introspection_c.dir/rosidl_typesupport_introspection_c/gst_msgs/msg/detail/clock_observation__type_support.c.o[0m
[88.046s] [ 43%] [32mBuilding C object CMakeFiles/gst_msgs__rosidl_typesupport_introspection_c.dir/rosidl_typesupport_introspection_c/gst_msgs/msg/detail/multifilesink_event__type_support.c.o[0m
[88.168s] [ 44%] [32mBuilding C object CMakeFiles/gst_msgs__rosidl_typesupport_introspection_c.dir/rosidl_typesupport_introspection_c/gst_msgs/msg/detail/meta_mark__type_support.c.o[0m
[88.297s] [ 45%] [32mBuilding C object CMakeFiles/gst_msgs__rosidl_typesupport_introspection_c.dir/rosidl_typesupport_introspection_c/gst_msgs/srv/detail/seek__type_support.c.o[0m
[88.431s] [ 46%] [32m[1mLinking C shared library libgst_msgs__rosidl_typesupport_introspection_c.so[0m
[88.502s] [ 46%] Built target gst_msgs__rosidl_typesupport_introspection_c
[88.521s] [ 48%] [34m[1mGenerating C type support dispatch for ROS interfaces[0m
[92.609s] [ 49%] [32mBuilding CXX object CMakeFiles/gst_msgs__rosidl_typesupport_c.dir/rosidl_typesupport_c/gst_msgs/msg/frame_gate__type_support.cpp.o[0m
[92.706s] [ 50%] [32mBuilding CXX object CMakeFiles/gst_msgs__rosidl_typesupport_c.dir/rosidl_typesupport_c/gst_msgs/msg/webrtc_ice__type_support.cpp.o[0m
[92.807s] [ 51%] [32mBuilding CXX object CMakeFiles/gst_msgs__rosidl_typesupport_c.dir/rosidl_typesupport_c/gst_msgs/msg/buffer_event__type_support.cpp.o[0m
[92.901s] [ 53%] [32mBuilding CXX object CMakeFiles/gst_msgs__rosidl_typesupport_c.dir/rosidl_typesupport_c/gst_msgs/msg/clock_observation__type_support.cpp.o[0m
[93.003s] [ 54%] [32mBuilding CXX object CMakeFiles/gst_msgs__rosidl_typesupport_c.dir/rosidl_typesupport_c/gst_msgs/msg/multifilesink_event__type_support.cpp.o[0m
[93.100s] [ 55%] [32mBuilding CXX object CMakeFiles/gst_msgs__rosidl_typesupport_c.dir/rosidl_typesupport_c/gst_msgs/msg/meta_mark__type_support.cpp.o[0m
[93.197s] [ 56%] [32mBuilding CXX object CMakeFiles/gst_msgs__rosidl_typesupport_c.dir/rosidl_typesupport_c/gst_msgs/srv/seek__type_support.cpp.o[0m
[93.309s] [ 58%] [32m[1mLinking CXX shared library libgst_msgs__rosidl_typesupport_c.so[0m
[93.411s] [ 58%] Built target gst_msgs__rosidl_typesupport_c
[93.432s] [ 59%] [34m[1mGenerating C++ type support for eProsima Fast-RTPS[0m
[98.915s] [ 60%] [32mBuilding CXX object CMakeFiles/gst_msgs__rosidl_typesupport_fastrtps_cpp.dir/rosidl_typesupport_fastrtps_cpp/gst_msgs/msg/detail/dds_fastrtps/frame_gate__type_support.cpp.o[0m
[100.414s] [ 62%] [32mBuilding CXX object CMakeFiles/gst_msgs__rosidl_typesupport_fastrtps_cpp.dir/rosidl_typesupport_fastrtps_cpp/gst_msgs/msg/detail/dds_fastrtps/buffer_event__type_support.cpp.o[0m
[101.961s] [ 63%] [32mBuilding CXX object CMakeFiles/gst_msgs__rosidl_typesupport_fastrtps_cpp.dir/rosidl_typesupport_fastrtps_cpp/gst_msgs/msg/detail/dds_fastrtps/clock_observation__type_support.cpp.o[0m
[103.455s] [ 64%] [32mBuilding CXX object CMakeFiles/gst_msgs__rosidl_typesupport_fastrtps_cpp.dir/rosidl_typesupport_fastrtps_cpp/gst_msgs/msg/detail/dds_fastrtps/multifilesink_event__type_support.cpp.o[0m
[105.022s] [ 65%] [32mBuilding CXX object CMakeFiles/gst_msgs__rosidl_typesupport_fastrtps_cpp.dir/rosidl_typesupport_fastrtps_cpp/gst_msgs/msg/detail/dds_fastrtps/meta_mark__type_support.cpp.o[0m
[106.571s] [ 67%] [32mBuilding CXX object CMakeFiles/gst_msgs__rosidl_typesupport_fastrtps_cpp.dir/rosidl_typesupport_fastrtps_cpp/gst_msgs/srv/detail/dds_fastrtps/seek__type_support.cpp.o[0m
[108.257s] [ 68%] [32mBuilding CXX object CMakeFiles/gst_msgs__rosidl_typesupport_fastrtps_cpp.dir/rosidl_typesupport_fastrtps_cpp/gst_msgs/msg/detail/dds_fastrtps/webrtc_ice__type_support.cpp.o[0m
[109.836s] [ 69%] [32m[1mLinking CXX shared library libgst_msgs__rosidl_typesupport_fastrtps_cpp.so[0m
[110.068s] [ 69%] Built target gst_msgs__rosidl_typesupport_fastrtps_cpp
[110.087s] [ 70%] [34m[1mGenerating C++ type support dispatch for ROS interfaces[0m
[114.466s] [ 72%] [32mBuilding CXX object CMakeFiles/gst_msgs__rosidl_typesupport_cpp.dir/rosidl_typesupport_cpp/gst_msgs/msg/frame_gate__type_support.cpp.o[0m
[115.433s] [ 73%] [32mBuilding CXX object CMakeFiles/gst_msgs__rosidl_typesupport_cpp.dir/rosidl_typesupport_cpp/gst_msgs/msg/clock_observation__type_support.cpp.o[0m
[116.364s] [ 74%] [32mBuilding CXX object CMakeFiles/gst_msgs__rosidl_typesupport_cpp.dir/rosidl_typesupport_cpp/gst_msgs/msg/multifilesink_event__type_support.cpp.o[0m
[117.282s] [ 75%] [32mBuilding CXX object CMakeFiles/gst_msgs__rosidl_typesupport_cpp.dir/rosidl_typesupport_cpp/gst_msgs/msg/meta_mark__type_support.cpp.o[0m
[118.214s] [ 77%] [32mBuilding CXX object CMakeFiles/gst_msgs__rosidl_typesupport_cpp.dir/rosidl_typesupport_cpp/gst_msgs/srv/seek__type_support.cpp.o[0m
[119.157s] [ 78%] [32mBuilding CXX object CMakeFiles/gst_msgs__rosidl_typesupport_cpp.dir/rosidl_typesupport_cpp/gst_msgs/msg/buffer_event__type_support.cpp.o[0m
[120.083s] [ 79%] [32mBuilding CXX object CMakeFiles/gst_msgs__rosidl_typesupport_cpp.dir/rosidl_typesupport_cpp/gst_msgs/msg/webrtc_ice__type_support.cpp.o[0m
[121.039s] [ 81%] [32m[1mLinking CXX shared library libgst_msgs__rosidl_typesupport_cpp.so[0m
[121.134s] [ 81%] Built target gst_msgs__rosidl_typesupport_cpp
[121.169s] [ 81%] Built target gst_msgs
[121.206s] [ 82%] [34m[1mGenerating Python code for ROS interfaces[0m
[131.389s] [ 82%] Built target gst_msgs__py
[131.422s] [ 86%] [32mBuilding C object CMakeFiles/gst_msgs__rosidl_generator_py.dir/rosidl_generator_py/gst_msgs/msg/_frame_gate_s.c.o[0m
[131.423s] [ 86%] [32mBuilding C object CMakeFiles/gst_msgs__rosidl_generator_py.dir/rosidl_generator_py/gst_msgs/msg/_webrtc_ice_s.c.o[0m
[131.424s] [ 86%] [32mBuilding C object CMakeFiles/gst_msgs__rosidl_generator_py.dir/rosidl_generator_py/gst_msgs/msg/_buffer_event_s.c.o[0m
[131.736s] [ 87%] [32mBuilding C object CMakeFiles/gst_msgs__rosidl_generator_py.dir/rosidl_generator_py/gst_msgs/msg/_clock_observation_s.c.o[0m
[131.742s] [ 88%] [32mBuilding C object CMakeFiles/gst_msgs__rosidl_generator_py.dir/rosidl_generator_py/gst_msgs/msg/_multifilesink_event_s.c.o[0m
[131.758s] [ 89%] [32mBuilding C object CMakeFiles/gst_msgs__rosidl_generator_py.dir/rosidl_generator_py/gst_msgs/msg/_meta_mark_s.c.o[0m
[132.073s] [ 91%] [32mBuilding C object CMakeFiles/gst_msgs__rosidl_generator_py.dir/rosidl_generator_py/gst_msgs/srv/_seek_s.c.o[0m
[132.415s] [ 92%] [32m[1mLinking C shared library rosidl_generator_py/gst_msgs/libgst_msgs__rosidl_generator_py.so[0m
[132.516s] [ 92%] Built target gst_msgs__rosidl_generator_py
[132.552s] [ 96%] [32mBuilding C object CMakeFiles/gst_msgs__rosidl_typesupport_introspection_c__pyext.dir/rosidl_generator_py/gst_msgs/_gst_msgs_s.ep.rosidl_typesupport_introspection_c.c.o[0m
[132.553s] [ 96%] [32mBuilding C object CMakeFiles/gst_msgs__rosidl_typesupport_fastrtps_c__pyext.dir/rosidl_generator_py/gst_msgs/_gst_msgs_s.ep.rosidl_typesupport_fastrtps_c.c.o[0m
[132.553s] [ 96%] [32mBuilding C object CMakeFiles/gst_msgs__rosidl_typesupport_c__pyext.dir/rosidl_generator_py/gst_msgs/_gst_msgs_s.ep.rosidl_typesupport_c.c.o[0m
[133.006s] [ 97%] [32m[1mLinking C shared library rosidl_generator_py/gst_msgs/gst_msgs_s__rosidl_typesupport_introspection_c.cpython-36m-aarch64-linux-gnu.so[0m
[133.012s] [ 98%] [32m[1mLinking C shared library rosidl_generator_py/gst_msgs/gst_msgs_s__rosidl_typesupport_c.cpython-36m-aarch64-linux-gnu.so[0m
[133.026s] [100%] [32m[1mLinking C shared library rosidl_generator_py/gst_msgs/gst_msgs_s__rosidl_typesupport_fastrtps_c.cpython-36m-aarch64-linux-gnu.so[0m
[133.124s] [100%] Built target gst_msgs__rosidl_typesupport_introspection_c__pyext
[133.140s] [100%] Built target gst_msgs__rosidl_typesupport_c__pyext
[133.150s] [100%] Built target gst_msgs__rosidl_typesupport_fastrtps_c__pyext
