[0.014s] Invoking command in '/root/Workspaces/rosgsthumble_ws/build/gst_msgs': CMAKE_PREFIX_PATH=${CMAKE_PREFIX_PATH}:/opt/ros/humble /usr/bin/cmake --build /root/Workspaces/rosgsthumble_ws/build/gst_msgs -- -j16 -l16
[0.132s] [35m[1mConsolidate compiler generated dependencies of target gst_msgs__rosidl_generator_c[0m
[0.140s] [  1%] Built target gst_msgs__cpp
[0.148s] [  1%] Built target ament_cmake_python_symlink_gst_msgs
[0.150s] [ 12%] Built target gst_msgs__rosidl_generator_c
[0.155s] [35m[1mConsolidate compiler generated dependencies of target gst_msgs__rosidl_typesupport_fastrtps_cpp[0m
[0.157s] [35m[1mConsolidate compiler generated dependencies of target gst_msgs__rosidl_typesupport_introspection_cpp[0m
[0.157s] [35m[1mConsolidate compiler generated dependencies of target gst_msgs__rosidl_typesupport_cpp[0m
[0.167s] [35m[1mConsolidate compiler generated dependencies of target gst_msgs__rosidl_typesupport_c[0m
[0.167s] [35m[1mConsolidate compiler generated dependencies of target gst_msgs__rosidl_typesupport_introspection_c[0m
[0.170s] [35m[1mConsolidate compiler generated dependencies of target gst_msgs__rosidl_typesupport_fastrtps_c[0m
[0.178s] [ 43%] Built target gst_msgs__rosidl_typesupport_cpp
[0.178s] [ 46%] Built target gst_msgs__rosidl_typesupport_fastrtps_cpp
[0.178s] [ 46%] Built target gst_msgs__rosidl_typesupport_introspection_cpp
[0.181s] [ 58%] Built target gst_msgs__rosidl_typesupport_c
[0.185s] [ 69%] Built target gst_msgs__rosidl_typesupport_introspection_c
[0.190s] [ 81%] Built target gst_msgs__rosidl_typesupport_fastrtps_c
[0.213s] [ 81%] Built target gst_msgs
[0.234s] [ 82%] Built target gst_msgs__py
[0.250s] [35m[1mConsolidate compiler generated dependencies of target gst_msgs__rosidl_generator_py[0m
[0.268s] [ 92%] Built target gst_msgs__rosidl_generator_py
[0.278s] [35m[1mConsolidate compiler generated dependencies of target gst_msgs__rosidl_typesupport_c__pyext[0m
[0.279s] [35m[1mConsolidate compiler generated dependencies of target gst_msgs__rosidl_typesupport_fastrtps_c__pyext[0m
[0.281s] [35m[1mConsolidate compiler generated dependencies of target gst_msgs__rosidl_typesupport_introspection_c__pyext[0m
[0.292s] [ 97%] Built target gst_msgs__rosidl_typesupport_fastrtps_c__pyext
[0.292s] [ 97%] Built target gst_msgs__rosidl_typesupport_c__pyext
[0.294s] [100%] Built target gst_msgs__rosidl_typesupport_introspection_c__pyext
[0.331s] running egg_info
[0.332s] writing gst_msgs.egg-info/PKG-INFO
[0.332s] writing dependency_links to gst_msgs.egg-info/dependency_links.txt
[0.332s] writing top-level names to gst_msgs.egg-info/top_level.txt
[0.334s] reading manifest file 'gst_msgs.egg-info/SOURCES.txt'
[0.335s] writing manifest file 'gst_msgs.egg-info/SOURCES.txt'
[0.358s] [100%] Built target ament_cmake_python_build_gst_msgs_egg
[0.372s] Invoked command in '/root/Workspaces/rosgsthumble_ws/build/gst_msgs' returned '0': CMAKE_PREFIX_PATH=${CMAKE_PREFIX_PATH}:/opt/ros/humble /usr/bin/cmake --build /root/Workspaces/rosgsthumble_ws/build/gst_msgs -- -j16 -l16
[0.373s] Invoking command in '/root/Workspaces/rosgsthumble_ws/build/gst_msgs': CMAKE_PREFIX_PATH=${CMAKE_PREFIX_PATH}:/opt/ros/humble /usr/bin/cmake --install /root/Workspaces/rosgsthumble_ws/build/gst_msgs
[0.379s] -- Install configuration: ""
[0.380s] -- Execute custom install script
[0.380s] -- Up-to-date symlink: /root/Workspaces/rosgsthumble_ws/install/gst_msgs/share/ament_index/resource_index/rosidl_interfaces/gst_msgs
[0.381s] -- Up-to-date symlink: /root/Workspaces/rosgsthumble_ws/install/gst_msgs/include/gst_msgs/gst_msgs/msg/buffer_event.h
[0.381s] -- Up-to-date symlink: /root/Workspaces/rosgsthumble_ws/install/gst_msgs/include/gst_msgs/gst_msgs/msg/clock_observation.h
[0.381s] -- Up-to-date symlink: /root/Workspaces/rosgsthumble_ws/install/gst_msgs/include/gst_msgs/gst_msgs/msg/detail/buffer_event__functions.h
[0.381s] -- Up-to-date symlink: /root/Workspaces/rosgsthumble_ws/install/gst_msgs/include/gst_msgs/gst_msgs/msg/detail/buffer_event__struct.h
[0.381s] -- Up-to-date symlink: /root/Workspaces/rosgsthumble_ws/install/gst_msgs/include/gst_msgs/gst_msgs/msg/detail/buffer_event__type_support.h
[0.381s] -- Up-to-date symlink: /root/Workspaces/rosgsthumble_ws/install/gst_msgs/include/gst_msgs/gst_msgs/msg/detail/clock_observation__functions.h
[0.381s] -- Up-to-date symlink: /root/Workspaces/rosgsthumble_ws/install/gst_msgs/include/gst_msgs/gst_msgs/msg/detail/clock_observation__struct.h
[0.382s] -- Up-to-date symlink: /root/Workspaces/rosgsthumble_ws/install/gst_msgs/include/gst_msgs/gst_msgs/msg/detail/clock_observation__type_support.h
[0.382s] -- Up-to-date symlink: /root/Workspaces/rosgsthumble_ws/install/gst_msgs/include/gst_msgs/gst_msgs/msg/detail/frame_gate__functions.h
[0.382s] -- Up-to-date symlink: /root/Workspaces/rosgsthumble_ws/install/gst_msgs/include/gst_msgs/gst_msgs/msg/detail/frame_gate__struct.h
[0.382s] -- Up-to-date symlink: /root/Workspaces/rosgsthumble_ws/install/gst_msgs/include/gst_msgs/gst_msgs/msg/detail/frame_gate__type_support.h
[0.382s] -- Up-to-date symlink: /root/Workspaces/rosgsthumble_ws/install/gst_msgs/include/gst_msgs/gst_msgs/msg/detail/meta_mark__functions.h
[0.382s] -- Up-to-date symlink: /root/Workspaces/rosgsthumble_ws/install/gst_msgs/include/gst_msgs/gst_msgs/msg/detail/meta_mark__struct.h
[0.382s] -- Up-to-date symlink: /root/Workspaces/rosgsthumble_ws/install/gst_msgs/include/gst_msgs/gst_msgs/msg/detail/meta_mark__type_support.h
[0.382s] -- Up-to-date symlink: /root/Workspaces/rosgsthumble_ws/install/gst_msgs/include/gst_msgs/gst_msgs/msg/detail/multifilesink_event__functions.h
[0.382s] -- Up-to-date symlink: /root/Workspaces/rosgsthumble_ws/install/gst_msgs/include/gst_msgs/gst_msgs/msg/detail/multifilesink_event__struct.h
[0.382s] -- Up-to-date symlink: /root/Workspaces/rosgsthumble_ws/install/gst_msgs/include/gst_msgs/gst_msgs/msg/detail/multifilesink_event__type_support.h
[0.383s] -- Up-to-date symlink: /root/Workspaces/rosgsthumble_ws/install/gst_msgs/include/gst_msgs/gst_msgs/msg/detail/webrtc_ice__functions.h
[0.383s] -- Up-to-date symlink: /root/Workspaces/rosgsthumble_ws/install/gst_msgs/include/gst_msgs/gst_msgs/msg/detail/webrtc_ice__struct.h
[0.383s] -- Up-to-date symlink: /root/Workspaces/rosgsthumble_ws/install/gst_msgs/include/gst_msgs/gst_msgs/msg/detail/webrtc_ice__type_support.h
[0.383s] -- Up-to-date symlink: /root/Workspaces/rosgsthumble_ws/install/gst_msgs/include/gst_msgs/gst_msgs/msg/frame_gate.h
[0.383s] -- Up-to-date symlink: /root/Workspaces/rosgsthumble_ws/install/gst_msgs/include/gst_msgs/gst_msgs/msg/meta_mark.h
[0.383s] -- Up-to-date symlink: /root/Workspaces/rosgsthumble_ws/install/gst_msgs/include/gst_msgs/gst_msgs/msg/multifilesink_event.h
[0.383s] -- Up-to-date symlink: /root/Workspaces/rosgsthumble_ws/install/gst_msgs/include/gst_msgs/gst_msgs/msg/rosidl_generator_c__visibility_control.h
[0.383s] -- Up-to-date symlink: /root/Workspaces/rosgsthumble_ws/install/gst_msgs/include/gst_msgs/gst_msgs/msg/webrtc_ice.h
[0.383s] -- Up-to-date symlink: /root/Workspaces/rosgsthumble_ws/install/gst_msgs/include/gst_msgs/gst_msgs/srv/detail/seek__functions.h
[0.384s] -- Up-to-date symlink: /root/Workspaces/rosgsthumble_ws/install/gst_msgs/include/gst_msgs/gst_msgs/srv/detail/seek__struct.h
[0.384s] -- Up-to-date symlink: /root/Workspaces/rosgsthumble_ws/install/gst_msgs/include/gst_msgs/gst_msgs/srv/detail/seek__type_support.h
[0.384s] -- Up-to-date symlink: /root/Workspaces/rosgsthumble_ws/install/gst_msgs/include/gst_msgs/gst_msgs/srv/seek.h
[0.384s] -- Up-to-date symlink: /root/Workspaces/rosgsthumble_ws/install/gst_msgs/share/gst_msgs/environment/library_path.sh
[0.384s] -- Up-to-date symlink: /root/Workspaces/rosgsthumble_ws/install/gst_msgs/share/gst_msgs/environment/library_path.dsv
[0.384s] -- Up-to-date symlink: /root/Workspaces/rosgsthumble_ws/install/gst_msgs/include/gst_msgs/gst_msgs/msg/detail/buffer_event__rosidl_typesupport_fastrtps_c.h
[0.385s] -- Up-to-date symlink: /root/Workspaces/rosgsthumble_ws/install/gst_msgs/include/gst_msgs/gst_msgs/msg/detail/clock_observation__rosidl_typesupport_fastrtps_c.h
[0.385s] -- Up-to-date symlink: /root/Workspaces/rosgsthumble_ws/install/gst_msgs/include/gst_msgs/gst_msgs/msg/detail/frame_gate__rosidl_typesupport_fastrtps_c.h
[0.385s] -- Up-to-date symlink: /root/Workspaces/rosgsthumble_ws/install/gst_msgs/include/gst_msgs/gst_msgs/msg/detail/meta_mark__rosidl_typesupport_fastrtps_c.h
[0.385s] -- Up-to-date symlink: /root/Workspaces/rosgsthumble_ws/install/gst_msgs/include/gst_msgs/gst_msgs/msg/detail/multifilesink_event__rosidl_typesupport_fastrtps_c.h
[0.385s] -- Up-to-date symlink: /root/Workspaces/rosgsthumble_ws/install/gst_msgs/include/gst_msgs/gst_msgs/msg/detail/webrtc_ice__rosidl_typesupport_fastrtps_c.h
[0.385s] -- Up-to-date symlink: /root/Workspaces/rosgsthumble_ws/install/gst_msgs/include/gst_msgs/gst_msgs/msg/rosidl_typesupport_fastrtps_c__visibility_control.h
[0.385s] -- Up-to-date symlink: /root/Workspaces/rosgsthumble_ws/install/gst_msgs/include/gst_msgs/gst_msgs/srv/detail/seek__rosidl_typesupport_fastrtps_c.h
[0.386s] -- Up-to-date symlink: /root/Workspaces/rosgsthumble_ws/install/gst_msgs/include/gst_msgs/gst_msgs/msg/buffer_event.hpp
[0.386s] -- Up-to-date symlink: /root/Workspaces/rosgsthumble_ws/install/gst_msgs/include/gst_msgs/gst_msgs/msg/clock_observation.hpp
[0.386s] -- Up-to-date symlink: /root/Workspaces/rosgsthumble_ws/install/gst_msgs/include/gst_msgs/gst_msgs/msg/detail/buffer_event__builder.hpp
[0.386s] -- Up-to-date symlink: /root/Workspaces/rosgsthumble_ws/install/gst_msgs/include/gst_msgs/gst_msgs/msg/detail/buffer_event__struct.hpp
[0.386s] -- Up-to-date symlink: /root/Workspaces/rosgsthumble_ws/install/gst_msgs/include/gst_msgs/gst_msgs/msg/detail/buffer_event__traits.hpp
[0.386s] -- Up-to-date symlink: /root/Workspaces/rosgsthumble_ws/install/gst_msgs/include/gst_msgs/gst_msgs/msg/detail/buffer_event__type_support.hpp
[0.386s] -- Up-to-date symlink: /root/Workspaces/rosgsthumble_ws/install/gst_msgs/include/gst_msgs/gst_msgs/msg/detail/clock_observation__builder.hpp
[0.386s] -- Up-to-date symlink: /root/Workspaces/rosgsthumble_ws/install/gst_msgs/include/gst_msgs/gst_msgs/msg/detail/clock_observation__struct.hpp
[0.387s] -- Up-to-date symlink: /root/Workspaces/rosgsthumble_ws/install/gst_msgs/include/gst_msgs/gst_msgs/msg/detail/clock_observation__traits.hpp
[0.387s] -- Up-to-date symlink: /root/Workspaces/rosgsthumble_ws/install/gst_msgs/include/gst_msgs/gst_msgs/msg/detail/clock_observation__type_support.hpp
[0.387s] -- Up-to-date symlink: /root/Workspaces/rosgsthumble_ws/install/gst_msgs/include/gst_msgs/gst_msgs/msg/detail/frame_gate__builder.hpp
[0.387s] -- Up-to-date symlink: /root/Workspaces/rosgsthumble_ws/install/gst_msgs/include/gst_msgs/gst_msgs/msg/detail/frame_gate__struct.hpp
[0.387s] -- Up-to-date symlink: /root/Workspaces/rosgsthumble_ws/install/gst_msgs/include/gst_msgs/gst_msgs/msg/detail/frame_gate__traits.hpp
[0.387s] -- Up-to-date symlink: /root/Workspaces/rosgsthumble_ws/install/gst_msgs/include/gst_msgs/gst_msgs/msg/detail/frame_gate__type_support.hpp
[0.387s] -- Up-to-date symlink: /root/Workspaces/rosgsthumble_ws/install/gst_msgs/include/gst_msgs/gst_msgs/msg/detail/meta_mark__builder.hpp
[0.387s] -- Up-to-date symlink: /root/Workspaces/rosgsthumble_ws/install/gst_msgs/include/gst_msgs/gst_msgs/msg/detail/meta_mark__struct.hpp
[0.387s] -- Up-to-date symlink: /root/Workspaces/rosgsthumble_ws/install/gst_msgs/include/gst_msgs/gst_msgs/msg/detail/meta_mark__traits.hpp
[0.388s] -- Up-to-date symlink: /root/Workspaces/rosgsthumble_ws/install/gst_msgs/include/gst_msgs/gst_msgs/msg/detail/meta_mark__type_support.hpp
[0.388s] -- Up-to-date symlink: /root/Workspaces/rosgsthumble_ws/install/gst_msgs/include/gst_msgs/gst_msgs/msg/detail/multifilesink_event__builder.hpp
[0.388s] -- Up-to-date symlink: /root/Workspaces/rosgsthumble_ws/install/gst_msgs/include/gst_msgs/gst_msgs/msg/detail/multifilesink_event__struct.hpp
[0.388s] -- Up-to-date symlink: /root/Workspaces/rosgsthumble_ws/install/gst_msgs/include/gst_msgs/gst_msgs/msg/detail/multifilesink_event__traits.hpp
[0.388s] -- Up-to-date symlink: /root/Workspaces/rosgsthumble_ws/install/gst_msgs/include/gst_msgs/gst_msgs/msg/detail/multifilesink_event__type_support.hpp
[0.388s] -- Up-to-date symlink: /root/Workspaces/rosgsthumble_ws/install/gst_msgs/include/gst_msgs/gst_msgs/msg/detail/webrtc_ice__builder.hpp
[0.388s] -- Up-to-date symlink: /root/Workspaces/rosgsthumble_ws/install/gst_msgs/include/gst_msgs/gst_msgs/msg/detail/webrtc_ice__struct.hpp
[0.388s] -- Up-to-date symlink: /root/Workspaces/rosgsthumble_ws/install/gst_msgs/include/gst_msgs/gst_msgs/msg/detail/webrtc_ice__traits.hpp
[0.388s] -- Up-to-date symlink: /root/Workspaces/rosgsthumble_ws/install/gst_msgs/include/gst_msgs/gst_msgs/msg/detail/webrtc_ice__type_support.hpp
[0.388s] -- Up-to-date symlink: /root/Workspaces/rosgsthumble_ws/install/gst_msgs/include/gst_msgs/gst_msgs/msg/frame_gate.hpp
[0.388s] -- Up-to-date symlink: /root/Workspaces/rosgsthumble_ws/install/gst_msgs/include/gst_msgs/gst_msgs/msg/meta_mark.hpp
[0.388s] -- Up-to-date symlink: /root/Workspaces/rosgsthumble_ws/install/gst_msgs/include/gst_msgs/gst_msgs/msg/multifilesink_event.hpp
[0.389s] -- Up-to-date symlink: /root/Workspaces/rosgsthumble_ws/install/gst_msgs/include/gst_msgs/gst_msgs/msg/rosidl_generator_cpp__visibility_control.hpp
[0.389s] -- Up-to-date symlink: /root/Workspaces/rosgsthumble_ws/install/gst_msgs/include/gst_msgs/gst_msgs/msg/webrtc_ice.hpp
[0.389s] -- Up-to-date symlink: /root/Workspaces/rosgsthumble_ws/install/gst_msgs/include/gst_msgs/gst_msgs/srv/detail/seek__builder.hpp
[0.389s] -- Up-to-date symlink: /root/Workspaces/rosgsthumble_ws/install/gst_msgs/include/gst_msgs/gst_msgs/srv/detail/seek__struct.hpp
[0.389s] -- Up-to-date symlink: /root/Workspaces/rosgsthumble_ws/install/gst_msgs/include/gst_msgs/gst_msgs/srv/detail/seek__traits.hpp
[0.389s] -- Up-to-date symlink: /root/Workspaces/rosgsthumble_ws/install/gst_msgs/include/gst_msgs/gst_msgs/srv/detail/seek__type_support.hpp
[0.389s] -- Up-to-date symlink: /root/Workspaces/rosgsthumble_ws/install/gst_msgs/include/gst_msgs/gst_msgs/srv/seek.hpp
[0.390s] -- Up-to-date symlink: /root/Workspaces/rosgsthumble_ws/install/gst_msgs/include/gst_msgs/gst_msgs/msg/detail/buffer_event__rosidl_typesupport_fastrtps_cpp.hpp
[0.390s] -- Up-to-date symlink: /root/Workspaces/rosgsthumble_ws/install/gst_msgs/include/gst_msgs/gst_msgs/msg/detail/clock_observation__rosidl_typesupport_fastrtps_cpp.hpp
[0.390s] -- Up-to-date symlink: /root/Workspaces/rosgsthumble_ws/install/gst_msgs/include/gst_msgs/gst_msgs/msg/detail/frame_gate__rosidl_typesupport_fastrtps_cpp.hpp
[0.390s] -- Up-to-date symlink: /root/Workspaces/rosgsthumble_ws/install/gst_msgs/include/gst_msgs/gst_msgs/msg/detail/meta_mark__rosidl_typesupport_fastrtps_cpp.hpp
[0.390s] -- Up-to-date symlink: /root/Workspaces/rosgsthumble_ws/install/gst_msgs/include/gst_msgs/gst_msgs/msg/detail/multifilesink_event__rosidl_typesupport_fastrtps_cpp.hpp
[0.390s] -- Up-to-date symlink: /root/Workspaces/rosgsthumble_ws/install/gst_msgs/include/gst_msgs/gst_msgs/msg/detail/webrtc_ice__rosidl_typesupport_fastrtps_cpp.hpp
[0.390s] -- Up-to-date symlink: /root/Workspaces/rosgsthumble_ws/install/gst_msgs/include/gst_msgs/gst_msgs/msg/rosidl_typesupport_fastrtps_cpp__visibility_control.h
[0.391s] -- Up-to-date symlink: /root/Workspaces/rosgsthumble_ws/install/gst_msgs/include/gst_msgs/gst_msgs/srv/detail/seek__rosidl_typesupport_fastrtps_cpp.hpp
[0.391s] -- Up-to-date symlink: /root/Workspaces/rosgsthumble_ws/install/gst_msgs/include/gst_msgs/gst_msgs/msg/detail/buffer_event__rosidl_typesupport_introspection_c.h
[0.391s] -- Up-to-date symlink: /root/Workspaces/rosgsthumble_ws/install/gst_msgs/include/gst_msgs/gst_msgs/msg/detail/clock_observation__rosidl_typesupport_introspection_c.h
[0.391s] -- Up-to-date symlink: /root/Workspaces/rosgsthumble_ws/install/gst_msgs/include/gst_msgs/gst_msgs/msg/detail/frame_gate__rosidl_typesupport_introspection_c.h
[0.391s] -- Up-to-date symlink: /root/Workspaces/rosgsthumble_ws/install/gst_msgs/include/gst_msgs/gst_msgs/msg/detail/meta_mark__rosidl_typesupport_introspection_c.h
[0.391s] -- Up-to-date symlink: /root/Workspaces/rosgsthumble_ws/install/gst_msgs/include/gst_msgs/gst_msgs/msg/detail/multifilesink_event__rosidl_typesupport_introspection_c.h
[0.391s] -- Up-to-date symlink: /root/Workspaces/rosgsthumble_ws/install/gst_msgs/include/gst_msgs/gst_msgs/msg/detail/webrtc_ice__rosidl_typesupport_introspection_c.h
[0.392s] -- Up-to-date symlink: /root/Workspaces/rosgsthumble_ws/install/gst_msgs/include/gst_msgs/gst_msgs/msg/rosidl_typesupport_introspection_c__visibility_control.h
[0.392s] -- Up-to-date symlink: /root/Workspaces/rosgsthumble_ws/install/gst_msgs/include/gst_msgs/gst_msgs/srv/detail/seek__rosidl_typesupport_introspection_c.h
[0.392s] -- Up-to-date symlink: /root/Workspaces/rosgsthumble_ws/install/gst_msgs/include/gst_msgs/gst_msgs/msg/detail/buffer_event__rosidl_typesupport_introspection_cpp.hpp
[0.392s] -- Up-to-date symlink: /root/Workspaces/rosgsthumble_ws/install/gst_msgs/include/gst_msgs/gst_msgs/msg/detail/clock_observation__rosidl_typesupport_introspection_cpp.hpp
[0.392s] -- Up-to-date symlink: /root/Workspaces/rosgsthumble_ws/install/gst_msgs/include/gst_msgs/gst_msgs/msg/detail/frame_gate__rosidl_typesupport_introspection_cpp.hpp
[0.392s] -- Up-to-date symlink: /root/Workspaces/rosgsthumble_ws/install/gst_msgs/include/gst_msgs/gst_msgs/msg/detail/meta_mark__rosidl_typesupport_introspection_cpp.hpp
[0.392s] -- Up-to-date symlink: /root/Workspaces/rosgsthumble_ws/install/gst_msgs/include/gst_msgs/gst_msgs/msg/detail/multifilesink_event__rosidl_typesupport_introspection_cpp.hpp
[0.393s] -- Up-to-date symlink: /root/Workspaces/rosgsthumble_ws/install/gst_msgs/include/gst_msgs/gst_msgs/msg/detail/webrtc_ice__rosidl_typesupport_introspection_cpp.hpp
[0.393s] -- Up-to-date symlink: /root/Workspaces/rosgsthumble_ws/install/gst_msgs/include/gst_msgs/gst_msgs/srv/detail/seek__rosidl_typesupport_introspection_cpp.hpp
[0.393s] -- Up-to-date symlink: /root/Workspaces/rosgsthumble_ws/install/gst_msgs/share/gst_msgs/environment/pythonpath.sh
[0.393s] -- Up-to-date symlink: /root/Workspaces/rosgsthumble_ws/install/gst_msgs/share/gst_msgs/environment/pythonpath.dsv
[0.393s] -- Up-to-date symlink: /root/Workspaces/rosgsthumble_ws/install/gst_msgs/local/lib/python3.10/dist-packages/gst_msgs-0.0.0-py3.10.egg-info/PKG-INFO
[0.393s] -- Up-to-date symlink: /root/Workspaces/rosgsthumble_ws/install/gst_msgs/local/lib/python3.10/dist-packages/gst_msgs-0.0.0-py3.10.egg-info/SOURCES.txt
[0.393s] -- Up-to-date symlink: /root/Workspaces/rosgsthumble_ws/install/gst_msgs/local/lib/python3.10/dist-packages/gst_msgs-0.0.0-py3.10.egg-info/dependency_links.txt
[0.393s] -- Up-to-date symlink: /root/Workspaces/rosgsthumble_ws/install/gst_msgs/local/lib/python3.10/dist-packages/gst_msgs-0.0.0-py3.10.egg-info/top_level.txt
[0.394s] -- Up-to-date symlink: /root/Workspaces/rosgsthumble_ws/install/gst_msgs/local/lib/python3.10/dist-packages/gst_msgs/__init__.py
[0.394s] -- Up-to-date symlink: /root/Workspaces/rosgsthumble_ws/install/gst_msgs/local/lib/python3.10/dist-packages/gst_msgs/_gst_msgs_s.ep.rosidl_typesupport_c.c
[0.394s] -- Up-to-date symlink: /root/Workspaces/rosgsthumble_ws/install/gst_msgs/local/lib/python3.10/dist-packages/gst_msgs/_gst_msgs_s.ep.rosidl_typesupport_fastrtps_c.c
[0.394s] -- Up-to-date symlink: /root/Workspaces/rosgsthumble_ws/install/gst_msgs/local/lib/python3.10/dist-packages/gst_msgs/_gst_msgs_s.ep.rosidl_typesupport_introspection_c.c
[0.394s] -- Up-to-date symlink: /root/Workspaces/rosgsthumble_ws/install/gst_msgs/local/lib/python3.10/dist-packages/gst_msgs/gst_msgs_s__rosidl_typesupport_c.cpython-310-x86_64-linux-gnu.so
[0.395s] -- Up-to-date symlink: /root/Workspaces/rosgsthumble_ws/install/gst_msgs/local/lib/python3.10/dist-packages/gst_msgs/gst_msgs_s__rosidl_typesupport_fastrtps_c.cpython-310-x86_64-linux-gnu.so
[0.395s] -- Up-to-date symlink: /root/Workspaces/rosgsthumble_ws/install/gst_msgs/local/lib/python3.10/dist-packages/gst_msgs/gst_msgs_s__rosidl_typesupport_introspection_c.cpython-310-x86_64-linux-gnu.so
[0.395s] -- Up-to-date symlink: /root/Workspaces/rosgsthumble_ws/install/gst_msgs/local/lib/python3.10/dist-packages/gst_msgs/libgst_msgs__rosidl_generator_py.so
[0.395s] -- Up-to-date symlink: /root/Workspaces/rosgsthumble_ws/install/gst_msgs/local/lib/python3.10/dist-packages/gst_msgs/msg/__init__.py
[0.395s] -- Up-to-date symlink: /root/Workspaces/rosgsthumble_ws/install/gst_msgs/local/lib/python3.10/dist-packages/gst_msgs/msg/_buffer_event.py
[0.395s] -- Up-to-date symlink: /root/Workspaces/rosgsthumble_ws/install/gst_msgs/local/lib/python3.10/dist-packages/gst_msgs/msg/_buffer_event_s.c
[0.395s] -- Up-to-date symlink: /root/Workspaces/rosgsthumble_ws/install/gst_msgs/local/lib/python3.10/dist-packages/gst_msgs/msg/_clock_observation.py
[0.395s] -- Up-to-date symlink: /root/Workspaces/rosgsthumble_ws/install/gst_msgs/local/lib/python3.10/dist-packages/gst_msgs/msg/_clock_observation_s.c
[0.395s] -- Up-to-date symlink: /root/Workspaces/rosgsthumble_ws/install/gst_msgs/local/lib/python3.10/dist-packages/gst_msgs/msg/_frame_gate.py
[0.396s] -- Up-to-date symlink: /root/Workspaces/rosgsthumble_ws/install/gst_msgs/local/lib/python3.10/dist-packages/gst_msgs/msg/_frame_gate_s.c
[0.396s] -- Up-to-date symlink: /root/Workspaces/rosgsthumble_ws/install/gst_msgs/local/lib/python3.10/dist-packages/gst_msgs/msg/_meta_mark.py
[0.396s] -- Up-to-date symlink: /root/Workspaces/rosgsthumble_ws/install/gst_msgs/local/lib/python3.10/dist-packages/gst_msgs/msg/_meta_mark_s.c
[0.396s] -- Up-to-date symlink: /root/Workspaces/rosgsthumble_ws/install/gst_msgs/local/lib/python3.10/dist-packages/gst_msgs/msg/_multifilesink_event.py
[0.396s] -- Up-to-date symlink: /root/Workspaces/rosgsthumble_ws/install/gst_msgs/local/lib/python3.10/dist-packages/gst_msgs/msg/_multifilesink_event_s.c
[0.396s] -- Up-to-date symlink: /root/Workspaces/rosgsthumble_ws/install/gst_msgs/local/lib/python3.10/dist-packages/gst_msgs/msg/_webrtc_ice.py
[0.396s] -- Up-to-date symlink: /root/Workspaces/rosgsthumble_ws/install/gst_msgs/local/lib/python3.10/dist-packages/gst_msgs/msg/_webrtc_ice_s.c
[0.397s] -- Up-to-date symlink: /root/Workspaces/rosgsthumble_ws/install/gst_msgs/local/lib/python3.10/dist-packages/gst_msgs/srv/__init__.py
[0.397s] -- Up-to-date symlink: /root/Workspaces/rosgsthumble_ws/install/gst_msgs/local/lib/python3.10/dist-packages/gst_msgs/srv/_seek.py
[0.397s] -- Up-to-date symlink: /root/Workspaces/rosgsthumble_ws/install/gst_msgs/local/lib/python3.10/dist-packages/gst_msgs/srv/_seek_s.c
[0.397s] -- Up-to-date symlink: /root/Workspaces/rosgsthumble_ws/install/gst_msgs/local/lib/python3.10/dist-packages/gst_msgs/gst_msgs_s__rosidl_typesupport_fastrtps_c.cpython-310-x86_64-linux-gnu.so
[0.397s] -- Up-to-date symlink: /root/Workspaces/rosgsthumble_ws/install/gst_msgs/local/lib/python3.10/dist-packages/gst_msgs/gst_msgs_s__rosidl_typesupport_introspection_c.cpython-310-x86_64-linux-gnu.so
[0.398s] -- Up-to-date symlink: /root/Workspaces/rosgsthumble_ws/install/gst_msgs/local/lib/python3.10/dist-packages/gst_msgs/gst_msgs_s__rosidl_typesupport_c.cpython-310-x86_64-linux-gnu.so
[0.398s] -- Up-to-date symlink: /root/Workspaces/rosgsthumble_ws/install/gst_msgs/share/gst_msgs/msg/FrameGate.idl
[0.398s] -- Up-to-date symlink: /root/Workspaces/rosgsthumble_ws/install/gst_msgs/share/gst_msgs/msg/WebrtcIce.idl
[0.398s] -- Up-to-date symlink: /root/Workspaces/rosgsthumble_ws/install/gst_msgs/share/gst_msgs/msg/BufferEvent.idl
[0.398s] -- Up-to-date symlink: /root/Workspaces/rosgsthumble_ws/install/gst_msgs/share/gst_msgs/msg/ClockObservation.idl
[0.398s] -- Up-to-date symlink: /root/Workspaces/rosgsthumble_ws/install/gst_msgs/share/gst_msgs/msg/MultifilesinkEvent.idl
[0.398s] -- Up-to-date symlink: /root/Workspaces/rosgsthumble_ws/install/gst_msgs/share/gst_msgs/msg/MetaMark.idl
[0.398s] -- Up-to-date symlink: /root/Workspaces/rosgsthumble_ws/install/gst_msgs/share/gst_msgs/srv/Seek.idl
[0.398s] -- Up-to-date symlink: /root/Workspaces/rosgsthumble_ws/install/gst_msgs/share/gst_msgs/msg/FrameGate.msg
[0.399s] -- Up-to-date symlink: /root/Workspaces/rosgsthumble_ws/install/gst_msgs/share/gst_msgs/msg/WebrtcIce.msg
[0.399s] -- Up-to-date symlink: /root/Workspaces/rosgsthumble_ws/install/gst_msgs/share/gst_msgs/msg/BufferEvent.msg
[0.399s] -- Up-to-date symlink: /root/Workspaces/rosgsthumble_ws/install/gst_msgs/share/gst_msgs/msg/ClockObservation.msg
[0.399s] -- Up-to-date symlink: /root/Workspaces/rosgsthumble_ws/install/gst_msgs/share/gst_msgs/msg/MultifilesinkEvent.msg
[0.399s] -- Up-to-date symlink: /root/Workspaces/rosgsthumble_ws/install/gst_msgs/share/gst_msgs/msg/MetaMark.msg
[0.399s] -- Up-to-date symlink: /root/Workspaces/rosgsthumble_ws/install/gst_msgs/share/gst_msgs/srv/Seek.srv
[0.399s] -- Up-to-date symlink: /root/Workspaces/rosgsthumble_ws/install/gst_msgs/share/gst_msgs/srv/Seek_Request.msg
[0.399s] -- Up-to-date symlink: /root/Workspaces/rosgsthumble_ws/install/gst_msgs/share/gst_msgs/srv/Seek_Response.msg
[0.399s] -- Up-to-date symlink: /root/Workspaces/rosgsthumble_ws/install/gst_msgs/share/ament_index/resource_index/package_run_dependencies/gst_msgs
[0.400s] -- Up-to-date symlink: /root/Workspaces/rosgsthumble_ws/install/gst_msgs/share/ament_index/resource_index/parent_prefix_path/gst_msgs
[0.400s] -- Up-to-date symlink: /root/Workspaces/rosgsthumble_ws/install/gst_msgs/share/gst_msgs/environment/ament_prefix_path.sh
[0.400s] -- Up-to-date symlink: /root/Workspaces/rosgsthumble_ws/install/gst_msgs/share/gst_msgs/environment/ament_prefix_path.dsv
[0.400s] -- Up-to-date symlink: /root/Workspaces/rosgsthumble_ws/install/gst_msgs/share/gst_msgs/environment/path.sh
[0.400s] -- Up-to-date symlink: /root/Workspaces/rosgsthumble_ws/install/gst_msgs/share/gst_msgs/environment/path.dsv
[0.400s] -- Up-to-date symlink: /root/Workspaces/rosgsthumble_ws/install/gst_msgs/share/gst_msgs/local_setup.bash
[0.400s] -- Up-to-date symlink: /root/Workspaces/rosgsthumble_ws/install/gst_msgs/share/gst_msgs/local_setup.sh
[0.401s] -- Up-to-date symlink: /root/Workspaces/rosgsthumble_ws/install/gst_msgs/share/gst_msgs/local_setup.zsh
[0.401s] -- Up-to-date symlink: /root/Workspaces/rosgsthumble_ws/install/gst_msgs/share/gst_msgs/local_setup.dsv
[0.401s] -- Symlinking: /root/Workspaces/rosgsthumble_ws/install/gst_msgs/share/gst_msgs/package.dsv
[0.409s] -- Up-to-date symlink: /root/Workspaces/rosgsthumble_ws/install/gst_msgs/share/ament_index/resource_index/packages/gst_msgs
[0.409s] -- Up-to-date symlink: /root/Workspaces/rosgsthumble_ws/install/gst_msgs/share/gst_msgs/cmake/rosidl_cmake-extras.cmake
[0.409s] -- Up-to-date symlink: /root/Workspaces/rosgsthumble_ws/install/gst_msgs/share/gst_msgs/cmake/ament_cmake_export_dependencies-extras.cmake
[0.410s] -- Up-to-date symlink: /root/Workspaces/rosgsthumble_ws/install/gst_msgs/share/gst_msgs/cmake/ament_cmake_export_include_directories-extras.cmake
[0.410s] -- Up-to-date symlink: /root/Workspaces/rosgsthumble_ws/install/gst_msgs/share/gst_msgs/cmake/ament_cmake_export_libraries-extras.cmake
[0.410s] -- Up-to-date symlink: /root/Workspaces/rosgsthumble_ws/install/gst_msgs/share/gst_msgs/cmake/ament_cmake_export_targets-extras.cmake
[0.410s] -- Up-to-date symlink: /root/Workspaces/rosgsthumble_ws/install/gst_msgs/share/gst_msgs/cmake/rosidl_cmake_export_typesupport_targets-extras.cmake
[0.410s] -- Up-to-date symlink: /root/Workspaces/rosgsthumble_ws/install/gst_msgs/share/gst_msgs/cmake/rosidl_cmake_export_typesupport_libraries-extras.cmake
[0.410s] -- Up-to-date symlink: /root/Workspaces/rosgsthumble_ws/install/gst_msgs/share/gst_msgs/cmake/gst_msgsConfig.cmake
[0.410s] -- Up-to-date symlink: /root/Workspaces/rosgsthumble_ws/install/gst_msgs/share/gst_msgs/cmake/gst_msgsConfig-version.cmake
[0.410s] -- Up-to-date symlink: /root/Workspaces/rosgsthumble_ws/install/gst_msgs/share/gst_msgs/package.xml
[0.411s] -- Up-to-date: /root/Workspaces/rosgsthumble_ws/install/gst_msgs/lib/libgst_msgs__rosidl_generator_c.so
[0.411s] -- Up-to-date: /root/Workspaces/rosgsthumble_ws/install/gst_msgs/lib/libgst_msgs__rosidl_typesupport_fastrtps_c.so
[0.412s] -- Up-to-date: /root/Workspaces/rosgsthumble_ws/install/gst_msgs/lib/libgst_msgs__rosidl_typesupport_fastrtps_cpp.so
[0.412s] -- Up-to-date: /root/Workspaces/rosgsthumble_ws/install/gst_msgs/lib/libgst_msgs__rosidl_typesupport_introspection_c.so
[0.413s] -- Up-to-date: /root/Workspaces/rosgsthumble_ws/install/gst_msgs/lib/libgst_msgs__rosidl_typesupport_c.so
[0.413s] -- Up-to-date: /root/Workspaces/rosgsthumble_ws/install/gst_msgs/lib/libgst_msgs__rosidl_typesupport_introspection_cpp.so
[0.414s] -- Up-to-date: /root/Workspaces/rosgsthumble_ws/install/gst_msgs/lib/libgst_msgs__rosidl_typesupport_cpp.so
[0.440s] Listing '/root/Workspaces/rosgsthumble_ws/install/gst_msgs/local/lib/python3.10/dist-packages/gst_msgs'...
[0.440s] Listing '/root/Workspaces/rosgsthumble_ws/install/gst_msgs/local/lib/python3.10/dist-packages/gst_msgs/msg'...
[0.440s] Listing '/root/Workspaces/rosgsthumble_ws/install/gst_msgs/local/lib/python3.10/dist-packages/gst_msgs/srv'...
[0.444s] -- Up-to-date: /root/Workspaces/rosgsthumble_ws/install/gst_msgs/lib/libgst_msgs__rosidl_generator_py.so
[0.444s] -- Up-to-date: /root/Workspaces/rosgsthumble_ws/install/gst_msgs/share/gst_msgs/cmake/export_gst_msgs__rosidl_generator_cExport.cmake
[0.444s] -- Up-to-date: /root/Workspaces/rosgsthumble_ws/install/gst_msgs/share/gst_msgs/cmake/export_gst_msgs__rosidl_generator_cExport-noconfig.cmake
[0.444s] -- Up-to-date: /root/Workspaces/rosgsthumble_ws/install/gst_msgs/share/gst_msgs/cmake/export_gst_msgs__rosidl_typesupport_fastrtps_cExport.cmake
[0.444s] -- Up-to-date: /root/Workspaces/rosgsthumble_ws/install/gst_msgs/share/gst_msgs/cmake/export_gst_msgs__rosidl_typesupport_fastrtps_cExport-noconfig.cmake
[0.445s] -- Up-to-date: /root/Workspaces/rosgsthumble_ws/install/gst_msgs/share/gst_msgs/cmake/export_gst_msgs__rosidl_generator_cppExport.cmake
[0.445s] -- Up-to-date: /root/Workspaces/rosgsthumble_ws/install/gst_msgs/share/gst_msgs/cmake/export_gst_msgs__rosidl_typesupport_fastrtps_cppExport.cmake
[0.445s] -- Up-to-date: /root/Workspaces/rosgsthumble_ws/install/gst_msgs/share/gst_msgs/cmake/export_gst_msgs__rosidl_typesupport_fastrtps_cppExport-noconfig.cmake
[0.445s] -- Up-to-date: /root/Workspaces/rosgsthumble_ws/install/gst_msgs/share/gst_msgs/cmake/gst_msgs__rosidl_typesupport_introspection_cExport.cmake
[0.445s] -- Up-to-date: /root/Workspaces/rosgsthumble_ws/install/gst_msgs/share/gst_msgs/cmake/gst_msgs__rosidl_typesupport_introspection_cExport-noconfig.cmake
[0.445s] -- Up-to-date: /root/Workspaces/rosgsthumble_ws/install/gst_msgs/share/gst_msgs/cmake/gst_msgs__rosidl_typesupport_cExport.cmake
[0.445s] -- Up-to-date: /root/Workspaces/rosgsthumble_ws/install/gst_msgs/share/gst_msgs/cmake/gst_msgs__rosidl_typesupport_cExport-noconfig.cmake
[0.445s] -- Up-to-date: /root/Workspaces/rosgsthumble_ws/install/gst_msgs/share/gst_msgs/cmake/gst_msgs__rosidl_typesupport_introspection_cppExport.cmake
[0.445s] -- Up-to-date: /root/Workspaces/rosgsthumble_ws/install/gst_msgs/share/gst_msgs/cmake/gst_msgs__rosidl_typesupport_introspection_cppExport-noconfig.cmake
[0.445s] -- Up-to-date: /root/Workspaces/rosgsthumble_ws/install/gst_msgs/share/gst_msgs/cmake/gst_msgs__rosidl_typesupport_cppExport.cmake
[0.445s] -- Up-to-date: /root/Workspaces/rosgsthumble_ws/install/gst_msgs/share/gst_msgs/cmake/gst_msgs__rosidl_typesupport_cppExport-noconfig.cmake
[0.445s] -- Up-to-date: /root/Workspaces/rosgsthumble_ws/install/gst_msgs/share/gst_msgs/cmake/export_gst_msgs__rosidl_generator_pyExport.cmake
[0.445s] -- Up-to-date: /root/Workspaces/rosgsthumble_ws/install/gst_msgs/share/gst_msgs/cmake/export_gst_msgs__rosidl_generator_pyExport-noconfig.cmake
[0.451s] Invoked command in '/root/Workspaces/rosgsthumble_ws/build/gst_msgs' returned '0': CMAKE_PREFIX_PATH=${CMAKE_PREFIX_PATH}:/opt/ros/humble /usr/bin/cmake --install /root/Workspaces/rosgsthumble_ws/build/gst_msgs
