[0.041s] Invoking command in '/root/ROS2_WEBRTC/rosgsthumble_ws/build/gst_pipeline_plugins': AMENT_PREFIX_PATH=/root/ROS2_WEBRTC/rosgsthumble_ws/install/gst_pipeline:/root/ROS2_WEBRTC/rosgsthumble_ws/install/gst_bridge:/root/ROS2_WEBRTC/rosgsthumble_ws/install/gst_msgs:/root/ROS2_WEBRTC/rosgsthumble_ws/install/audio_msgs:${AMENT_PREFIX_PATH} CMAKE_PREFIX_PATH=/root/ROS2_WEBRTC/rosgsthumble_ws/install/gst_pipeline:/root/ROS2_WEBRTC/rosgsthumble_ws/install/gst_bridge:/root/ROS2_WEBRTC/rosgsthumble_ws/install/gst_msgs:/root/ROS2_WEBRTC/rosgsthumble_ws/install/audio_msgs:/opt/ros/humble LD_LIBRARY_PATH=/root/ROS2_WEBRTC/rosgsthumble_ws/install/gst_pipeline/lib:/root/ROS2_WEBRTC/rosgsthumble_ws/install/gst_bridge/lib:/root/ROS2_WEBRTC/rosgsthumble_ws/install/gst_msgs/lib:/root/ROS2_WEBRTC/rosgsthumble_ws/install/audio_msgs/lib:${LD_LIBRARY_PATH} PYTHONPATH=/root/ROS2_WEBRTC/rosgsthumble_ws/install/gst_msgs/local/lib/python3.10/dist-packages:/root/ROS2_WEBRTC/rosgsthumble_ws/install/audio_msgs/local/lib/python3.10/dist-packages:${PYTHONPATH} /usr/bin/cmake /root/ROS2_WEBRTC/rosgsthumble_ws/src/ros-gst-bridge/gst_pipeline_plugins -DAMENT_CMAKE_SYMLINK_INSTALL=1 -DCMAKE_INSTALL_PREFIX=/root/ROS2_WEBRTC/rosgsthumble_ws/install/gst_pipeline_plugins
[1.247s] -- The C compiler identification is GNU 11.4.0
[1.817s] -- The CXX compiler identification is GNU 11.4.0
[1.823s] -- Detecting C compiler ABI info
[2.170s] -- Detecting C compiler ABI info - done
[2.175s] -- Check for working C compiler: /usr/bin/cc - skipped
[2.175s] -- Detecting C compile features
[2.176s] -- Detecting C compile features - done
[2.178s] -- Detecting CXX compiler ABI info
[2.246s] -- Detecting CXX compiler ABI info - done
[2.252s] -- Check for working CXX compiler: /usr/bin/c++ - skipped
[2.252s] -- Detecting CXX compile features
[2.252s] -- Detecting CXX compile features - done
[2.255s] -- Found ament_cmake: 1.3.12 (/opt/ros/humble/share/ament_cmake/cmake)
[2.380s] -- Found Python3: /usr/bin/python3 (found version "3.10.12") found components: Interpreter 
[2.436s] -- Override CMake install command with custom implementation using symlinks instead of copying resources
[2.471s] -- Found rclcpp: 16.0.15 (/opt/ros/humble/share/rclcpp/cmake)
[2.518s] -- Found rosidl_generator_c: 3.1.7 (/opt/ros/humble/share/rosidl_generator_c/cmake)
[2.524s] -- Found rosidl_adapter: 3.1.7 (/opt/ros/humble/share/rosidl_adapter/cmake)
[2.534s] -- Found rosidl_generator_cpp: 3.1.7 (/opt/ros/humble/share/rosidl_generator_cpp/cmake)
[2.547s] -- Using all available rosidl_typesupport_c: rosidl_typesupport_fastrtps_c;rosidl_typesupport_introspection_c
[2.565s] -- Using all available rosidl_typesupport_cpp: rosidl_typesupport_fastrtps_cpp;rosidl_typesupport_introspection_cpp
[2.612s] -- Found rmw_implementation_cmake: 6.1.2 (/opt/ros/humble/share/rmw_implementation_cmake/cmake)
[2.615s] -- Found rmw_fastrtps_cpp: 6.2.9 (/opt/ros/humble/share/rmw_fastrtps_cpp/cmake)
[2.700s] -- Found OpenSSL: /usr/lib/x86_64-linux-gnu/libcrypto.so (found version "3.0.2")  
[2.739s] -- Found FastRTPS: /opt/ros/humble/include  
[2.792s] -- Using RMW implementation 'rmw_fastrtps_cpp' as default
[2.803s] -- Looking for pthread.h
[2.950s] -- Looking for pthread.h - found
[2.950s] -- Performing Test CMAKE_HAVE_LIBC_PTHREAD
[3.017s] -- Performing Test CMAKE_HAVE_LIBC_PTHREAD - Success
[3.018s] -- Found Threads: TRUE  
[3.066s] -- Found rclcpp_components: 16.0.15 (/opt/ros/humble/share/rclcpp_components/cmake)
[3.094s] -- Found gst_pipeline: 0.0.0 (/root/ROS2_WEBRTC/rosgsthumble_ws/install/gst_pipeline/share/gst_pipeline/cmake)
[3.172s] -- Found image_transport: 3.1.12 (/opt/ros/humble/share/image_transport/cmake)
[3.180s] -- Found cv_bridge: 3.2.1 (/opt/ros/humble/share/cv_bridge/cmake)
[3.191s] -- Found TinyXML2 via Config file: TinyXML2_DIR-NOTFOUND
[3.194s] -- Found PkgConfig: /usr/bin/pkg-config (found version "0.29.2") 
[3.195s] -- Checking for module 'gstreamer-1.0'
[3.207s] --   Found gstreamer-1.0, version 1.20.3
[3.240s] -- Checking for module 'gstreamer-rtp-1.0'
[3.253s] --   Found gstreamer-rtp-1.0, version 1.20.1
[3.293s] -- Checking for modules 'gstreamer-1.0;gstreamer-app-1.0;gstreamer-plugins-base-1.0;gstreamer-pbutils-1.0'
[3.313s] --   Found gstreamer-1.0, version 1.20.3
[3.322s] --   Found gstreamer-app-1.0, version 1.20.1
[3.331s] --   Found gstreamer-plugins-base-1.0, version 1.20.1
[3.340s] --   Found gstreamer-pbutils-1.0, version 1.20.1
[3.383s] -- Found std_srvs: 4.9.0 (/opt/ros/humble/share/std_srvs/cmake)
[3.391s] -- Found gst_msgs: 0.0.0 (/root/ROS2_WEBRTC/rosgsthumble_ws/install/gst_msgs/share/gst_msgs/cmake)
[3.467s] -- Configuring done
[3.494s] -- Generating done
[3.499s] -- Build files have been written to: /root/ROS2_WEBRTC/rosgsthumble_ws/build/gst_pipeline_plugins
[3.510s] Invoked command in '/root/ROS2_WEBRTC/rosgsthumble_ws/build/gst_pipeline_plugins' returned '0': AMENT_PREFIX_PATH=/root/ROS2_WEBRTC/rosgsthumble_ws/install/gst_pipeline:/root/ROS2_WEBRTC/rosgsthumble_ws/install/gst_bridge:/root/ROS2_WEBRTC/rosgsthumble_ws/install/gst_msgs:/root/ROS2_WEBRTC/rosgsthumble_ws/install/audio_msgs:${AMENT_PREFIX_PATH} CMAKE_PREFIX_PATH=/root/ROS2_WEBRTC/rosgsthumble_ws/install/gst_pipeline:/root/ROS2_WEBRTC/rosgsthumble_ws/install/gst_bridge:/root/ROS2_WEBRTC/rosgsthumble_ws/install/gst_msgs:/root/ROS2_WEBRTC/rosgsthumble_ws/install/audio_msgs:/opt/ros/humble LD_LIBRARY_PATH=/root/ROS2_WEBRTC/rosgsthumble_ws/install/gst_pipeline/lib:/root/ROS2_WEBRTC/rosgsthumble_ws/install/gst_bridge/lib:/root/ROS2_WEBRTC/rosgsthumble_ws/install/gst_msgs/lib:/root/ROS2_WEBRTC/rosgsthumble_ws/install/audio_msgs/lib:${LD_LIBRARY_PATH} PYTHONPATH=/root/ROS2_WEBRTC/rosgsthumble_ws/install/gst_msgs/local/lib/python3.10/dist-packages:/root/ROS2_WEBRTC/rosgsthumble_ws/install/audio_msgs/local/lib/python3.10/dist-packages:${PYTHONPATH} /usr/bin/cmake /root/ROS2_WEBRTC/rosgsthumble_ws/src/ros-gst-bridge/gst_pipeline_plugins -DAMENT_CMAKE_SYMLINK_INSTALL=1 -DCMAKE_INSTALL_PREFIX=/root/ROS2_WEBRTC/rosgsthumble_ws/install/gst_pipeline_plugins
[3.511s] Invoking command in '/root/ROS2_WEBRTC/rosgsthumble_ws/build/gst_pipeline_plugins': AMENT_PREFIX_PATH=/root/ROS2_WEBRTC/rosgsthumble_ws/install/gst_pipeline:/root/ROS2_WEBRTC/rosgsthumble_ws/install/gst_bridge:/root/ROS2_WEBRTC/rosgsthumble_ws/install/gst_msgs:/root/ROS2_WEBRTC/rosgsthumble_ws/install/audio_msgs:${AMENT_PREFIX_PATH} CMAKE_PREFIX_PATH=/root/ROS2_WEBRTC/rosgsthumble_ws/install/gst_pipeline:/root/ROS2_WEBRTC/rosgsthumble_ws/install/gst_bridge:/root/ROS2_WEBRTC/rosgsthumble_ws/install/gst_msgs:/root/ROS2_WEBRTC/rosgsthumble_ws/install/audio_msgs:/opt/ros/humble LD_LIBRARY_PATH=/root/ROS2_WEBRTC/rosgsthumble_ws/install/gst_pipeline/lib:/root/ROS2_WEBRTC/rosgsthumble_ws/install/gst_bridge/lib:/root/ROS2_WEBRTC/rosgsthumble_ws/install/gst_msgs/lib:/root/ROS2_WEBRTC/rosgsthumble_ws/install/audio_msgs/lib:${LD_LIBRARY_PATH} PYTHONPATH=/root/ROS2_WEBRTC/rosgsthumble_ws/install/gst_msgs/local/lib/python3.10/dist-packages:/root/ROS2_WEBRTC/rosgsthumble_ws/install/audio_msgs/local/lib/python3.10/dist-packages:${PYTHONPATH} /usr/bin/cmake --build /root/ROS2_WEBRTC/rosgsthumble_ws/build/gst_pipeline_plugins -- -j12 -l12
[3.570s] [ 25%] [32mBuilding CXX object CMakeFiles/gst_pipeline_plugins.dir/src/framegate.cpp.o[0m
[3.571s] [ 25%] [32mBuilding CXX object CMakeFiles/gst_pipeline_plugins.dir/src/bridge.cpp.o[0m
[3.571s] [ 25%] [32mBuilding CXX object CMakeFiles/gst_pipeline_plugins.dir/src/multifilesink_observer.cpp.o[0m
[3.571s] [ 33%] [32mBuilding C object CMakeFiles/gst_pipeline_plugins.dir/src/meta/gstmark.c.o[0m
[3.571s] [ 41%] [32mBuilding CXX object CMakeFiles/gst_pipeline_plugins.dir/src/rtp_header_hook.cpp.o[0m
[3.571s] [ 50%] [32mBuilding CXX object CMakeFiles/gst_pipeline_plugins.dir/src/pause_srv.cpp.o[0m
[3.571s] [ 58%] [32mBuilding CXX object CMakeFiles/gst_pipeline_plugins.dir/src/buffer_observer.cpp.o[0m
[3.571s] [ 66%] [32mBuilding CXX object CMakeFiles/gst_pipeline_plugins.dir/src/clock_observer.cpp.o[0m
[3.571s] [ 75%] [32mBuilding CXX object CMakeFiles/gst_pipeline_plugins.dir/src/parameters/parameter_conversions.cpp.o[0m
[3.571s] [ 83%] [32mBuilding CXX object CMakeFiles/gst_pipeline_plugins.dir/src/parameters.cpp.o[0m
[3.572s] [ 91%] [32mBuilding CXX object CMakeFiles/gst_pipeline_plugins.dir/src/metadata_hook.cpp.o[0m
[16.295s] [100%] [32m[1mLinking CXX shared library libgst_pipeline_plugins.so[0m
[17.702s] [100%] Built target gst_pipeline_plugins
[17.717s] Invoked command in '/root/ROS2_WEBRTC/rosgsthumble_ws/build/gst_pipeline_plugins' returned '0': AMENT_PREFIX_PATH=/root/ROS2_WEBRTC/rosgsthumble_ws/install/gst_pipeline:/root/ROS2_WEBRTC/rosgsthumble_ws/install/gst_bridge:/root/ROS2_WEBRTC/rosgsthumble_ws/install/gst_msgs:/root/ROS2_WEBRTC/rosgsthumble_ws/install/audio_msgs:${AMENT_PREFIX_PATH} CMAKE_PREFIX_PATH=/root/ROS2_WEBRTC/rosgsthumble_ws/install/gst_pipeline:/root/ROS2_WEBRTC/rosgsthumble_ws/install/gst_bridge:/root/ROS2_WEBRTC/rosgsthumble_ws/install/gst_msgs:/root/ROS2_WEBRTC/rosgsthumble_ws/install/audio_msgs:/opt/ros/humble LD_LIBRARY_PATH=/root/ROS2_WEBRTC/rosgsthumble_ws/install/gst_pipeline/lib:/root/ROS2_WEBRTC/rosgsthumble_ws/install/gst_bridge/lib:/root/ROS2_WEBRTC/rosgsthumble_ws/install/gst_msgs/lib:/root/ROS2_WEBRTC/rosgsthumble_ws/install/audio_msgs/lib:${LD_LIBRARY_PATH} PYTHONPATH=/root/ROS2_WEBRTC/rosgsthumble_ws/install/gst_msgs/local/lib/python3.10/dist-packages:/root/ROS2_WEBRTC/rosgsthumble_ws/install/audio_msgs/local/lib/python3.10/dist-packages:${PYTHONPATH} /usr/bin/cmake --build /root/ROS2_WEBRTC/rosgsthumble_ws/build/gst_pipeline_plugins -- -j12 -l12
[17.718s] Invoking command in '/root/ROS2_WEBRTC/rosgsthumble_ws/build/gst_pipeline_plugins': AMENT_PREFIX_PATH=/root/ROS2_WEBRTC/rosgsthumble_ws/install/gst_pipeline:/root/ROS2_WEBRTC/rosgsthumble_ws/install/gst_bridge:/root/ROS2_WEBRTC/rosgsthumble_ws/install/gst_msgs:/root/ROS2_WEBRTC/rosgsthumble_ws/install/audio_msgs:${AMENT_PREFIX_PATH} CMAKE_PREFIX_PATH=/root/ROS2_WEBRTC/rosgsthumble_ws/install/gst_pipeline:/root/ROS2_WEBRTC/rosgsthumble_ws/install/gst_bridge:/root/ROS2_WEBRTC/rosgsthumble_ws/install/gst_msgs:/root/ROS2_WEBRTC/rosgsthumble_ws/install/audio_msgs:/opt/ros/humble LD_LIBRARY_PATH=/root/ROS2_WEBRTC/rosgsthumble_ws/install/gst_pipeline/lib:/root/ROS2_WEBRTC/rosgsthumble_ws/install/gst_bridge/lib:/root/ROS2_WEBRTC/rosgsthumble_ws/install/gst_msgs/lib:/root/ROS2_WEBRTC/rosgsthumble_ws/install/audio_msgs/lib:${LD_LIBRARY_PATH} PYTHONPATH=/root/ROS2_WEBRTC/rosgsthumble_ws/install/gst_msgs/local/lib/python3.10/dist-packages:/root/ROS2_WEBRTC/rosgsthumble_ws/install/audio_msgs/local/lib/python3.10/dist-packages:${PYTHONPATH} /usr/bin/cmake --install /root/ROS2_WEBRTC/rosgsthumble_ws/build/gst_pipeline_plugins
[17.726s] -- Install configuration: ""
[17.727s] -- Execute custom install script
[17.727s] -- Symlinking: /root/ROS2_WEBRTC/rosgsthumble_ws/install/gst_pipeline_plugins/share/gst_pipeline_plugins//plugins.xml
[17.737s] -- Symlinking: /root/ROS2_WEBRTC/rosgsthumble_ws/install/gst_pipeline_plugins/include/gst_pipeline_plugins/bridge.h
[17.747s] -- Symlinking: /root/ROS2_WEBRTC/rosgsthumble_ws/install/gst_pipeline_plugins/include/gst_pipeline_plugins/buffer_observer.h
[17.756s] -- Symlinking: /root/ROS2_WEBRTC/rosgsthumble_ws/install/gst_pipeline_plugins/include/gst_pipeline_plugins/clock_observer.h
[17.764s] -- Symlinking: /root/ROS2_WEBRTC/rosgsthumble_ws/install/gst_pipeline_plugins/include/gst_pipeline_plugins/framegate.h
[17.773s] -- Symlinking: /root/ROS2_WEBRTC/rosgsthumble_ws/install/gst_pipeline_plugins/include/gst_pipeline_plugins/meta/gstmark.h
[17.782s] -- Symlinking: /root/ROS2_WEBRTC/rosgsthumble_ws/install/gst_pipeline_plugins/include/gst_pipeline_plugins/metadata_hook.h
[17.792s] -- Symlinking: /root/ROS2_WEBRTC/rosgsthumble_ws/install/gst_pipeline_plugins/include/gst_pipeline_plugins/multifilesink_observer.h
[17.801s] -- Symlinking: /root/ROS2_WEBRTC/rosgsthumble_ws/install/gst_pipeline_plugins/include/gst_pipeline_plugins/net_clock.h
[17.811s] -- Symlinking: /root/ROS2_WEBRTC/rosgsthumble_ws/install/gst_pipeline_plugins/include/gst_pipeline_plugins/parameters.h
[17.820s] -- Symlinking: /root/ROS2_WEBRTC/rosgsthumble_ws/install/gst_pipeline_plugins/include/gst_pipeline_plugins/pause_srv.h
[17.829s] -- Symlinking: /root/ROS2_WEBRTC/rosgsthumble_ws/install/gst_pipeline_plugins/include/gst_pipeline_plugins/rtp_header_hook.h
[17.840s] -- Symlinking: /root/ROS2_WEBRTC/rosgsthumble_ws/install/gst_pipeline_plugins/share/gst_pipeline_plugins/config/parameters_example.config.yaml
[17.850s] -- Symlinking: /root/ROS2_WEBRTC/rosgsthumble_ws/install/gst_pipeline_plugins/share/gst_pipeline_plugins/launch/parameters_example.launch.py
[17.859s] -- Symlinking: /root/ROS2_WEBRTC/rosgsthumble_ws/install/gst_pipeline_plugins/share/gst_pipeline_plugins/environment/library_path.sh
[17.869s] -- Symlinking: /root/ROS2_WEBRTC/rosgsthumble_ws/install/gst_pipeline_plugins/share/gst_pipeline_plugins/environment/library_path.dsv
[17.880s] -- Symlinking: /root/ROS2_WEBRTC/rosgsthumble_ws/install/gst_pipeline_plugins/share/ament_index/resource_index/package_run_dependencies/gst_pipeline_plugins
[17.890s] -- Symlinking: /root/ROS2_WEBRTC/rosgsthumble_ws/install/gst_pipeline_plugins/share/ament_index/resource_index/parent_prefix_path/gst_pipeline_plugins
[17.899s] -- Symlinking: /root/ROS2_WEBRTC/rosgsthumble_ws/install/gst_pipeline_plugins/share/gst_pipeline_plugins/environment/ament_prefix_path.sh
[17.910s] -- Symlinking: /root/ROS2_WEBRTC/rosgsthumble_ws/install/gst_pipeline_plugins/share/gst_pipeline_plugins/environment/ament_prefix_path.dsv
[17.920s] -- Symlinking: /root/ROS2_WEBRTC/rosgsthumble_ws/install/gst_pipeline_plugins/share/gst_pipeline_plugins/environment/path.sh
[17.930s] -- Symlinking: /root/ROS2_WEBRTC/rosgsthumble_ws/install/gst_pipeline_plugins/share/gst_pipeline_plugins/environment/path.dsv
[17.940s] -- Symlinking: /root/ROS2_WEBRTC/rosgsthumble_ws/install/gst_pipeline_plugins/share/gst_pipeline_plugins/local_setup.bash
[17.950s] -- Symlinking: /root/ROS2_WEBRTC/rosgsthumble_ws/install/gst_pipeline_plugins/share/gst_pipeline_plugins/local_setup.sh
[17.970s] -- Symlinking: /root/ROS2_WEBRTC/rosgsthumble_ws/install/gst_pipeline_plugins/share/gst_pipeline_plugins/local_setup.zsh
[17.970s] -- Symlinking: /root/ROS2_WEBRTC/rosgsthumble_ws/install/gst_pipeline_plugins/share/gst_pipeline_plugins/local_setup.dsv
[17.980s] -- Symlinking: /root/ROS2_WEBRTC/rosgsthumble_ws/install/gst_pipeline_plugins/share/gst_pipeline_plugins/package.dsv
[17.990s] -- Symlinking: /root/ROS2_WEBRTC/rosgsthumble_ws/install/gst_pipeline_plugins/share/ament_index/resource_index/packages/gst_pipeline_plugins
[18.001s] -- Symlinking: /root/ROS2_WEBRTC/rosgsthumble_ws/install/gst_pipeline_plugins/share/ament_index/resource_index/gst_pipeline__pluginlib__plugin/gst_pipeline_plugins
[18.011s] -- Symlinking: /root/ROS2_WEBRTC/rosgsthumble_ws/install/gst_pipeline_plugins/share/gst_pipeline_plugins/cmake/ament_cmake_export_include_directories-extras.cmake
[18.021s] -- Symlinking: /root/ROS2_WEBRTC/rosgsthumble_ws/install/gst_pipeline_plugins/share/gst_pipeline_plugins/cmake/ament_cmake_export_libraries-extras.cmake
[18.033s] -- Symlinking: /root/ROS2_WEBRTC/rosgsthumble_ws/install/gst_pipeline_plugins/share/gst_pipeline_plugins/cmake/ament_cmake_export_targets-extras.cmake
[18.044s] -- Symlinking: /root/ROS2_WEBRTC/rosgsthumble_ws/install/gst_pipeline_plugins/share/gst_pipeline_plugins/cmake/ament_cmake_export_dependencies-extras.cmake
[18.055s] -- Symlinking: /root/ROS2_WEBRTC/rosgsthumble_ws/install/gst_pipeline_plugins/share/gst_pipeline_plugins/cmake/gst_pipeline_pluginsConfig.cmake
[18.065s] -- Symlinking: /root/ROS2_WEBRTC/rosgsthumble_ws/install/gst_pipeline_plugins/share/gst_pipeline_plugins/cmake/gst_pipeline_pluginsConfig-version.cmake
[18.076s] -- Symlinking: /root/ROS2_WEBRTC/rosgsthumble_ws/install/gst_pipeline_plugins/share/gst_pipeline_plugins/package.xml
[18.086s] -- Installing: /root/ROS2_WEBRTC/rosgsthumble_ws/install/gst_pipeline_plugins/lib/libgst_pipeline_plugins.so
[18.108s] -- Set runtime path of "/root/ROS2_WEBRTC/rosgsthumble_ws/install/gst_pipeline_plugins/lib/libgst_pipeline_plugins.so" to ""
[18.108s] -- Installing: /root/ROS2_WEBRTC/rosgsthumble_ws/install/gst_pipeline_plugins/share/gst_pipeline_plugins/cmake/export_gst_pipeline_pluginsExport.cmake
[18.108s] -- Installing: /root/ROS2_WEBRTC/rosgsthumble_ws/install/gst_pipeline_plugins/share/gst_pipeline_plugins/cmake/export_gst_pipeline_pluginsExport-noconfig.cmake
[18.111s] Invoked command in '/root/ROS2_WEBRTC/rosgsthumble_ws/build/gst_pipeline_plugins' returned '0': AMENT_PREFIX_PATH=/root/ROS2_WEBRTC/rosgsthumble_ws/install/gst_pipeline:/root/ROS2_WEBRTC/rosgsthumble_ws/install/gst_bridge:/root/ROS2_WEBRTC/rosgsthumble_ws/install/gst_msgs:/root/ROS2_WEBRTC/rosgsthumble_ws/install/audio_msgs:${AMENT_PREFIX_PATH} CMAKE_PREFIX_PATH=/root/ROS2_WEBRTC/rosgsthumble_ws/install/gst_pipeline:/root/ROS2_WEBRTC/rosgsthumble_ws/install/gst_bridge:/root/ROS2_WEBRTC/rosgsthumble_ws/install/gst_msgs:/root/ROS2_WEBRTC/rosgsthumble_ws/install/audio_msgs:/opt/ros/humble LD_LIBRARY_PATH=/root/ROS2_WEBRTC/rosgsthumble_ws/install/gst_pipeline/lib:/root/ROS2_WEBRTC/rosgsthumble_ws/install/gst_bridge/lib:/root/ROS2_WEBRTC/rosgsthumble_ws/install/gst_msgs/lib:/root/ROS2_WEBRTC/rosgsthumble_ws/install/audio_msgs/lib:${LD_LIBRARY_PATH} PYTHONPATH=/root/ROS2_WEBRTC/rosgsthumble_ws/install/gst_msgs/local/lib/python3.10/dist-packages:/root/ROS2_WEBRTC/rosgsthumble_ws/install/audio_msgs/local/lib/python3.10/dist-packages:${PYTHONPATH} /usr/bin/cmake --install /root/ROS2_WEBRTC/rosgsthumble_ws/build/gst_pipeline_plugins
