In file included from [01m[K/usr/include/glib-2.0/gobject/gobject.h:24:0[m[K,
                 from [01m[K/usr/include/glib-2.0/gobject/gbinding.h:29[m[K,
                 from [01m[K/usr/include/glib-2.0/glib-object.h:23[m[K,
                 from [01m[K/usr/include/gstreamer-1.0/gst/gstenumtypes.h:7[m[K,
                 from [01m[K/usr/include/gstreamer-1.0/gst/gst.h:31[m[K,
                 from [01m[K/root/Workspaces/rosgsthumble_ws/src/webrtc_camera_node/src/send_camera_node.cpp:5[m[K:
[01m[K/root/Workspaces/rosgsthumble_ws/src/webrtc_camera_node/src/send_camera_node.cpp:[m[K In function ‘[01m[Kint main(int, char**)[m[K’:
[01m[K/root/Workspaces/rosgsthumble_ws/src/webrtc_camera_node/src/send_camera_node.cpp:164:56:[m[K [01;31m[Kerror: [m[K‘[01m[Kpipeline[m[K’ was not declared in this scope
     text_overlay_element = gst_bin_get_by_name(GST_BIN([01;31m[Kp[m[Kipeline), "time_overlay");
                                                        [01;31m[K^[m[K
[01m[K/usr/include/glib-2.0/gobject/gtype.h:2224:57:[m[K [01;36m[Knote: [m[Kin definition of macro ‘[01m[K_G_TYPE_CIC[m[K’
     ((ct*) g_type_check_instance_cast ((GTypeInstance*) [01;36m[Kip[m[K, gt))
                                                         [01;36m[K^~[m[K
[01m[K/usr/include/gstreamer-1.0/gst/gstbin.h:37:35:[m[K [01;36m[Knote: [m[Kin expansion of macro ‘[01m[KG_TYPE_CHECK_INSTANCE_CAST[m[K’
 #define GST_BIN(obj)             ([01;36m[KG_TYPE_CHECK_INSTANCE_CAST[m[K ((obj), GST_TYPE_BIN, GstBin))
                                   [01;36m[K^~~~~~~~~~~~~~~~~~~~~~~~~~[m[K
[01m[K/root/Workspaces/rosgsthumble_ws/src/webrtc_camera_node/src/send_camera_node.cpp:164:48:[m[K [01;36m[Knote: [m[Kin expansion of macro ‘[01m[KGST_BIN[m[K’
     text_overlay_element = gst_bin_get_by_name([01;36m[KG[m[KST_BIN(pipeline), "time_overlay");
                                                [01;36m[K^[m[K
[01m[K/root/Workspaces/rosgsthumble_ws/src/webrtc_camera_node/src/send_camera_node.cpp:164:56:[m[K [01;36m[Knote: [m[Ksuggested alternative: ‘[01m[KGstPipeline[m[K’
     text_overlay_element = gst_bin_get_by_name(GST_BIN([01;36m[Kp[m[Kipeline), "time_overlay");
                                                        [01;36m[K^[m[K
[01m[K/usr/include/glib-2.0/gobject/gtype.h:2224:57:[m[K [01;36m[Knote: [m[Kin definition of macro ‘[01m[K_G_TYPE_CIC[m[K’
     ((ct*) g_type_check_instance_cast ((GTypeInstance*) [01;36m[Kip[m[K, gt))
                                                         [01;36m[K^~[m[K
[01m[K/usr/include/gstreamer-1.0/gst/gstbin.h:37:35:[m[K [01;36m[Knote: [m[Kin expansion of macro ‘[01m[KG_TYPE_CHECK_INSTANCE_CAST[m[K’
 #define GST_BIN(obj)             ([01;36m[KG_TYPE_CHECK_INSTANCE_CAST[m[K ((obj), GST_TYPE_BIN, GstBin))
                                   [01;36m[K^~~~~~~~~~~~~~~~~~~~~~~~~~[m[K
[01m[K/root/Workspaces/rosgsthumble_ws/src/webrtc_camera_node/src/send_camera_node.cpp:164:48:[m[K [01;36m[Knote: [m[Kin expansion of macro ‘[01m[KGST_BIN[m[K’
     text_overlay_element = gst_bin_get_by_name([01;36m[KG[m[KST_BIN(pipeline), "time_overlay");
                                                [01;36m[K^[m[K
make[2]: *** [CMakeFiles/send_camera_node.dir/src/send_camera_node.cpp.o] Error 1
make[1]: *** [CMakeFiles/send_camera_node.dir/all] Error 2
make: *** [all] Error 2
