[0.182s] Invoking command in '/root/Workspaces/rosgsthumble_ws/build/webrtc_camera_node': CMAKE_PREFIX_PATH=/root/Workspaces/rosgsthumble_ws/install/gst_bridge:/root/Workspaces/rosgsthumble_ws/install/audio_msgs:/root/Workspaces/rosgsthumble_ws/install/realsense2_description:/root/Workspaces/rosgsthumble_ws/install/xacro:/root/Workspaces/rosgsthumble_ws/install/webrtc_camera_node:/root/Workspaces/rosgsthumble_ws/install/vision_opencv:/root/Workspaces/rosgsthumble_ws/install/realsense2_camera:/root/Workspaces/rosgsthumble_ws/install/realsense2_camera_msgs:/root/Workspaces/rosgsthumble_ws/install/image_geometry:/root/Workspaces/rosgsthumble_ws/install/gst_pipeline:/root/Workspaces/rosgsthumble_ws/install/gst_msgs:/root/Workspaces/rosgsthumble_ws/install/diagnostics:/root/Workspaces/rosgsthumble_ws/install/diagnostic_common_diagnostics:/root/Workspaces/rosgsthumble_ws/install/diagnostic_updater:/root/Workspaces/rosgsthumble_ws/install/cv_bridge:/opt/ros/humble/install LD_LIBRARY_PATH=/root/Workspaces/rosgsthumble_ws/install/gst_bridge/lib:/root/Workspaces/rosgsthumble_ws/install/audio_msgs/lib:/root/Workspaces/rosgsthumble_ws/install/realsense2_camera/lib:/root/Workspaces/rosgsthumble_ws/install/realsense2_camera_msgs/lib:/root/Workspaces/rosgsthumble_ws/install/image_geometry/lib:/root/Workspaces/rosgsthumble_ws/install/gst_pipeline/lib:/root/Workspaces/rosgsthumble_ws/install/gst_msgs/lib:/root/Workspaces/rosgsthumble_ws/install/diagnostic_updater/lib:/root/Workspaces/rosgsthumble_ws/install/cv_bridge/lib:/opt/ros/humble/install/opt/rviz_ogre_vendor/lib:/opt/ros/humble/install/lib:/usr/local/cuda-10.2/targets/aarch64-linux/lib PYTHONPATH=/root/Workspaces/rosgsthumble_ws/install/audio_msgs/lib/python3.6/site-packages:/root/Workspaces/rosgsthumble_ws/install/xacro/lib/python3.6/site-packages:/root/Workspaces/rosgsthumble_ws/install/realsense2_camera_msgs/lib/python3.6/site-packages:/root/Workspaces/rosgsthumble_ws/install/image_geometry/lib/python3.6/site-packages:/root/Workspaces/rosgsthumble_ws/install/gst_msgs/lib/python3.6/site-packages:/root/Workspaces/rosgsthumble_ws/install/diagnostic_common_diagnostics/lib/python3.6/site-packages:/root/Workspaces/rosgsthumble_ws/install/diagnostic_updater/lib/python3.6/site-packages:/root/Workspaces/rosgsthumble_ws/install/cv_bridge/lib/python3.6/site-packages:/opt/ros/humble/install/lib/python3.6/site-packages /usr/local/bin/cmake --build /root/Workspaces/rosgsthumble_ws/build/webrtc_camera_node -- -j4 -l4
[0.524s] [ 90%] Built target ixwebsocket
[0.596s] [ 95%] Built target receive_camera_node
[0.599s] [ 97%] [32mBuilding CXX object CMakeFiles/send_camera_node.dir/src/send_camera_node.cpp.o[0m
[13.882s] In file included from [01m[K/usr/include/glib-2.0/gobject/gobject.h:24:0[m[K,
[13.883s]                  from [01m[K/usr/include/glib-2.0/gobject/gbinding.h:29[m[K,
[13.883s]                  from [01m[K/usr/include/glib-2.0/glib-object.h:23[m[K,
[13.884s]                  from [01m[K/usr/include/gstreamer-1.0/gst/gstenumtypes.h:7[m[K,
[13.885s]                  from [01m[K/usr/include/gstreamer-1.0/gst/gst.h:31[m[K,
[13.885s]                  from [01m[K/root/Workspaces/rosgsthumble_ws/src/webrtc_camera_node/src/send_camera_node.cpp:5[m[K:
[13.889s] [01m[K/root/Workspaces/rosgsthumble_ws/src/webrtc_camera_node/src/send_camera_node.cpp:[m[K In function ‘[01m[Kint main(int, char**)[m[K’:
[13.890s] [01m[K/root/Workspaces/rosgsthumble_ws/src/webrtc_camera_node/src/send_camera_node.cpp:164:56:[m[K [01;31m[Kerror: [m[K‘[01m[Kpipeline[m[K’ was not declared in this scope
[13.891s]      text_overlay_element = gst_bin_get_by_name(GST_BIN([01;31m[Kp[m[Kipeline), "time_overlay");
[13.891s]                                                         [01;31m[K^[m[K
[13.892s] [01m[K/usr/include/glib-2.0/gobject/gtype.h:2224:57:[m[K [01;36m[Knote: [m[Kin definition of macro ‘[01m[K_G_TYPE_CIC[m[K’
[13.892s]      ((ct*) g_type_check_instance_cast ((GTypeInstance*) [01;36m[Kip[m[K, gt))
[13.893s]                                                          [01;36m[K^~[m[K
[13.893s] [01m[K/usr/include/gstreamer-1.0/gst/gstbin.h:37:35:[m[K [01;36m[Knote: [m[Kin expansion of macro ‘[01m[KG_TYPE_CHECK_INSTANCE_CAST[m[K’
[13.894s]  #define GST_BIN(obj)             ([01;36m[KG_TYPE_CHECK_INSTANCE_CAST[m[K ((obj), GST_TYPE_BIN, GstBin))
[13.894s]                                    [01;36m[K^~~~~~~~~~~~~~~~~~~~~~~~~~[m[K
[13.895s] [01m[K/root/Workspaces/rosgsthumble_ws/src/webrtc_camera_node/src/send_camera_node.cpp:164:48:[m[K [01;36m[Knote: [m[Kin expansion of macro ‘[01m[KGST_BIN[m[K’
[13.895s]      text_overlay_element = gst_bin_get_by_name([01;36m[KG[m[KST_BIN(pipeline), "time_overlay");
[13.896s]                                                 [01;36m[K^[m[K
[13.896s] [01m[K/root/Workspaces/rosgsthumble_ws/src/webrtc_camera_node/src/send_camera_node.cpp:164:56:[m[K [01;36m[Knote: [m[Ksuggested alternative: ‘[01m[KGstPipeline[m[K’
[13.897s]      text_overlay_element = gst_bin_get_by_name(GST_BIN([01;36m[Kp[m[Kipeline), "time_overlay");
[13.897s]                                                         [01;36m[K^[m[K
[13.898s] [01m[K/usr/include/glib-2.0/gobject/gtype.h:2224:57:[m[K [01;36m[Knote: [m[Kin definition of macro ‘[01m[K_G_TYPE_CIC[m[K’
[13.898s]      ((ct*) g_type_check_instance_cast ((GTypeInstance*) [01;36m[Kip[m[K, gt))
[13.899s]                                                          [01;36m[K^~[m[K
[13.899s] [01m[K/usr/include/gstreamer-1.0/gst/gstbin.h:37:35:[m[K [01;36m[Knote: [m[Kin expansion of macro ‘[01m[KG_TYPE_CHECK_INSTANCE_CAST[m[K’
[13.900s]  #define GST_BIN(obj)             ([01;36m[KG_TYPE_CHECK_INSTANCE_CAST[m[K ((obj), GST_TYPE_BIN, GstBin))
[13.900s]                                    [01;36m[K^~~~~~~~~~~~~~~~~~~~~~~~~~[m[K
[13.901s] [01m[K/root/Workspaces/rosgsthumble_ws/src/webrtc_camera_node/src/send_camera_node.cpp:164:48:[m[K [01;36m[Knote: [m[Kin expansion of macro ‘[01m[KGST_BIN[m[K’
[13.901s]      text_overlay_element = gst_bin_get_by_name([01;36m[KG[m[KST_BIN(pipeline), "time_overlay");
[13.902s]                                                 [01;36m[K^[m[K
[19.307s] CMakeFiles/send_camera_node.dir/build.make:75: recipe for target 'CMakeFiles/send_camera_node.dir/src/send_camera_node.cpp.o' failed
[19.308s] make[2]: *** [CMakeFiles/send_camera_node.dir/src/send_camera_node.cpp.o] Error 1
[19.309s] CMakeFiles/Makefile2:173: recipe for target 'CMakeFiles/send_camera_node.dir/all' failed
[19.310s] make[1]: *** [CMakeFiles/send_camera_node.dir/all] Error 2
[19.310s] make: *** [all] Error 2
[19.311s] Makefile:145: recipe for target 'all' failed
[19.338s] Invoked command in '/root/Workspaces/rosgsthumble_ws/build/webrtc_camera_node' returned '2': CMAKE_PREFIX_PATH=/root/Workspaces/rosgsthumble_ws/install/gst_bridge:/root/Workspaces/rosgsthumble_ws/install/audio_msgs:/root/Workspaces/rosgsthumble_ws/install/realsense2_description:/root/Workspaces/rosgsthumble_ws/install/xacro:/root/Workspaces/rosgsthumble_ws/install/webrtc_camera_node:/root/Workspaces/rosgsthumble_ws/install/vision_opencv:/root/Workspaces/rosgsthumble_ws/install/realsense2_camera:/root/Workspaces/rosgsthumble_ws/install/realsense2_camera_msgs:/root/Workspaces/rosgsthumble_ws/install/image_geometry:/root/Workspaces/rosgsthumble_ws/install/gst_pipeline:/root/Workspaces/rosgsthumble_ws/install/gst_msgs:/root/Workspaces/rosgsthumble_ws/install/diagnostics:/root/Workspaces/rosgsthumble_ws/install/diagnostic_common_diagnostics:/root/Workspaces/rosgsthumble_ws/install/diagnostic_updater:/root/Workspaces/rosgsthumble_ws/install/cv_bridge:/opt/ros/humble/install LD_LIBRARY_PATH=/root/Workspaces/rosgsthumble_ws/install/gst_bridge/lib:/root/Workspaces/rosgsthumble_ws/install/audio_msgs/lib:/root/Workspaces/rosgsthumble_ws/install/realsense2_camera/lib:/root/Workspaces/rosgsthumble_ws/install/realsense2_camera_msgs/lib:/root/Workspaces/rosgsthumble_ws/install/image_geometry/lib:/root/Workspaces/rosgsthumble_ws/install/gst_pipeline/lib:/root/Workspaces/rosgsthumble_ws/install/gst_msgs/lib:/root/Workspaces/rosgsthumble_ws/install/diagnostic_updater/lib:/root/Workspaces/rosgsthumble_ws/install/cv_bridge/lib:/opt/ros/humble/install/opt/rviz_ogre_vendor/lib:/opt/ros/humble/install/lib:/usr/local/cuda-10.2/targets/aarch64-linux/lib PYTHONPATH=/root/Workspaces/rosgsthumble_ws/install/audio_msgs/lib/python3.6/site-packages:/root/Workspaces/rosgsthumble_ws/install/xacro/lib/python3.6/site-packages:/root/Workspaces/rosgsthumble_ws/install/realsense2_camera_msgs/lib/python3.6/site-packages:/root/Workspaces/rosgsthumble_ws/install/image_geometry/lib/python3.6/site-packages:/root/Workspaces/rosgsthumble_ws/install/gst_msgs/lib/python3.6/site-packages:/root/Workspaces/rosgsthumble_ws/install/diagnostic_common_diagnostics/lib/python3.6/site-packages:/root/Workspaces/rosgsthumble_ws/install/diagnostic_updater/lib/python3.6/site-packages:/root/Workspaces/rosgsthumble_ws/install/cv_bridge/lib/python3.6/site-packages:/opt/ros/humble/install/lib/python3.6/site-packages /usr/local/bin/cmake --build /root/Workspaces/rosgsthumble_ws/build/webrtc_camera_node -- -j4 -l4
