[0.032s] Invoking command in '/root/ROS2_WEBRTC/rosgsthumble_ws/build/cpp_campub': CMAKE_PREFIX_PATH=/opt/ros/humble /usr/bin/cmake /root/ROS2_WEBRTC/rosgsthumble_ws/src/cpp_campub -DAMENT_CMAKE_SYMLINK_INSTALL=1 -DCMAKE_INSTALL_PREFIX=/root/ROS2_WEBRTC/rosgsthumble_ws/install/cpp_campub
[0.765s] -- The C compiler identification is GNU 11.4.0
[0.951s] -- The CXX compiler identification is GNU 11.4.0
[0.964s] -- Detecting C compiler ABI info
[1.061s] -- Detecting C compiler ABI info - done
[1.066s] -- Check for working C compiler: /usr/bin/cc - skipped
[1.067s] -- Detecting C compile features
[1.067s] -- Detecting C compile features - done
[1.070s] -- Detecting CXX compiler ABI info
[1.143s] -- Detecting CXX compiler ABI info - done
[1.148s] -- Check for working CXX compiler: /usr/bin/c++ - skipped
[1.149s] -- Detecting CXX compile features
[1.149s] -- Detecting CXX compile features - done
[1.159s] -- Found ament_cmake: 1.3.12 (/opt/ros/humble/share/ament_cmake/cmake)
[1.284s] -- Found Python3: /usr/bin/python3 (found version "3.10.12") found components: Interpreter 
[1.346s] -- Override CMake install command with custom implementation using symlinks instead of copying resources
[1.398s] -- Found rclcpp: 16.0.15 (/opt/ros/humble/share/rclcpp/cmake)
[1.471s] -- Found rosidl_generator_c: 3.1.7 (/opt/ros/humble/share/rosidl_generator_c/cmake)
[1.482s] -- Found rosidl_adapter: 3.1.7 (/opt/ros/humble/share/rosidl_adapter/cmake)
[1.495s] -- Found rosidl_generator_cpp: 3.1.7 (/opt/ros/humble/share/rosidl_generator_cpp/cmake)
[1.513s] -- Using all available rosidl_typesupport_c: rosidl_typesupport_fastrtps_c;rosidl_typesupport_introspection_c
[1.536s] -- Using all available rosidl_typesupport_cpp: rosidl_typesupport_fastrtps_cpp;rosidl_typesupport_introspection_cpp
[1.611s] -- Found rmw_implementation_cmake: 6.1.2 (/opt/ros/humble/share/rmw_implementation_cmake/cmake)
[1.615s] -- Found rmw_fastrtps_cpp: 6.2.9 (/opt/ros/humble/share/rmw_fastrtps_cpp/cmake)
[1.835s] -- Found OpenSSL: /usr/lib/x86_64-linux-gnu/libcrypto.so (found version "3.0.2")  
[1.868s] -- Found FastRTPS: /opt/ros/humble/include  
[1.918s] -- Using RMW implementation 'rmw_fastrtps_cpp' as default
[1.931s] -- Looking for pthread.h
[2.036s] -- Looking for pthread.h - found
[2.036s] -- Performing Test CMAKE_HAVE_LIBC_PTHREAD
[2.176s] -- Performing Test CMAKE_HAVE_LIBC_PTHREAD - Success
[2.177s] -- Found Threads: TRUE  
[2.240s] -- Found sensor_msgs: 4.9.0 (/opt/ros/humble/share/sensor_msgs/cmake)
[2.267s] -- Found cv_bridge: 3.2.1 (/opt/ros/humble/share/cv_bridge/cmake)
[2.293s] -- Found OpenCV: /usr (found version "4.5.4") 
[2.352s] -- Configuring done
[2.366s] -- Generating done
[2.384s] -- Build files have been written to: /root/ROS2_WEBRTC/rosgsthumble_ws/build/cpp_campub
[2.397s] Invoked command in '/root/ROS2_WEBRTC/rosgsthumble_ws/build/cpp_campub' returned '0': CMAKE_PREFIX_PATH=/opt/ros/humble /usr/bin/cmake /root/ROS2_WEBRTC/rosgsthumble_ws/src/cpp_campub -DAMENT_CMAKE_SYMLINK_INSTALL=1 -DCMAKE_INSTALL_PREFIX=/root/ROS2_WEBRTC/rosgsthumble_ws/install/cpp_campub
[2.399s] Invoking command in '/root/ROS2_WEBRTC/rosgsthumble_ws/build/cpp_campub': CMAKE_PREFIX_PATH=/opt/ros/humble /usr/bin/cmake --build /root/ROS2_WEBRTC/rosgsthumble_ws/build/cpp_campub -- -j12 -l12
[2.442s] [ 50%] [32mBuilding CXX object CMakeFiles/camera_publisher.dir/src/camera_publisher.cpp.o[0m
[8.572s] [100%] [32m[1mLinking CXX executable camera_publisher[0m
[9.873s] [100%] Built target camera_publisher
[9.884s] Invoked command in '/root/ROS2_WEBRTC/rosgsthumble_ws/build/cpp_campub' returned '0': CMAKE_PREFIX_PATH=/opt/ros/humble /usr/bin/cmake --build /root/ROS2_WEBRTC/rosgsthumble_ws/build/cpp_campub -- -j12 -l12
[9.886s] Invoking command in '/root/ROS2_WEBRTC/rosgsthumble_ws/build/cpp_campub': CMAKE_PREFIX_PATH=/opt/ros/humble /usr/bin/cmake --install /root/ROS2_WEBRTC/rosgsthumble_ws/build/cpp_campub
[9.893s] -- Install configuration: ""
[9.893s] -- Execute custom install script
[9.894s] -- Symlinking: /root/ROS2_WEBRTC/rosgsthumble_ws/install/cpp_campub/lib/cpp_campub/camera_publisher
[9.902s] -- Symlinking: /root/ROS2_WEBRTC/rosgsthumble_ws/install/cpp_campub/share/ament_index/resource_index/package_run_dependencies/cpp_campub
[9.912s] -- Symlinking: /root/ROS2_WEBRTC/rosgsthumble_ws/install/cpp_campub/share/ament_index/resource_index/parent_prefix_path/cpp_campub
[9.921s] -- Symlinking: /root/ROS2_WEBRTC/rosgsthumble_ws/install/cpp_campub/share/cpp_campub/environment/ament_prefix_path.sh
[9.930s] -- Symlinking: /root/ROS2_WEBRTC/rosgsthumble_ws/install/cpp_campub/share/cpp_campub/environment/ament_prefix_path.dsv
[9.939s] -- Symlinking: /root/ROS2_WEBRTC/rosgsthumble_ws/install/cpp_campub/share/cpp_campub/environment/path.sh
[9.947s] -- Symlinking: /root/ROS2_WEBRTC/rosgsthumble_ws/install/cpp_campub/share/cpp_campub/environment/path.dsv
[9.956s] -- Symlinking: /root/ROS2_WEBRTC/rosgsthumble_ws/install/cpp_campub/share/cpp_campub/local_setup.bash
[9.964s] -- Symlinking: /root/ROS2_WEBRTC/rosgsthumble_ws/install/cpp_campub/share/cpp_campub/local_setup.sh
[9.972s] -- Symlinking: /root/ROS2_WEBRTC/rosgsthumble_ws/install/cpp_campub/share/cpp_campub/local_setup.zsh
[9.981s] -- Symlinking: /root/ROS2_WEBRTC/rosgsthumble_ws/install/cpp_campub/share/cpp_campub/local_setup.dsv
[9.989s] -- Symlinking: /root/ROS2_WEBRTC/rosgsthumble_ws/install/cpp_campub/share/cpp_campub/package.dsv
[9.997s] -- Symlinking: /root/ROS2_WEBRTC/rosgsthumble_ws/install/cpp_campub/share/ament_index/resource_index/packages/cpp_campub
[10.005s] -- Symlinking: /root/ROS2_WEBRTC/rosgsthumble_ws/install/cpp_campub/share/cpp_campub/cmake/cpp_campubConfig.cmake
[10.015s] -- Symlinking: /root/ROS2_WEBRTC/rosgsthumble_ws/install/cpp_campub/share/cpp_campub/cmake/cpp_campubConfig-version.cmake
[10.025s] -- Symlinking: /root/ROS2_WEBRTC/rosgsthumble_ws/install/cpp_campub/share/cpp_campub/package.xml
[10.035s] Invoked command in '/root/ROS2_WEBRTC/rosgsthumble_ws/build/cpp_campub' returned '0': CMAKE_PREFIX_PATH=/opt/ros/humble /usr/bin/cmake --install /root/ROS2_WEBRTC/rosgsthumble_ws/build/cpp_campub
