[0.019s] Invoking command in '/root/ROS2_WEBRTC/rosgsthumble_ws/build/gst_pipeline': AMENT_PREFIX_PATH=/root/ROS2_WEBRTC/rosgsthumble_ws/install/gst_bridge:/root/ROS2_WEBRTC/rosgsthumble_ws/install/gst_msgs:/root/ROS2_WEBRTC/rosgsthumble_ws/install/audio_msgs:${AMENT_PREFIX_PATH} CMAKE_PREFIX_PATH=/root/ROS2_WEBRTC/rosgsthumble_ws/install/gst_bridge:/root/ROS2_WEBRTC/rosgsthumble_ws/install/gst_msgs:/root/ROS2_WEBRTC/rosgsthumble_ws/install/audio_msgs:/opt/ros/humble LD_LIBRARY_PATH=/root/ROS2_WEBRTC/rosgsthumble_ws/install/gst_bridge/lib:/root/ROS2_WEBRTC/rosgsthumble_ws/install/gst_msgs/lib:/root/ROS2_WEBRTC/rosgsthumble_ws/install/audio_msgs/lib:${LD_LIBRARY_PATH} PYTHONPATH=/root/ROS2_WEBRTC/rosgsthumble_ws/install/gst_msgs/local/lib/python3.10/dist-packages:/root/ROS2_WEBRTC/rosgsthumble_ws/install/audio_msgs/local/lib/python3.10/dist-packages:${PYTHONPATH} /usr/bin/cmake /root/ROS2_WEBRTC/rosgsthumble_ws/src/ros-gst-bridge/gst_pipeline -DAMENT_CMAKE_SYMLINK_INSTALL=1 -DCMAKE_INSTALL_PREFIX=/root/ROS2_WEBRTC/rosgsthumble_ws/install/gst_pipeline
[0.071s] -- The C compiler identification is GNU 11.4.0
[0.119s] -- The CXX compiler identification is GNU 11.4.0
[0.132s] -- Detecting C compiler ABI info
[0.191s] -- Detecting C compiler ABI info - done
[0.196s] -- Check for working C compiler: /usr/bin/cc - skipped
[0.197s] -- Detecting C compile features
[0.197s] -- Detecting C compile features - done
[0.200s] -- Detecting CXX compiler ABI info
[0.271s] -- Detecting CXX compiler ABI info - done
[0.276s] -- Check for working CXX compiler: /usr/bin/c++ - skipped
[0.277s] -- Detecting CXX compile features
[0.277s] -- Detecting CXX compile features - done
[0.291s] -- Found ament_cmake: 1.3.12 (/opt/ros/humble/share/ament_cmake/cmake)
[0.507s] -- Found Python3: /usr/bin/python3 (found version "3.10.12") found components: Interpreter 
[0.596s] -- Override CMake install command with custom implementation using symlinks instead of copying resources
[0.663s] -- Found rclcpp: 16.0.15 (/opt/ros/humble/share/rclcpp/cmake)
[0.713s] -- Found rosidl_generator_c: 3.1.7 (/opt/ros/humble/share/rosidl_generator_c/cmake)
[0.721s] -- Found rosidl_adapter: 3.1.7 (/opt/ros/humble/share/rosidl_adapter/cmake)
[0.738s] -- Found rosidl_generator_cpp: 3.1.7 (/opt/ros/humble/share/rosidl_generator_cpp/cmake)
[0.755s] -- Using all available rosidl_typesupport_c: rosidl_typesupport_fastrtps_c;rosidl_typesupport_introspection_c
[0.783s] -- Using all available rosidl_typesupport_cpp: rosidl_typesupport_fastrtps_cpp;rosidl_typesupport_introspection_cpp
[0.841s] -- Found rmw_implementation_cmake: 6.1.2 (/opt/ros/humble/share/rmw_implementation_cmake/cmake)
[0.846s] -- Found rmw_fastrtps_cpp: 6.2.9 (/opt/ros/humble/share/rmw_fastrtps_cpp/cmake)
[0.977s] -- Found OpenSSL: /usr/lib/x86_64-linux-gnu/libcrypto.so (found version "3.0.2")  
[1.012s] -- Found FastRTPS: /opt/ros/humble/include  
[1.064s] -- Using RMW implementation 'rmw_fastrtps_cpp' as default
[1.078s] -- Looking for pthread.h
[1.154s] -- Looking for pthread.h - found
[1.154s] -- Performing Test CMAKE_HAVE_LIBC_PTHREAD
[1.219s] -- Performing Test CMAKE_HAVE_LIBC_PTHREAD - Success
[1.220s] -- Found Threads: TRUE  
[1.302s] -- Found rclcpp_components: 16.0.15 (/opt/ros/humble/share/rclcpp_components/cmake)
[1.367s] -- Found gst_bridge: 0.0.0 (/root/ROS2_WEBRTC/rosgsthumble_ws/install/gst_bridge/share/gst_bridge/cmake)
[1.456s] -- Found image_transport: 3.1.12 (/opt/ros/humble/share/image_transport/cmake)
[1.531s] -- Found cv_bridge: 3.2.1 (/opt/ros/humble/share/cv_bridge/cmake)
[1.545s] -- Found TinyXML2 via Config file: TinyXML2_DIR-NOTFOUND
[1.548s] -- Found PkgConfig: /usr/bin/pkg-config (found version "0.29.2") 
[1.549s] -- Checking for module 'gstreamer-1.0'
[1.561s] --   Found gstreamer-1.0, version 1.20.3
[1.600s] -- Found std_srvs: 4.9.0 (/opt/ros/humble/share/std_srvs/cmake)
[1.657s] -- Found gst_msgs: 0.0.0 (/root/ROS2_WEBRTC/rosgsthumble_ws/install/gst_msgs/share/gst_msgs/cmake)
[1.677s] -- Found ament_cmake_clang_format: 0.12.14 (/opt/ros/humble/share/ament_cmake_clang_format/cmake)
[1.686s] -- Found ament_cmake_gtest: 1.3.12 (/opt/ros/humble/share/ament_cmake_gtest/cmake)
[1.704s] -- Found gtest sources under '/opt/ros/humble/src/gtest_vendor': C++ tests using 'Google Test' will be built
[1.787s] -- Configuring done
[1.859s] -- Generating done
[1.879s] -- Build files have been written to: /root/ROS2_WEBRTC/rosgsthumble_ws/build/gst_pipeline
[1.892s] Invoked command in '/root/ROS2_WEBRTC/rosgsthumble_ws/build/gst_pipeline' returned '0': AMENT_PREFIX_PATH=/root/ROS2_WEBRTC/rosgsthumble_ws/install/gst_bridge:/root/ROS2_WEBRTC/rosgsthumble_ws/install/gst_msgs:/root/ROS2_WEBRTC/rosgsthumble_ws/install/audio_msgs:${AMENT_PREFIX_PATH} CMAKE_PREFIX_PATH=/root/ROS2_WEBRTC/rosgsthumble_ws/install/gst_bridge:/root/ROS2_WEBRTC/rosgsthumble_ws/install/gst_msgs:/root/ROS2_WEBRTC/rosgsthumble_ws/install/audio_msgs:/opt/ros/humble LD_LIBRARY_PATH=/root/ROS2_WEBRTC/rosgsthumble_ws/install/gst_bridge/lib:/root/ROS2_WEBRTC/rosgsthumble_ws/install/gst_msgs/lib:/root/ROS2_WEBRTC/rosgsthumble_ws/install/audio_msgs/lib:${LD_LIBRARY_PATH} PYTHONPATH=/root/ROS2_WEBRTC/rosgsthumble_ws/install/gst_msgs/local/lib/python3.10/dist-packages:/root/ROS2_WEBRTC/rosgsthumble_ws/install/audio_msgs/local/lib/python3.10/dist-packages:${PYTHONPATH} /usr/bin/cmake /root/ROS2_WEBRTC/rosgsthumble_ws/src/ros-gst-bridge/gst_pipeline -DAMENT_CMAKE_SYMLINK_INSTALL=1 -DCMAKE_INSTALL_PREFIX=/root/ROS2_WEBRTC/rosgsthumble_ws/install/gst_pipeline
[1.894s] Invoking command in '/root/ROS2_WEBRTC/rosgsthumble_ws/build/gst_pipeline': AMENT_PREFIX_PATH=/root/ROS2_WEBRTC/rosgsthumble_ws/install/gst_bridge:/root/ROS2_WEBRTC/rosgsthumble_ws/install/gst_msgs:/root/ROS2_WEBRTC/rosgsthumble_ws/install/audio_msgs:${AMENT_PREFIX_PATH} CMAKE_PREFIX_PATH=/root/ROS2_WEBRTC/rosgsthumble_ws/install/gst_bridge:/root/ROS2_WEBRTC/rosgsthumble_ws/install/gst_msgs:/root/ROS2_WEBRTC/rosgsthumble_ws/install/audio_msgs:/opt/ros/humble LD_LIBRARY_PATH=/root/ROS2_WEBRTC/rosgsthumble_ws/install/gst_bridge/lib:/root/ROS2_WEBRTC/rosgsthumble_ws/install/gst_msgs/lib:/root/ROS2_WEBRTC/rosgsthumble_ws/install/audio_msgs/lib:${LD_LIBRARY_PATH} PYTHONPATH=/root/ROS2_WEBRTC/rosgsthumble_ws/install/gst_msgs/local/lib/python3.10/dist-packages:/root/ROS2_WEBRTC/rosgsthumble_ws/install/audio_msgs/local/lib/python3.10/dist-packages:${PYTHONPATH} /usr/bin/cmake --build /root/ROS2_WEBRTC/rosgsthumble_ws/build/gst_pipeline -- -j12 -l12
[1.941s] [ 45%] [32mBuilding CXX object gtest/CMakeFiles/gtest_main.dir/src/gtest_main.cc.o[0m
[1.941s] [ 45%] [32mBuilding CXX object CMakeFiles/gst_pipeline_node.dir/rclcpp_components/node_main_gst_pipeline_node.cpp.o[0m
[1.942s] [ 45%] [32mBuilding CXX object gtest/CMakeFiles/gtest.dir/src/gtest-all.cc.o[0m
[1.942s] [ 45%] [32mBuilding CXX object CMakeFiles/gst_pipeline.dir/src/syntax_sugar.cpp.o[0m
[1.942s] [ 45%] [32mBuilding CXX object CMakeFiles/gst_pipeline.dir/src/gst_pipeline.cpp.o[0m
[2.821s] [ 54%] [32m[1mLinking CXX static library libgtest_main.a[0m
[2.886s] [ 54%] Built target gtest_main
[4.666s] [ 63%] [32m[1mLinking CXX static library libgtest.a[0m
[4.745s] [ 63%] Built target gtest
[4.775s] [ 72%] [32m[1mLinking CXX executable gst_pipeline_node[0m
[4.912s] [ 72%] Built target gst_pipeline_node
[6.942s] [ 81%] [32m[1mLinking CXX shared library libgst_pipeline.so[0m
[7.175s] [ 81%] Built target gst_pipeline
[7.194s] [ 90%] [32mBuilding CXX object CMakeFiles/gst_pipeline_test.dir/test/gst_pipeline/test_loader.cpp.o[0m
[14.784s] [100%] [32m[1mLinking CXX executable gst_pipeline_test[0m
[15.660s] [100%] Built target gst_pipeline_test
[15.678s] Invoked command in '/root/ROS2_WEBRTC/rosgsthumble_ws/build/gst_pipeline' returned '0': AMENT_PREFIX_PATH=/root/ROS2_WEBRTC/rosgsthumble_ws/install/gst_bridge:/root/ROS2_WEBRTC/rosgsthumble_ws/install/gst_msgs:/root/ROS2_WEBRTC/rosgsthumble_ws/install/audio_msgs:${AMENT_PREFIX_PATH} CMAKE_PREFIX_PATH=/root/ROS2_WEBRTC/rosgsthumble_ws/install/gst_bridge:/root/ROS2_WEBRTC/rosgsthumble_ws/install/gst_msgs:/root/ROS2_WEBRTC/rosgsthumble_ws/install/audio_msgs:/opt/ros/humble LD_LIBRARY_PATH=/root/ROS2_WEBRTC/rosgsthumble_ws/install/gst_bridge/lib:/root/ROS2_WEBRTC/rosgsthumble_ws/install/gst_msgs/lib:/root/ROS2_WEBRTC/rosgsthumble_ws/install/audio_msgs/lib:${LD_LIBRARY_PATH} PYTHONPATH=/root/ROS2_WEBRTC/rosgsthumble_ws/install/gst_msgs/local/lib/python3.10/dist-packages:/root/ROS2_WEBRTC/rosgsthumble_ws/install/audio_msgs/local/lib/python3.10/dist-packages:${PYTHONPATH} /usr/bin/cmake --build /root/ROS2_WEBRTC/rosgsthumble_ws/build/gst_pipeline -- -j12 -l12
[15.679s] Invoking command in '/root/ROS2_WEBRTC/rosgsthumble_ws/build/gst_pipeline': AMENT_PREFIX_PATH=/root/ROS2_WEBRTC/rosgsthumble_ws/install/gst_bridge:/root/ROS2_WEBRTC/rosgsthumble_ws/install/gst_msgs:/root/ROS2_WEBRTC/rosgsthumble_ws/install/audio_msgs:${AMENT_PREFIX_PATH} CMAKE_PREFIX_PATH=/root/ROS2_WEBRTC/rosgsthumble_ws/install/gst_bridge:/root/ROS2_WEBRTC/rosgsthumble_ws/install/gst_msgs:/root/ROS2_WEBRTC/rosgsthumble_ws/install/audio_msgs:/opt/ros/humble LD_LIBRARY_PATH=/root/ROS2_WEBRTC/rosgsthumble_ws/install/gst_bridge/lib:/root/ROS2_WEBRTC/rosgsthumble_ws/install/gst_msgs/lib:/root/ROS2_WEBRTC/rosgsthumble_ws/install/audio_msgs/lib:${LD_LIBRARY_PATH} PYTHONPATH=/root/ROS2_WEBRTC/rosgsthumble_ws/install/gst_msgs/local/lib/python3.10/dist-packages:/root/ROS2_WEBRTC/rosgsthumble_ws/install/audio_msgs/local/lib/python3.10/dist-packages:${PYTHONPATH} /usr/bin/cmake --install /root/ROS2_WEBRTC/rosgsthumble_ws/build/gst_pipeline
[15.687s] -- Install configuration: ""
[15.687s] -- Execute custom install script
[15.687s] -- Symlinking: /root/ROS2_WEBRTC/rosgsthumble_ws/install/gst_pipeline/lib/gst_pipeline/gst_pipeline_node
[15.695s] -- Symlinking: /root/ROS2_WEBRTC/rosgsthumble_ws/install/gst_pipeline/include/gst_pipeline/gst_pipeline.h
[15.703s] -- Symlinking: /root/ROS2_WEBRTC/rosgsthumble_ws/install/gst_pipeline/include/gst_pipeline/plugin_base.h
[15.710s] -- Symlinking: /root/ROS2_WEBRTC/rosgsthumble_ws/install/gst_pipeline/include/gst_pipeline/syntax_sugar.h
[15.718s] -- Symlinking: /root/ROS2_WEBRTC/rosgsthumble_ws/install/gst_pipeline/share/gst_pipeline/config/example.config.yaml
[15.726s] -- Symlinking: /root/ROS2_WEBRTC/rosgsthumble_ws/install/gst_pipeline/share/gst_pipeline/config/example_rx.config.yaml
[15.733s] -- Symlinking: /root/ROS2_WEBRTC/rosgsthumble_ws/install/gst_pipeline/share/gst_pipeline/launch/example.launch.py
[15.741s] -- Symlinking: /root/ROS2_WEBRTC/rosgsthumble_ws/install/gst_pipeline/share/gst_pipeline/launch/example_rx.launch.py
[15.748s] -- Symlinking: /root/ROS2_WEBRTC/rosgsthumble_ws/install/gst_pipeline/share/gst_pipeline/environment/library_path.sh
[15.755s] -- Symlinking: /root/ROS2_WEBRTC/rosgsthumble_ws/install/gst_pipeline/share/gst_pipeline/environment/library_path.dsv
[15.763s] -- Symlinking: /root/ROS2_WEBRTC/rosgsthumble_ws/install/gst_pipeline/share/ament_index/resource_index/package_run_dependencies/gst_pipeline
[15.772s] -- Symlinking: /root/ROS2_WEBRTC/rosgsthumble_ws/install/gst_pipeline/share/ament_index/resource_index/parent_prefix_path/gst_pipeline
[15.779s] -- Symlinking: /root/ROS2_WEBRTC/rosgsthumble_ws/install/gst_pipeline/share/gst_pipeline/environment/ament_prefix_path.sh
[15.787s] -- Symlinking: /root/ROS2_WEBRTC/rosgsthumble_ws/install/gst_pipeline/share/gst_pipeline/environment/ament_prefix_path.dsv
[15.795s] -- Symlinking: /root/ROS2_WEBRTC/rosgsthumble_ws/install/gst_pipeline/share/gst_pipeline/environment/path.sh
[15.802s] -- Symlinking: /root/ROS2_WEBRTC/rosgsthumble_ws/install/gst_pipeline/share/gst_pipeline/environment/path.dsv
[15.809s] -- Symlinking: /root/ROS2_WEBRTC/rosgsthumble_ws/install/gst_pipeline/share/gst_pipeline/local_setup.bash
[15.817s] -- Symlinking: /root/ROS2_WEBRTC/rosgsthumble_ws/install/gst_pipeline/share/gst_pipeline/local_setup.sh
[15.825s] -- Symlinking: /root/ROS2_WEBRTC/rosgsthumble_ws/install/gst_pipeline/share/gst_pipeline/local_setup.zsh
[15.833s] -- Symlinking: /root/ROS2_WEBRTC/rosgsthumble_ws/install/gst_pipeline/share/gst_pipeline/local_setup.dsv
[15.840s] -- Symlinking: /root/ROS2_WEBRTC/rosgsthumble_ws/install/gst_pipeline/share/gst_pipeline/package.dsv
[15.848s] -- Symlinking: /root/ROS2_WEBRTC/rosgsthumble_ws/install/gst_pipeline/share/ament_index/resource_index/packages/gst_pipeline
[15.856s] -- Symlinking: /root/ROS2_WEBRTC/rosgsthumble_ws/install/gst_pipeline/share/ament_index/resource_index/rclcpp_components/gst_pipeline
[15.863s] -- Symlinking: /root/ROS2_WEBRTC/rosgsthumble_ws/install/gst_pipeline/share/gst_pipeline/cmake/ament_cmake_export_include_directories-extras.cmake
[15.872s] -- Symlinking: /root/ROS2_WEBRTC/rosgsthumble_ws/install/gst_pipeline/share/gst_pipeline/cmake/ament_cmake_export_libraries-extras.cmake
[15.880s] -- Symlinking: /root/ROS2_WEBRTC/rosgsthumble_ws/install/gst_pipeline/share/gst_pipeline/cmake/ament_cmake_export_targets-extras.cmake
[15.887s] -- Symlinking: /root/ROS2_WEBRTC/rosgsthumble_ws/install/gst_pipeline/share/gst_pipeline/cmake/ament_cmake_export_dependencies-extras.cmake
[15.895s] -- Symlinking: /root/ROS2_WEBRTC/rosgsthumble_ws/install/gst_pipeline/share/gst_pipeline/cmake/gst_pipelineConfig.cmake
[15.902s] -- Symlinking: /root/ROS2_WEBRTC/rosgsthumble_ws/install/gst_pipeline/share/gst_pipeline/cmake/gst_pipelineConfig-version.cmake
[15.909s] -- Symlinking: /root/ROS2_WEBRTC/rosgsthumble_ws/install/gst_pipeline/share/gst_pipeline/package.xml
[15.916s] -- Installing: /root/ROS2_WEBRTC/rosgsthumble_ws/install/gst_pipeline/lib/libgst_pipeline.so
[15.919s] -- Set runtime path of "/root/ROS2_WEBRTC/rosgsthumble_ws/install/gst_pipeline/lib/libgst_pipeline.so" to ""
[15.919s] -- Installing: /root/ROS2_WEBRTC/rosgsthumble_ws/install/gst_pipeline/share/gst_pipeline/cmake/export_gst_pipelineExport.cmake
[15.920s] -- Installing: /root/ROS2_WEBRTC/rosgsthumble_ws/install/gst_pipeline/share/gst_pipeline/cmake/export_gst_pipelineExport-noconfig.cmake
[15.922s] Invoked command in '/root/ROS2_WEBRTC/rosgsthumble_ws/build/gst_pipeline' returned '0': AMENT_PREFIX_PATH=/root/ROS2_WEBRTC/rosgsthumble_ws/install/gst_bridge:/root/ROS2_WEBRTC/rosgsthumble_ws/install/gst_msgs:/root/ROS2_WEBRTC/rosgsthumble_ws/install/audio_msgs:${AMENT_PREFIX_PATH} CMAKE_PREFIX_PATH=/root/ROS2_WEBRTC/rosgsthumble_ws/install/gst_bridge:/root/ROS2_WEBRTC/rosgsthumble_ws/install/gst_msgs:/root/ROS2_WEBRTC/rosgsthumble_ws/install/audio_msgs:/opt/ros/humble LD_LIBRARY_PATH=/root/ROS2_WEBRTC/rosgsthumble_ws/install/gst_bridge/lib:/root/ROS2_WEBRTC/rosgsthumble_ws/install/gst_msgs/lib:/root/ROS2_WEBRTC/rosgsthumble_ws/install/audio_msgs/lib:${LD_LIBRARY_PATH} PYTHONPATH=/root/ROS2_WEBRTC/rosgsthumble_ws/install/gst_msgs/local/lib/python3.10/dist-packages:/root/ROS2_WEBRTC/rosgsthumble_ws/install/audio_msgs/local/lib/python3.10/dist-packages:${PYTHONPATH} /usr/bin/cmake --install /root/ROS2_WEBRTC/rosgsthumble_ws/build/gst_pipeline
