[0.480s] Invoking command in '/root/Workspaces/rosgsthumble_ws/build/image_geometry': /usr/local/bin/cmake /root/Workspaces/rosgsthumble_ws/src/vision_opencv/image_geometry -Wno-dev -DAMENT_CMAKE_SYMLINK_INSTALL=1 -DCMAKE_INSTALL_PREFIX=/root/Workspaces/rosgsthumble_ws/install/image_geometry
[0.722s] -- Found ament_cmake_python: 1.3.5 (/opt/ros/humble/install/share/ament_cmake_python/cmake)
[0.725s] -- Found ament_cmake_ros: 0.10.0 (/opt/ros/humble/install/share/ament_cmake_ros/cmake)
[2.415s] -- Override CMake install command with custom implementation using symlinks instead of copying resources
[3.246s] -- Found sensor_msgs: 4.2.3 (/opt/ros/humble/install/share/sensor_msgs/cmake)
[3.368s] -- Found rosidl_generator_c: 3.1.5 (/opt/ros/humble/install/share/rosidl_generator_c/cmake)
[3.388s] -- Found rosidl_adapter: 3.1.5 (/opt/ros/humble/install/share/rosidl_adapter/cmake)
[3.434s] -- Found rosidl_generator_cpp: 3.1.5 (/opt/ros/humble/install/share/rosidl_generator_cpp/cmake)
[3.524s] -- Using all available rosidl_typesupport_c: rosidl_typesupport_fastrtps_c;rosidl_typesupport_introspection_c
[3.642s] -- Using all available rosidl_typesupport_cpp: rosidl_typesupport_fastrtps_cpp;rosidl_typesupport_introspection_cpp
[5.055s] -- Found gtest sources under '/opt/ros/humble/install/src/gtest_vendor': C++ tests using 'Google Test' will be built
[5.731s] -- Configuring done (5.0s)
[5.844s] -- Generating done (0.1s)
[5.861s] -- Build files have been written to: /root/Workspaces/rosgsthumble_ws/build/image_geometry
[5.925s] Invoked command in '/root/Workspaces/rosgsthumble_ws/build/image_geometry' returned '0': /usr/local/bin/cmake /root/Workspaces/rosgsthumble_ws/src/vision_opencv/image_geometry -Wno-dev -DAMENT_CMAKE_SYMLINK_INSTALL=1 -DCMAKE_INSTALL_PREFIX=/root/Workspaces/rosgsthumble_ws/install/image_geometry
[5.941s] Invoking command in '/root/Workspaces/rosgsthumble_ws/build/image_geometry': /usr/local/bin/cmake --build /root/Workspaces/rosgsthumble_ws/build/image_geometry -- -j4 -l4
[6.346s] [  0%] Built target ament_cmake_python_symlink_image_geometry
[6.356s] [ 22%] Built target gtest
[6.406s] [ 44%] Built target gtest_main
[6.452s] [ 77%] Built target image_geometry
[6.612s] [ 88%] [32mBuilding CXX object CMakeFiles/image_geometry-utest.dir/test/utest.cpp.o[0m
[8.370s] running egg_info
[8.377s] writing image_geometry.egg-info/PKG-INFO
[8.379s] writing dependency_links to image_geometry.egg-info/dependency_links.txt
[8.381s] writing top-level names to image_geometry.egg-info/top_level.txt
[8.389s] reading manifest file 'image_geometry.egg-info/SOURCES.txt'
[8.394s] writing manifest file 'image_geometry.egg-info/SOURCES.txt'
[8.507s] [ 88%] Built target ament_cmake_python_build_image_geometry_egg
[13.141s] [100%] [32m[1mLinking CXX executable image_geometry-utest[0m
[13.974s] [100%] Built target image_geometry-utest
